
> nextn@0.1.0 test
> vitest


[1m[44m DEV [49m[22m [34mv4.0.15 [39m[90m/home/kevin/jules-master[39m

 [31m❯[39m tests/components/job-creation-form.test.tsx [2m([22m[2m2 tests[22m[2m | [22m[31m1 failed[39m[2m)[22m[33m 2743[2mms[22m[39m
     [33m[2m✓[22m[39m should create a background job with all the required properties [33m 543[2mms[22m[39m
[31m     [31m×[31m should create a foreground job with all the required properties[39m[33m 2198[2mms[22m[39m
[90mstdout[2m | tests/lib/auto-retry-worker.test.ts[2m > [22m[2mAutoRetryWorker[2m > [22m[2mshould send a retry message to a failed session
[22m[39mAutoRetryWorker: Checking 1 sessions for auto-retry...

[90mstdout[2m | tests/lib/auto-retry-worker.test.ts[2m > [22m[2mAutoRetryWorker[2m > [22m[2mshould send a retry message to a failed session
[22m[39mAutoRetryWorker: Retrying session 1...

[90mstdout[2m | tests/lib/auto-retry-worker.test.ts[2m > [22m[2mAutoRetryWorker[2m > [22m[2mshould not send a message if the session is not failed
[22m[39mAutoRetryWorker: Checking 1 sessions for auto-retry...

[90mstdout[2m | tests/lib/auto-retry-worker.test.ts[2m > [22m[2mAutoRetryWorker[2m > [22m[2mshould not send a message if the session was updated more than 24 hours ago
[22m[39mAutoRetryWorker: Checking 1 sessions for auto-retry...

 [31m❯[39m tests/lib/auto-retry-worker.test.ts [2m([22m[2m4 tests[22m[2m | [22m[31m1 failed[39m[2m)[22m[32m 34[2mms[22m[39m
     [32m✓[39m should not run if auto-retry is disabled[32m 6[2mms[22m[39m
[31m     [31m×[31m should send a retry message to a failed session[39m[32m 18[2mms[22m[39m
     [32m✓[39m should not send a message if the session is not failed[32m 4[2mms[22m[39m
     [32m✓[39m should not send a message if the session was updated more than 24 hours ago[32m 4[2mms[22m[39m
 [31m❯[39m tests/history_prompts.test.ts [2m([22m[2m2 tests[22m[2m | [22m[31m2 failed[39m[2m)[22m[32m 10[2mms[22m[39m
[31m     [31m×[31m should save a new history prompt[39m[32m 6[2mms[22m[39m
[31m     [31m×[31m should update an existing history prompt[39m[32m 3[2mms[22m[39m
[90mstdout[2m | tests/lib/background-job-worker.test.ts[2m > [22m[2mBackgroundJobWorker - Crash Recovery[2m > [22m[2mshould resume a PROCESSING job and create remaining sessions with correct arguments
[22m[39mBackgroundJobWorker: Checking for pending jobs...

[90mstdout[2m | tests/lib/background-job-worker.test.ts[2m > [22m[2mBackgroundJobWorker - Crash Recovery[2m > [22m[2mshould resume a PROCESSING job and create remaining sessions with correct arguments
[22m[39mBackgroundJobWorker: Found 1 pending/processing jobs.

[90mstdout[2m | tests/lib/background-job-worker.test.ts[2m > [22m[2mBackgroundJobWorker - Crash Recovery[2m > [22m[2mshould resume a PROCESSING job and create remaining sessions with correct arguments
[22m[39mBackgroundJobWorker: Processing job test-job-crash-recovery (Test Recovery Job)
BackgroundJobWorker: Job test-job-crash-recovery has 2/4 sessions created.

[90mstdout[2m | tests/lib/background-job-worker.test.ts[2m > [22m[2mBackgroundJobWorker - Crash Recovery[2m > [22m[2mshould resume a PROCESSING job and create remaining sessions with correct arguments
[22m[39mBackgroundJobWorker: Job test-job-crash-recovery processed. Status: COMPLETED. Created 4/4 sessions.

[90mstdout[2m | tests/lib/background-job-worker.test.ts[2m > [22m[2mBackgroundJobWorker - Crash Recovery[2m > [22m[2mshould resume a PROCESSING job and create remaining sessions with correct arguments
[22m[39mBackgroundJobWorker: Checking for failed sessions to retry...

[90mstdout[2m | tests/lib/background-job-worker.test.ts[2m > [22m[2mBackgroundJobWorker - Crash Recovery[2m > [22m[2mshould resume a PROCESSING job and create remaining sessions with correct arguments
[22m[39mBackgroundJobWorker: Lock released.

 [32m✓[39m tests/lib/background-job-worker.test.ts [2m([22m[2m1 test[22m[2m)[22m[33m 4059[2mms[22m[39m
     [33m[2m✓[22m[39m should resume a PROCESSING job and create remaining sessions with correct arguments [33m 4056[2mms[22m[39m
[90mstderr[2m | tests/app/page.test.tsx[2m > [22m[2mHomePageContent[2m > [22m[2mshould navigate to the correct page when onJobPageChange is called
[22m[39mWarning: An update to HomePageContent inside a test was not wrapped in act(...).

When testing, code that causes React state updates should be wrapped into act(...):

act(() => {
  /* fire events that update state */
});
/* assert on the output */

This ensures that you're testing the behavior the user would see in the browser. Learn more at https://reactjs.org/link/wrap-tests-with-act
    at HomePageContent (/home/kevin/jules-master/src/app/page.tsx:51:95)
    at Suspense
    at Home

[90mstderr[2m | tests/app/page.test.tsx[2m > [22m[2mHomePageContent[2m > [22m[2mshould navigate to the correct page when onJobPageChange is called
[22m[39mWarning: An update to CheckboxProvider inside a test was not wrapped in act(...).

When testing, code that causes React state updates should be wrapped into act(...):

act(() => {
  /* fire events that update state */
});
/* assert on the output */

This ensures that you're testing the behavior the user would see in the browser. Learn more at https://reactjs.org/link/wrap-tests-with-act
    at CheckboxProvider (file:///home/kevin/jules-master/node_modules/@radix-ui/react-checkbox/dist/index.mjs:19:5)
    at file:///home/kevin/jules-master/node_modules/@radix-ui/react-checkbox/dist/index.mjs:126:7
    at /home/kevin/jules-master/src/components/ui/checkbox.tsx:11:54
    at div
    at div
    at file:///home/kevin/jules-master/node_modules/@radix-ui/react-primitive/dist/index.mjs:28:13
    at Provider (file:///home/kevin/jules-master/node_modules/@radix-ui/react-context/dist/index.mjs:27:15)
    at file:///home/kevin/jules-master/node_modules/@radix-ui/react-collapsible/dist/index.mjs:20:7
    at Provider (file:///home/kevin/jules-master/node_modules/@radix-ui/react-context/dist/index.mjs:27:15)
    at file:///home/kevin/jules-master/node_modules/@radix-ui/react-accordion/dist/index.mjs:194:13
    at /home/kevin/jules-master/src/components/ui/accordion.tsx:15:59
    at Provider (file:///home/kevin/jules-master/node_modules/@radix-ui/react-context/dist/index.mjs:27:15)
    at TooltipProvider (file:///home/kevin/jules-master/node_modules/@radix-ui/react-tooltip/dist/index.mjs:29:5)
    at div
    at file:///home/kevin/jules-master/node_modules/@radix-ui/react-primitive/dist/index.mjs:28:13
    at file:///home/kevin/jules-master/node_modules/@radix-ui/react-collection/node_modules/@radix-ui/react-slot/dist/index.mjs:33:13
    at file:///home/kevin/jules-master/node_modules/@radix-ui/react-collection/node_modules/@radix-ui/react-slot/dist/index.mjs:9:13
    at file:///home/kevin/jules-master/node_modules/@radix-ui/react-collection/dist/index.mjs:27:15
    at Provider (file:///home/kevin/jules-master/node_modules/@radix-ui/react-context/dist/index.mjs:27:15)
    at file:///home/kevin/jules-master/node_modules/@radix-ui/react-accordion/dist/index.mjs:102:13
    at Provider (file:///home/kevin/jules-master/node_modules/@radix-ui/react-context/dist/index.mjs:27:15)
    at Provider (file:///home/kevin/jules-master/node_modules/@radix-ui/react-context/dist/index.mjs:27:15)
    at file:///home/kevin/jules-master/node_modules/@radix-ui/react-accordion/dist/index.mjs:68:12
    at Provider (file:///home/kevin/jules-master/node_modules/@radix-ui/react-context/dist/index.mjs:27:15)
    at CollectionProvider (file:///home/kevin/jules-master/node_modules/@radix-ui/react-collection/dist/index.mjs:17:13)
    at file:///home/kevin/jules-master/node_modules/@radix-ui/react-accordion/dist/index.mjs:26:13
    at div
    at /home/kevin/jules-master/src/components/ui/card.tsx:53:57
    at div
    at /home/kevin/jules-master/src/components/ui/card.tsx:11:50
    at SessionList (/home/kevin/jules-master/src/components/session-list.tsx:42:3)
    at div
    at main
    at div
    at HomePageContent (/home/kevin/jules-master/src/app/page.tsx:51:95)
    at Suspense
    at Home
Warning: An update to Tooltip inside a test was not wrapped in act(...).

When testing, code that causes React state updates should be wrapped into act(...):

act(() => {
  /* fire events that update state */
});
/* assert on the output */

This ensures that you're testing the behavior the user would see in the browser. Learn more at https://reactjs.org/link/wrap-tests-with-act
    at Tooltip (file:///home/kevin/jules-master/node_modules/@radix-ui/react-tooltip/dist/index.mjs:73:5)
    at div
    at div
    at div
    at file:///home/kevin/jules-master/node_modules/@radix-ui/react-primitive/dist/index.mjs:28:13
    at Provider (file:///home/kevin/jules-master/node_modules/@radix-ui/react-context/dist/index.mjs:27:15)
    at file:///home/kevin/jules-master/node_modules/@radix-ui/react-collapsible/dist/index.mjs:20:7
    at Provider (file:///home/kevin/jules-master/node_modules/@radix-ui/react-context/dist/index.mjs:27:15)
    at file:///home/kevin/jules-master/node_modules/@radix-ui/react-accordion/dist/index.mjs:194:13
    at /home/kevin/jules-master/src/components/ui/accordion.tsx:15:59
    at Provider (file:///home/kevin/jules-master/node_modules/@radix-ui/react-context/dist/index.mjs:27:15)
    at TooltipProvider (file:///home/kevin/jules-master/node_modules/@radix-ui/react-tooltip/dist/index.mjs:29:5)
    at div
    at file:///home/kevin/jules-master/node_modules/@radix-ui/react-primitive/dist/index.mjs:28:13
    at file:///home/kevin/jules-master/node_modules/@radix-ui/react-collection/node_modules/@radix-ui/react-slot/dist/index.mjs:33:13
    at file:///home/kevin/jules-master/node_modules/@radix-ui/react-collection/node_modules/@radix-ui/react-slot/dist/index.mjs:9:13
    at file:///home/kevin/jules-master/node_modules/@radix-ui/react-collection/dist/index.mjs:27:15
    at Provider (file:///home/kevin/jules-master/node_modules/@radix-ui/react-context/dist/index.mjs:27:15)
    at file:///home/kevin/jules-master/node_modules/@radix-ui/react-accordion/dist/index.mjs:102:13
    at Provider (file:///home/kevin/jules-master/node_modules/@radix-ui/react-context/dist/index.mjs:27:15)
    at Provider (file:///home/kevin/jules-master/node_modules/@radix-ui/react-context/dist/index.mjs:27:15)
    at file:///home/kevin/jules-master/node_modules/@radix-ui/react-accordion/dist/index.mjs:68:12
    at Provider (file:///home/kevin/jules-master/node_modules/@radix-ui/react-context/dist/index.mjs:27:15)
    at CollectionProvider (file:///home/kevin/jules-master/node_modules/@radix-ui/react-collection/dist/index.mjs:17:13)
    at file:///home/kevin/jules-master/node_modules/@radix-ui/react-accordion/dist/index.mjs:26:13
    at div
    at /home/kevin/jules-master/src/components/ui/card.tsx:53:57
    at div
    at /home/kevin/jules-master/src/components/ui/card.tsx:11:50
    at SessionList (/home/kevin/jules-master/src/components/session-list.tsx:42:3)
    at div
    at main
    at div
    at HomePageContent (/home/kevin/jules-master/src/app/page.tsx:51:95)
    at Suspense
    at Home
Warning: An update to Tooltip inside a test was not wrapped in act(...).

When testing, code that causes React state updates should be wrapped into act(...):

act(() => {
  /* fire events that update state */
});
/* assert on the output */

This ensures that you're testing the behavior the user would see in the browser. Learn more at https://reactjs.org/link/wrap-tests-with-act
    at Tooltip (file:///home/kevin/jules-master/node_modules/@radix-ui/react-tooltip/dist/index.mjs:73:5)
    at div
    at div
    at div
    at file:///home/kevin/jules-master/node_modules/@radix-ui/react-primitive/dist/index.mjs:28:13
    at Provider (file:///home/kevin/jules-master/node_modules/@radix-ui/react-context/dist/index.mjs:27:15)
    at file:///home/kevin/jules-master/node_modules/@radix-ui/react-collapsible/dist/index.mjs:20:7
    at Provider (file:///home/kevin/jules-master/node_modules/@radix-ui/react-context/dist/index.mjs:27:15)
    at file:///home/kevin/jules-master/node_modules/@radix-ui/react-accordion/dist/index.mjs:194:13
    at /home/kevin/jules-master/src/components/ui/accordion.tsx:15:59
    at Provider (file:///home/kevin/jules-master/node_modules/@radix-ui/react-context/dist/index.mjs:27:15)
    at TooltipProvider (file:///home/kevin/jules-master/node_modules/@radix-ui/react-tooltip/dist/index.mjs:29:5)
    at div
    at file:///home/kevin/jules-master/node_modules/@radix-ui/react-primitive/dist/index.mjs:28:13
    at file:///home/kevin/jules-master/node_modules/@radix-ui/react-collection/node_modules/@radix-ui/react-slot/dist/index.mjs:33:13
    at file:///home/kevin/jules-master/node_modules/@radix-ui/react-collection/node_modules/@radix-ui/react-slot/dist/index.mjs:9:13
    at file:///home/kevin/jules-master/node_modules/@radix-ui/react-collection/dist/index.mjs:27:15
    at Provider (file:///home/kevin/jules-master/node_modules/@radix-ui/react-context/dist/index.mjs:27:15)
    at file:///home/kevin/jules-master/node_modules/@radix-ui/react-accordion/dist/index.mjs:102:13
    at Provider (file:///home/kevin/jules-master/node_modules/@radix-ui/react-context/dist/index.mjs:27:15)
    at Provider (file:///home/kevin/jules-master/node_modules/@radix-ui/react-context/dist/index.mjs:27:15)
    at file:///home/kevin/jules-master/node_modules/@radix-ui/react-accordion/dist/index.mjs:68:12
    at Provider (file:///home/kevin/jules-master/node_modules/@radix-ui/react-context/dist/index.mjs:27:15)
    at CollectionProvider (file:///home/kevin/jules-master/node_modules/@radix-ui/react-collection/dist/index.mjs:17:13)
    at file:///home/kevin/jules-master/node_modules/@radix-ui/react-accordion/dist/index.mjs:26:13
    at div
    at /home/kevin/jules-master/src/components/ui/card.tsx:53:57
    at div
    at /home/kevin/jules-master/src/components/ui/card.tsx:11:50
    at SessionList (/home/kevin/jules-master/src/components/session-list.tsx:42:3)
    at div
    at main
    at div
    at HomePageContent (/home/kevin/jules-master/src/app/page.tsx:51:95)
    at Suspense
    at Home
Warning: An update to Tooltip inside a test was not wrapped in act(...).

When testing, code that causes React state updates should be wrapped into act(...):

act(() => {
  /* fire events that update state */
});
/* assert on the output */

This ensures that you're testing the behavior the user would see in the browser. Learn more at https://reactjs.org/link/wrap-tests-with-act
    at Tooltip (file:///home/kevin/jules-master/node_modules/@radix-ui/react-tooltip/dist/index.mjs:73:5)
    at div
    at div
    at div
    at file:///home/kevin/jules-master/node_modules/@radix-ui/react-primitive/dist/index.mjs:28:13
    at Provider (file:///home/kevin/jules-master/node_modules/@radix-ui/react-context/dist/index.mjs:27:15)
    at file:///home/kevin/jules-master/node_modules/@radix-ui/react-collapsible/dist/index.mjs:20:7
    at Provider (file:///home/kevin/jules-master/node_modules/@radix-ui/react-context/dist/index.mjs:27:15)
    at file:///home/kevin/jules-master/node_modules/@radix-ui/react-accordion/dist/index.mjs:194:13
    at /home/kevin/jules-master/src/components/ui/accordion.tsx:15:59
    at Provider (file:///home/kevin/jules-master/node_modules/@radix-ui/react-context/dist/index.mjs:27:15)
    at TooltipProvider (file:///home/kevin/jules-master/node_modules/@radix-ui/react-tooltip/dist/index.mjs:29:5)
    at div
    at file:///home/kevin/jules-master/node_modules/@radix-ui/react-primitive/dist/index.mjs:28:13
    at file:///home/kevin/jules-master/node_modules/@radix-ui/react-collection/node_modules/@radix-ui/react-slot/dist/index.mjs:33:13
    at file:///home/kevin/jules-master/node_modules/@radix-ui/react-collection/node_modules/@radix-ui/react-slot/dist/index.mjs:9:13
    at file:///home/kevin/jules-master/node_modules/@radix-ui/react-collection/dist/index.mjs:27:15
    at Provider (file:///home/kevin/jules-master/node_modules/@radix-ui/react-context/dist/index.mjs:27:15)
    at file:///home/kevin/jules-master/node_modules/@radix-ui/react-accordion/dist/index.mjs:102:13
    at Provider (file:///home/kevin/jules-master/node_modules/@radix-ui/react-context/dist/index.mjs:27:15)
    at Provider (file:///home/kevin/jules-master/node_modules/@radix-ui/react-context/dist/index.mjs:27:15)
    at file:///home/kevin/jules-master/node_modules/@radix-ui/react-accordion/dist/index.mjs:68:12
    at Provider (file:///home/kevin/jules-master/node_modules/@radix-ui/react-context/dist/index.mjs:27:15)
    at CollectionProvider (file:///home/kevin/jules-master/node_modules/@radix-ui/react-collection/dist/index.mjs:17:13)
    at file:///home/kevin/jules-master/node_modules/@radix-ui/react-accordion/dist/index.mjs:26:13
    at div
    at /home/kevin/jules-master/src/components/ui/card.tsx:53:57
    at div
    at /home/kevin/jules-master/src/components/ui/card.tsx:11:50
    at SessionList (/home/kevin/jules-master/src/components/session-list.tsx:42:3)
    at div
    at main
    at div
    at HomePageContent (/home/kevin/jules-master/src/app/page.tsx:51:95)
    at Suspense
    at Home
Warning: An update to Tooltip inside a test was not wrapped in act(...).

When testing, code that causes React state updates should be wrapped into act(...):

act(() => {
  /* fire events that update state */
});
/* assert on the output */

This ensures that you're testing the behavior the user would see in the browser. Learn more at https://reactjs.org/link/wrap-tests-with-act
    at Tooltip (file:///home/kevin/jules-master/node_modules/@radix-ui/react-tooltip/dist/index.mjs:73:5)
    at Provider (file:///home/kevin/jules-master/node_modules/@radix-ui/react-context/dist/index.mjs:27:15)
    at Dialog (file:///home/kevin/jules-master/node_modules/@radix-ui/react-dialog/dist/index.mjs:25:5)
    at MessageDialog (/home/kevin/jules-master/src/components/message-dialog.tsx:28:3)
    at div
    at div
    at div
    at file:///home/kevin/jules-master/node_modules/@radix-ui/react-primitive/dist/index.mjs:28:13
    at Provider (file:///home/kevin/jules-master/node_modules/@radix-ui/react-context/dist/index.mjs:27:15)
    at file:///home/kevin/jules-master/node_modules/@radix-ui/react-collapsible/dist/index.mjs:20:7
    at Provider (file:///home/kevin/jules-master/node_modules/@radix-ui/react-context/dist/index.mjs:27:15)
    at file:///home/kevin/jules-master/node_modules/@radix-ui/react-accordion/dist/index.mjs:194:13
    at /home/kevin/jules-master/src/components/ui/accordion.tsx:15:59
    at Provider (file:///home/kevin/jules-master/node_modules/@radix-ui/react-context/dist/index.mjs:27:15)
    at TooltipProvider (file:///home/kevin/jules-master/node_modules/@radix-ui/react-tooltip/dist/index.mjs:29:5)
    at div
    at file:///home/kevin/jules-master/node_modules/@radix-ui/react-primitive/dist/index.mjs:28:13
    at file:///home/kevin/jules-master/node_modules/@radix-ui/react-collection/node_modules/@radix-ui/react-slot/dist/index.mjs:33:13
    at file:///home/kevin/jules-master/node_modules/@radix-ui/react-collection/node_modules/@radix-ui/react-slot/dist/index.mjs:9:13
    at file:///home/kevin/jules-master/node_modules/@radix-ui/react-collection/dist/index.mjs:27:15
    at Provider (file:///home/kevin/jules-master/node_modules/@radix-ui/react-context/dist/index.mjs:27:15)
    at file:///home/kevin/jules-master/node_modules/@radix-ui/react-accordion/dist/index.mjs:102:13
    at Provider (file:///home/kevin/jules-master/node_modules/@radix-ui/react-context/dist/index.mjs:27:15)
    at Provider (file:///home/kevin/jules-master/node_modules/@radix-ui/react-context/dist/index.mjs:27:15)
    at file:///home/kevin/jules-master/node_modules/@radix-ui/react-accordion/dist/index.mjs:68:12
    at Provider (file:///home/kevin/jules-master/node_modules/@radix-ui/react-context/dist/index.mjs:27:15)
    at CollectionProvider (file:///home/kevin/jules-master/node_modules/@radix-ui/react-collection/dist/index.mjs:17:13)
    at file:///home/kevin/jules-master/node_modules/@radix-ui/react-accordion/dist/index.mjs:26:13
    at div
    at /home/kevin/jules-master/src/components/ui/card.tsx:53:57
    at div
    at /home/kevin/jules-master/src/components/ui/card.tsx:11:50
    at SessionList (/home/kevin/jules-master/src/components/session-list.tsx:42:3)
    at div
    at main
    at div
    at HomePageContent (/home/kevin/jules-master/src/app/page.tsx:51:95)
    at Suspense
    at Home
Warning: An update to Tooltip inside a test was not wrapped in act(...).

When testing, code that causes React state updates should be wrapped into act(...):

act(() => {
  /* fire events that update state */
});
/* assert on the output */

This ensures that you're testing the behavior the user would see in the browser. Learn more at https://reactjs.org/link/wrap-tests-with-act
    at Tooltip (file:///home/kevin/jules-master/node_modules/@radix-ui/react-tooltip/dist/index.mjs:73:5)
    at Provider (file:///home/kevin/jules-master/node_modules/@radix-ui/react-context/dist/index.mjs:27:15)
    at Provider (file:///home/kevin/jules-master/node_modules/@radix-ui/react-context/dist/index.mjs:27:15)
    at Popper (file:///home/kevin/jules-master/node_modules/@radix-ui/react-popper/dist/index.mjs:30:11)
    at Popover (file:///home/kevin/jules-master/node_modules/@radix-ui/react-popover/dist/index.mjs:30:5)
    at div
    at div
    at div
    at file:///home/kevin/jules-master/node_modules/@radix-ui/react-primitive/dist/index.mjs:28:13
    at Provider (file:///home/kevin/jules-master/node_modules/@radix-ui/react-context/dist/index.mjs:27:15)
    at file:///home/kevin/jules-master/node_modules/@radix-ui/react-collapsible/dist/index.mjs:20:7
    at Provider (file:///home/kevin/jules-master/node_modules/@radix-ui/react-context/dist/index.mjs:27:15)
    at file:///home/kevin/jules-master/node_modules/@radix-ui/react-accordion/dist/index.mjs:194:13
    at /home/kevin/jules-master/src/components/ui/accordion.tsx:15:59
    at Provider (file:///home/kevin/jules-master/node_modules/@radix-ui/react-context/dist/index.mjs:27:15)
    at TooltipProvider (file:///home/kevin/jules-master/node_modules/@radix-ui/react-tooltip/dist/index.mjs:29:5)
    at div
    at file:///home/kevin/jules-master/node_modules/@radix-ui/react-primitive/dist/index.mjs:28:13
    at file:///home/kevin/jules-master/node_modules/@radix-ui/react-collection/node_modules/@radix-ui/react-slot/dist/index.mjs:33:13
    at file:///home/kevin/jules-master/node_modules/@radix-ui/react-collection/node_modules/@radix-ui/react-slot/dist/index.mjs:9:13
    at file:///home/kevin/jules-master/node_modules/@radix-ui/react-collection/dist/index.mjs:27:15
    at Provider (file:///home/kevin/jules-master/node_modules/@radix-ui/react-context/dist/index.mjs:27:15)
    at file:///home/kevin/jules-master/node_modules/@radix-ui/react-accordion/dist/index.mjs:102:13
    at Provider (file:///home/kevin/jules-master/node_modules/@radix-ui/react-context/dist/index.mjs:27:15)
    at Provider (file:///home/kevin/jules-master/node_modules/@radix-ui/react-context/dist/index.mjs:27:15)
    at file:///home/kevin/jules-master/node_modules/@radix-ui/react-accordion/dist/index.mjs:68:12
    at Provider (file:///home/kevin/jules-master/node_modules/@radix-ui/react-context/dist/index.mjs:27:15)
    at CollectionProvider (file:///home/kevin/jules-master/node_modules/@radix-ui/react-collection/dist/index.mjs:17:13)
    at file:///home/kevin/jules-master/node_modules/@radix-ui/react-accordion/dist/index.mjs:26:13
    at div
    at /home/kevin/jules-master/src/components/ui/card.tsx:53:57
    at div
    at /home/kevin/jules-master/src/components/ui/card.tsx:11:50
    at SessionList (/home/kevin/jules-master/src/components/session-list.tsx:42:3)
    at div
    at main
    at div
    at HomePageContent (/home/kevin/jules-master/src/app/page.tsx:51:95)
    at Suspense
    at Home
Warning: An update to Presence inside a test was not wrapped in act(...).

When testing, code that causes React state updates should be wrapped into act(...):

act(() => {
  /* fire events that update state */
});
/* assert on the output */

This ensures that you're testing the behavior the user would see in the browser. Learn more at https://reactjs.org/link/wrap-tests-with-act
    at Presence (file:///home/kevin/jules-master/node_modules/@radix-ui/react-presence/dist/index.mjs:19:11)
    at file:///home/kevin/jules-master/node_modules/@radix-ui/react-collapsible/dist/index.mjs:80:13
    at file:///home/kevin/jules-master/node_modules/@radix-ui/react-accordion/dist/index.mjs:276:13
    at /home/kevin/jules-master/src/components/ui/accordion.tsx:38:62
    at div
    at file:///home/kevin/jules-master/node_modules/@radix-ui/react-primitive/dist/index.mjs:28:13
    at Provider (file:///home/kevin/jules-master/node_modules/@radix-ui/react-context/dist/index.mjs:27:15)
    at file:///home/kevin/jules-master/node_modules/@radix-ui/react-collapsible/dist/index.mjs:20:7
    at Provider (file:///home/kevin/jules-master/node_modules/@radix-ui/react-context/dist/index.mjs:27:15)
    at file:///home/kevin/jules-master/node_modules/@radix-ui/react-accordion/dist/index.mjs:194:13
    at /home/kevin/jules-master/src/components/ui/accordion.tsx:15:59
    at Provider (file:///home/kevin/jules-master/node_modules/@radix-ui/react-context/dist/index.mjs:27:15)
    at TooltipProvider (file:///home/kevin/jules-master/node_modules/@radix-ui/react-tooltip/dist/index.mjs:29:5)
    at div
    at file:///home/kevin/jules-master/node_modules/@radix-ui/react-primitive/dist/index.mjs:28:13
    at file:///home/kevin/jules-master/node_modules/@radix-ui/react-collection/node_modules/@radix-ui/react-slot/dist/index.mjs:33:13
    at file:///home/kevin/jules-master/node_modules/@radix-ui/react-collection/node_modules/@radix-ui/react-slot/dist/index.mjs:9:13
    at file:///home/kevin/jules-master/node_modules/@radix-ui/react-collection/dist/index.mjs:27:15
    at Provider (file:///home/kevin/jules-master/node_modules/@radix-ui/react-context/dist/index.mjs:27:15)
    at file:///home/kevin/jules-master/node_modules/@radix-ui/react-accordion/dist/index.mjs:102:13
    at Provider (file:///home/kevin/jules-master/node_modules/@radix-ui/react-context/dist/index.mjs:27:15)
    at Provider (file:///home/kevin/jules-master/node_modules/@radix-ui/react-context/dist/index.mjs:27:15)
    at file:///home/kevin/jules-master/node_modules/@radix-ui/react-accordion/dist/index.mjs:68:12
    at Provider (file:///home/kevin/jules-master/node_modules/@radix-ui/react-context/dist/index.mjs:27:15)
    at CollectionProvider (file:///home/kevin/jules-master/node_modules/@radix-ui/react-collection/dist/index.mjs:17:13)
    at file:///home/kevin/jules-master/node_modules/@radix-ui/react-accordion/dist/index.mjs:26:13
    at div
    at /home/kevin/jules-master/src/components/ui/card.tsx:53:57
    at div
    at /home/kevin/jules-master/src/components/ui/card.tsx:11:50
    at SessionList (/home/kevin/jules-master/src/components/session-list.tsx:42:3)
    at div
    at main
    at div
    at HomePageContent (/home/kevin/jules-master/src/app/page.tsx:51:95)
    at Suspense
    at Home
Warning: An update to Presence inside a test was not wrapped in act(...).

When testing, code that causes React state updates should be wrapped into act(...):

act(() => {
  /* fire events that update state */
});
/* assert on the output */

This ensures that you're testing the behavior the user would see in the browser. Learn more at https://reactjs.org/link/wrap-tests-with-act
    at Presence (file:///home/kevin/jules-master/node_modules/@radix-ui/react-presence/dist/index.mjs:19:11)
    at file:///home/kevin/jules-master/node_modules/@radix-ui/react-checkbox/dist/index.mjs:173:13
    at button
    at file:///home/kevin/jules-master/node_modules/@radix-ui/react-primitive/dist/index.mjs:28:13
    at file:///home/kevin/jules-master/node_modules/@radix-ui/react-checkbox/dist/index.mjs:72:6
    at Provider (file:///home/kevin/jules-master/node_modules/@radix-ui/react-context/dist/index.mjs:27:15)
    at CheckboxProvider (file:///home/kevin/jules-master/node_modules/@radix-ui/react-checkbox/dist/index.mjs:19:5)
    at file:///home/kevin/jules-master/node_modules/@radix-ui/react-checkbox/dist/index.mjs:126:7
    at /home/kevin/jules-master/src/components/ui/checkbox.tsx:11:54
    at div
    at div
    at file:///home/kevin/jules-master/node_modules/@radix-ui/react-primitive/dist/index.mjs:28:13
    at Provider (file:///home/kevin/jules-master/node_modules/@radix-ui/react-context/dist/index.mjs:27:15)
    at file:///home/kevin/jules-master/node_modules/@radix-ui/react-collapsible/dist/index.mjs:20:7
    at Provider (file:///home/kevin/jules-master/node_modules/@radix-ui/react-context/dist/index.mjs:27:15)
    at file:///home/kevin/jules-master/node_modules/@radix-ui/react-accordion/dist/index.mjs:194:13
    at /home/kevin/jules-master/src/components/ui/accordion.tsx:15:59
    at Provider (file:///home/kevin/jules-master/node_modules/@radix-ui/react-context/dist/index.mjs:27:15)
    at TooltipProvider (file:///home/kevin/jules-master/node_modules/@radix-ui/react-tooltip/dist/index.mjs:29:5)
    at div
    at file:///home/kevin/jules-master/node_modules/@radix-ui/react-primitive/dist/index.mjs:28:13
    at file:///home/kevin/jules-master/node_modules/@radix-ui/react-collection/node_modules/@radix-ui/react-slot/dist/index.mjs:33:13
    at file:///home/kevin/jules-master/node_modules/@radix-ui/react-collection/node_modules/@radix-ui/react-slot/dist/index.mjs:9:13
    at file:///home/kevin/jules-master/node_modules/@radix-ui/react-collection/dist/index.mjs:27:15
    at Provider (file:///home/kevin/jules-master/node_modules/@radix-ui/react-context/dist/index.mjs:27:15)
    at file:///home/kevin/jules-master/node_modules/@radix-ui/react-accordion/dist/index.mjs:102:13
    at Provider (file:///home/kevin/jules-master/node_modules/@radix-ui/react-context/dist/index.mjs:27:15)
    at Provider (file:///home/kevin/jules-master/node_modules/@radix-ui/react-context/dist/index.mjs:27:15)
    at file:///home/kevin/jules-master/node_modules/@radix-ui/react-accordion/dist/index.mjs:68:12
    at Provider (file:///home/kevin/jules-master/node_modules/@radix-ui/react-context/dist/index.mjs:27:15)
    at CollectionProvider (file:///home/kevin/jules-master/node_modules/@radix-ui/react-collection/dist/index.mjs:17:13)
    at file:///home/kevin/jules-master/node_modules/@radix-ui/react-accordion/dist/index.mjs:26:13
    at div
    at /home/kevin/jules-master/src/components/ui/card.tsx:53:57
    at div
    at /home/kevin/jules-master/src/components/ui/card.tsx:11:50
    at SessionList (/home/kevin/jules-master/src/components/session-list.tsx:42:3)
    at div
    at main
    at div
    at HomePageContent (/home/kevin/jules-master/src/app/page.tsx:51:95)
    at Suspense
    at Home
Warning: An update to CheckboxProvider inside a test was not wrapped in act(...).

When testing, code that causes React state updates should be wrapped into act(...):

act(() => {
  /* fire events that update state */
});
/* assert on the output */

This ensures that you're testing the behavior the user would see in the browser. Learn more at https://reactjs.org/link/wrap-tests-with-act
    at CheckboxProvider (file:///home/kevin/jules-master/node_modules/@radix-ui/react-checkbox/dist/index.mjs:19:5)
    at file:///home/kevin/jules-master/node_modules/@radix-ui/react-checkbox/dist/index.mjs:126:7
    at /home/kevin/jules-master/src/components/ui/checkbox.tsx:11:54
    at div
    at div
    at file:///home/kevin/jules-master/node_modules/@radix-ui/react-primitive/dist/index.mjs:28:13
    at Provider (file:///home/kevin/jules-master/node_modules/@radix-ui/react-context/dist/index.mjs:27:15)
    at file:///home/kevin/jules-master/node_modules/@radix-ui/react-collapsible/dist/index.mjs:20:7
    at Provider (file:///home/kevin/jules-master/node_modules/@radix-ui/react-context/dist/index.mjs:27:15)
    at file:///home/kevin/jules-master/node_modules/@radix-ui/react-accordion/dist/index.mjs:194:13
    at /home/kevin/jules-master/src/components/ui/accordion.tsx:15:59
    at Provider (file:///home/kevin/jules-master/node_modules/@radix-ui/react-context/dist/index.mjs:27:15)
    at TooltipProvider (file:///home/kevin/jules-master/node_modules/@radix-ui/react-tooltip/dist/index.mjs:29:5)
    at div
    at file:///home/kevin/jules-master/node_modules/@radix-ui/react-primitive/dist/index.mjs:28:13
    at file:///home/kevin/jules-master/node_modules/@radix-ui/react-collection/node_modules/@radix-ui/react-slot/dist/index.mjs:33:13
    at file:///home/kevin/jules-master/node_modules/@radix-ui/react-collection/node_modules/@radix-ui/react-slot/dist/index.mjs:9:13
    at file:///home/kevin/jules-master/node_modules/@radix-ui/react-collection/dist/index.mjs:27:15
    at Provider (file:///home/kevin/jules-master/node_modules/@radix-ui/react-context/dist/index.mjs:27:15)
    at file:///home/kevin/jules-master/node_modules/@radix-ui/react-accordion/dist/index.mjs:102:13
    at Provider (file:///home/kevin/jules-master/node_modules/@radix-ui/react-context/dist/index.mjs:27:15)
    at Provider (file:///home/kevin/jules-master/node_modules/@radix-ui/react-context/dist/index.mjs:27:15)
    at file:///home/kevin/jules-master/node_modules/@radix-ui/react-accordion/dist/index.mjs:68:12
    at Provider (file:///home/kevin/jules-master/node_modules/@radix-ui/react-context/dist/index.mjs:27:15)
    at CollectionProvider (file:///home/kevin/jules-master/node_modules/@radix-ui/react-collection/dist/index.mjs:17:13)
    at file:///home/kevin/jules-master/node_modules/@radix-ui/react-accordion/dist/index.mjs:26:13
    at div
    at /home/kevin/jules-master/src/components/ui/card.tsx:53:57
    at div
    at /home/kevin/jules-master/src/components/ui/card.tsx:11:50
    at SessionList (/home/kevin/jules-master/src/components/session-list.tsx:42:3)
    at div
    at main
    at div
    at HomePageContent (/home/kevin/jules-master/src/app/page.tsx:51:95)
    at Suspense
    at Home
Warning: An update to CheckboxProvider inside a test was not wrapped in act(...).

When testing, code that causes React state updates should be wrapped into act(...):

act(() => {
  /* fire events that update state */
});
/* assert on the output */

This ensures that you're testing the behavior the user would see in the browser. Learn more at https://reactjs.org/link/wrap-tests-with-act
    at CheckboxProvider (file:///home/kevin/jules-master/node_modules/@radix-ui/react-checkbox/dist/index.mjs:19:5)
    at file:///home/kevin/jules-master/node_modules/@radix-ui/react-checkbox/dist/index.mjs:126:7
    at /home/kevin/jules-master/src/components/ui/checkbox.tsx:11:54
    at div
    at div
    at file:///home/kevin/jules-master/node_modules/@radix-ui/react-primitive/dist/index.mjs:28:13
    at Provider (file:///home/kevin/jules-master/node_modules/@radix-ui/react-context/dist/index.mjs:27:15)
    at file:///home/kevin/jules-master/node_modules/@radix-ui/react-collapsible/dist/index.mjs:20:7
    at Provider (file:///home/kevin/jules-master/node_modules/@radix-ui/react-context/dist/index.mjs:27:15)
    at file:///home/kevin/jules-master/node_modules/@radix-ui/react-accordion/dist/index.mjs:194:13
    at /home/kevin/jules-master/src/components/ui/accordion.tsx:15:59
    at Provider (file:///home/kevin/jules-master/node_modules/@radix-ui/react-context/dist/index.mjs:27:15)
    at TooltipProvider (file:///home/kevin/jules-master/node_modules/@radix-ui/react-tooltip/dist/index.mjs:29:5)
    at div
    at file:///home/kevin/jules-master/node_modules/@radix-ui/react-primitive/dist/index.mjs:28:13
    at file:///home/kevin/jules-master/node_modules/@radix-ui/react-collection/node_modules/@radix-ui/react-slot/dist/index.mjs:33:13
    at file:///home/kevin/jules-master/node_modules/@radix-ui/react-collection/node_modules/@radix-ui/react-slot/dist/index.mjs:9:13
    at file:///home/kevin/jules-master/node_modules/@radix-ui/react-collection/dist/index.mjs:27:15
    at Provider (file:///home/kevin/jules-master/node_modules/@radix-ui/react-context/dist/index.mjs:27:15)
    at file:///home/kevin/jules-master/node_modules/@radix-ui/react-accordion/dist/index.mjs:102:13
    at Provider (file:///home/kevin/jules-master/node_modules/@radix-ui/react-context/dist/index.mjs:27:15)
    at Provider (file:///home/kevin/jules-master/node_modules/@radix-ui/react-context/dist/index.mjs:27:15)
    at file:///home/kevin/jules-master/node_modules/@radix-ui/react-accordion/dist/index.mjs:68:12
    at Provider (file:///home/kevin/jules-master/node_modules/@radix-ui/react-context/dist/index.mjs:27:15)
    at CollectionProvider (file:///home/kevin/jules-master/node_modules/@radix-ui/react-collection/dist/index.mjs:17:13)
    at file:///home/kevin/jules-master/node_modules/@radix-ui/react-accordion/dist/index.mjs:26:13
    at div
    at /home/kevin/jules-master/src/components/ui/card.tsx:53:57
    at div
    at /home/kevin/jules-master/src/components/ui/card.tsx:11:50
    at SessionList (/home/kevin/jules-master/src/components/session-list.tsx:42:3)
    at div
    at main
    at div
    at HomePageContent (/home/kevin/jules-master/src/app/page.tsx:51:95)
    at Suspense
    at Home
Warning: An update to Tooltip inside a test was not wrapped in act(...).

When testing, code that causes React state updates should be wrapped into act(...):

act(() => {
  /* fire events that update state */
});
/* assert on the output */

This ensures that you're testing the behavior the user would see in the browser. Learn more at https://reactjs.org/link/wrap-tests-with-act
    at Tooltip (file:///home/kevin/jules-master/node_modules/@radix-ui/react-tooltip/dist/index.mjs:73:5)
    at div
    at div
    at div
    at file:///home/kevin/jules-master/node_modules/@radix-ui/react-primitive/dist/index.mjs:28:13
    at Provider (file:///home/kevin/jules-master/node_modules/@radix-ui/react-context/dist/index.mjs:27:15)
    at file:///home/kevin/jules-master/node_modules/@radix-ui/react-collapsible/dist/index.mjs:20:7
    at Provider (file:///home/kevin/jules-master/node_modules/@radix-ui/react-context/dist/index.mjs:27:15)
    at file:///home/kevin/jules-master/node_modules/@radix-ui/react-accordion/dist/index.mjs:194:13
    at /home/kevin/jules-master/src/components/ui/accordion.tsx:15:59
    at Provider (file:///home/kevin/jules-master/node_modules/@radix-ui/react-context/dist/index.mjs:27:15)
    at TooltipProvider (file:///home/kevin/jules-master/node_modules/@radix-ui/react-tooltip/dist/index.mjs:29:5)
    at div
    at file:///home/kevin/jules-master/node_modules/@radix-ui/react-primitive/dist/index.mjs:28:13
    at file:///home/kevin/jules-master/node_modules/@radix-ui/react-collection/node_modules/@radix-ui/react-slot/dist/index.mjs:33:13
    at file:///home/kevin/jules-master/node_modules/@radix-ui/react-collection/node_modules/@radix-ui/react-slot/dist/index.mjs:9:13
    at file:///home/kevin/jules-master/node_modules/@radix-ui/react-collection/dist/index.mjs:27:15
    at Provider (file:///home/kevin/jules-master/node_modules/@radix-ui/react-context/dist/index.mjs:27:15)
    at file:///home/kevin/jules-master/node_modules/@radix-ui/react-accordion/dist/index.mjs:102:13
    at Provider (file:///home/kevin/jules-master/node_modules/@radix-ui/react-context/dist/index.mjs:27:15)
    at Provider (file:///home/kevin/jules-master/node_modules/@radix-ui/react-context/dist/index.mjs:27:15)
    at file:///home/kevin/jules-master/node_modules/@radix-ui/react-accordion/dist/index.mjs:68:12
    at Provider (file:///home/kevin/jules-master/node_modules/@radix-ui/react-context/dist/index.mjs:27:15)
    at CollectionProvider (file:///home/kevin/jules-master/node_modules/@radix-ui/react-collection/dist/index.mjs:17:13)
    at file:///home/kevin/jules-master/node_modules/@radix-ui/react-accordion/dist/index.mjs:26:13
    at div
    at /home/kevin/jules-master/src/components/ui/card.tsx:53:57
    at div
    at /home/kevin/jules-master/src/components/ui/card.tsx:11:50
    at SessionList (/home/kevin/jules-master/src/components/session-list.tsx:42:3)
    at div
    at main
    at div
    at HomePageContent (/home/kevin/jules-master/src/app/page.tsx:51:95)
    at Suspense
    at Home
Warning: An update to Presence inside a test was not wrapped in act(...).

When testing, code that causes React state updates should be wrapped into act(...):

act(() => {
  /* fire events that update state */
});
/* assert on the output */

This ensures that you're testing the behavior the user would see in the browser. Learn more at https://reactjs.org/link/wrap-tests-with-act
    at Presence (file:///home/kevin/jules-master/node_modules/@radix-ui/react-presence/dist/index.mjs:19:11)
    at file:///home/kevin/jules-master/node_modules/@radix-ui/react-tooltip/dist/index.mjs:225:64
    at /home/kevin/jules-master/src/components/ui/tooltip.tsx:15:60
    at Provider (file:///home/kevin/jules-master/node_modules/@radix-ui/react-context/dist/index.mjs:27:15)
    at Provider (file:///home/kevin/jules-master/node_modules/@radix-ui/react-context/dist/index.mjs:27:15)
    at Popper (file:///home/kevin/jules-master/node_modules/@radix-ui/react-popper/dist/index.mjs:30:11)
    at Tooltip (file:///home/kevin/jules-master/node_modules/@radix-ui/react-tooltip/dist/index.mjs:73:5)
    at div
    at div
    at div
    at file:///home/kevin/jules-master/node_modules/@radix-ui/react-primitive/dist/index.mjs:28:13
    at Provider (file:///home/kevin/jules-master/node_modules/@radix-ui/react-context/dist/index.mjs:27:15)
    at file:///home/kevin/jules-master/node_modules/@radix-ui/react-collapsible/dist/index.mjs:20:7
    at Provider (file:///home/kevin/jules-master/node_modules/@radix-ui/react-context/dist/index.mjs:27:15)
    at file:///home/kevin/jules-master/node_modules/@radix-ui/react-accordion/dist/index.mjs:194:13
    at /home/kevin/jules-master/src/components/ui/accordion.tsx:15:59
    at Provider (file:///home/kevin/jules-master/node_modules/@radix-ui/react-context/dist/index.mjs:27:15)
    at TooltipProvider (file:///home/kevin/jules-master/node_modules/@radix-ui/react-tooltip/dist/index.mjs:29:5)
    at div
    at file:///home/kevin/jules-master/node_modules/@radix-ui/react-primitive/dist/index.mjs:28:13
    at file:///home/kevin/jules-master/node_modules/@radix-ui/react-collection/node_modules/@radix-ui/react-slot/dist/index.mjs:33:13
    at file:///home/kevin/jules-master/node_modules/@radix-ui/react-collection/node_modules/@radix-ui/react-slot/dist/index.mjs:9:13
    at file:///home/kevin/jules-master/node_modules/@radix-ui/react-collection/dist/index.mjs:27:15
    at Provider (file:///home/kevin/jules-master/node_modules/@radix-ui/react-context/dist/index.mjs:27:15)
    at file:///home/kevin/jules-master/node_modules/@radix-ui/react-accordion/dist/index.mjs:102:13
    at Provider (file:///home/kevin/jules-master/node_modules/@radix-ui/react-context/dist/index.mjs:27:15)
    at Provider (file:///home/kevin/jules-master/node_modules/@radix-ui/react-context/dist/index.mjs:27:15)
    at file:///home/kevin/jules-master/node_modules/@radix-ui/react-accordion/dist/index.mjs:68:12
    at Provider (file:///home/kevin/jules-master/node_modules/@radix-ui/react-context/dist/index.mjs:27:15)
    at CollectionProvider (file:///home/kevin/jules-master/node_modules/@radix-ui/react-collection/dist/index.mjs:17:13)
    at file:///home/kevin/jules-master/node_modules/@radix-ui/react-accordion/dist/index.mjs:26:13
    at div
    at /home/kevin/jules-master/src/components/ui/card.tsx:53:57
    at div
    at /home/kevin/jules-master/src/components/ui/card.tsx:11:50
    at SessionList (/home/kevin/jules-master/src/components/session-list.tsx:42:3)
    at div
    at main
    at div
    at HomePageContent (/home/kevin/jules-master/src/app/page.tsx:51:95)
    at Suspense
    at Home
Warning: An update to Tooltip inside a test was not wrapped in act(...).

When testing, code that causes React state updates should be wrapped into act(...):

act(() => {
  /* fire events that update state */
});
/* assert on the output */

This ensures that you're testing the behavior the user would see in the browser. Learn more at https://reactjs.org/link/wrap-tests-with-act
    at Tooltip (file:///home/kevin/jules-master/node_modules/@radix-ui/react-tooltip/dist/index.mjs:73:5)
    at div
    at div
    at div
    at file:///home/kevin/jules-master/node_modules/@radix-ui/react-primitive/dist/index.mjs:28:13
    at Provider (file:///home/kevin/jules-master/node_modules/@radix-ui/react-context/dist/index.mjs:27:15)
    at file:///home/kevin/jules-master/node_modules/@radix-ui/react-collapsible/dist/index.mjs:20:7
    at Provider (file:///home/kevin/jules-master/node_modules/@radix-ui/react-context/dist/index.mjs:27:15)
    at file:///home/kevin/jules-master/node_modules/@radix-ui/react-accordion/dist/index.mjs:194:13
    at /home/kevin/jules-master/src/components/ui/accordion.tsx:15:59
    at Provider (file:///home/kevin/jules-master/node_modules/@radix-ui/react-context/dist/index.mjs:27:15)
    at TooltipProvider (file:///home/kevin/jules-master/node_modules/@radix-ui/react-tooltip/dist/index.mjs:29:5)
    at div
    at file:///home/kevin/jules-master/node_modules/@radix-ui/react-primitive/dist/index.mjs:28:13
    at file:///home/kevin/jules-master/node_modules/@radix-ui/react-collection/node_modules/@radix-ui/react-slot/dist/index.mjs:33:13
    at file:///home/kevin/jules-master/node_modules/@radix-ui/react-collection/node_modules/@radix-ui/react-slot/dist/index.mjs:9:13
    at file:///home/kevin/jules-master/node_modules/@radix-ui/react-collection/dist/index.mjs:27:15
    at Provider (file:///home/kevin/jules-master/node_modules/@radix-ui/react-context/dist/index.mjs:27:15)
    at file:///home/kevin/jules-master/node_modules/@radix-ui/react-accordion/dist/index.mjs:102:13
    at Provider (file:///home/kevin/jules-master/node_modules/@radix-ui/react-context/dist/index.mjs:27:15)
    at Provider (file:///home/kevin/jules-master/node_modules/@radix-ui/react-context/dist/index.mjs:27:15)
    at file:///home/kevin/jules-master/node_modules/@radix-ui/react-accordion/dist/index.mjs:68:12
    at Provider (file:///home/kevin/jules-master/node_modules/@radix-ui/react-context/dist/index.mjs:27:15)
    at CollectionProvider (file:///home/kevin/jules-master/node_modules/@radix-ui/react-collection/dist/index.mjs:17:13)
    at file:///home/kevin/jules-master/node_modules/@radix-ui/react-accordion/dist/index.mjs:26:13
    at div
    at /home/kevin/jules-master/src/components/ui/card.tsx:53:57
    at div
    at /home/kevin/jules-master/src/components/ui/card.tsx:11:50
    at SessionList (/home/kevin/jules-master/src/components/session-list.tsx:42:3)
    at div
    at main
    at div
    at HomePageContent (/home/kevin/jules-master/src/app/page.tsx:51:95)
    at Suspense
    at Home
Warning: An update to Tooltip inside a test was not wrapped in act(...).

When testing, code that causes React state updates should be wrapped into act(...):

act(() => {
  /* fire events that update state */
});
/* assert on the output */

This ensures that you're testing the behavior the user would see in the browser. Learn more at https://reactjs.org/link/wrap-tests-with-act
    at Tooltip (file:///home/kevin/jules-master/node_modules/@radix-ui/react-tooltip/dist/index.mjs:73:5)
    at div
    at div
    at div
    at file:///home/kevin/jules-master/node_modules/@radix-ui/react-primitive/dist/index.mjs:28:13
    at Provider (file:///home/kevin/jules-master/node_modules/@radix-ui/react-context/dist/index.mjs:27:15)
    at file:///home/kevin/jules-master/node_modules/@radix-ui/react-collapsible/dist/index.mjs:20:7
    at Provider (file:///home/kevin/jules-master/node_modules/@radix-ui/react-context/dist/index.mjs:27:15)
    at file:///home/kevin/jules-master/node_modules/@radix-ui/react-accordion/dist/index.mjs:194:13
    at /home/kevin/jules-master/src/components/ui/accordion.tsx:15:59
    at Provider (file:///home/kevin/jules-master/node_modules/@radix-ui/react-context/dist/index.mjs:27:15)
    at TooltipProvider (file:///home/kevin/jules-master/node_modules/@radix-ui/react-tooltip/dist/index.mjs:29:5)
    at div
    at file:///home/kevin/jules-master/node_modules/@radix-ui/react-primitive/dist/index.mjs:28:13
    at file:///home/kevin/jules-master/node_modules/@radix-ui/react-collection/node_modules/@radix-ui/react-slot/dist/index.mjs:33:13
    at file:///home/kevin/jules-master/node_modules/@radix-ui/react-collection/node_modules/@radix-ui/react-slot/dist/index.mjs:9:13
    at file:///home/kevin/jules-master/node_modules/@radix-ui/react-collection/dist/index.mjs:27:15
    at Provider (file:///home/kevin/jules-master/node_modules/@radix-ui/react-context/dist/index.mjs:27:15)
    at file:///home/kevin/jules-master/node_modules/@radix-ui/react-accordion/dist/index.mjs:102:13
    at Provider (file:///home/kevin/jules-master/node_modules/@radix-ui/react-context/dist/index.mjs:27:15)
    at Provider (file:///home/kevin/jules-master/node_modules/@radix-ui/react-context/dist/index.mjs:27:15)
    at file:///home/kevin/jules-master/node_modules/@radix-ui/react-accordion/dist/index.mjs:68:12
    at Provider (file:///home/kevin/jules-master/node_modules/@radix-ui/react-context/dist/index.mjs:27:15)
    at CollectionProvider (file:///home/kevin/jules-master/node_modules/@radix-ui/react-collection/dist/index.mjs:17:13)
    at file:///home/kevin/jules-master/node_modules/@radix-ui/react-accordion/dist/index.mjs:26:13
    at div
    at /home/kevin/jules-master/src/components/ui/card.tsx:53:57
    at div
    at /home/kevin/jules-master/src/components/ui/card.tsx:11:50
    at SessionList (/home/kevin/jules-master/src/components/session-list.tsx:42:3)
    at div
    at main
    at div
    at HomePageContent (/home/kevin/jules-master/src/app/page.tsx:51:95)
    at Suspense
    at Home
Warning: An update to Presence inside a test was not wrapped in act(...).

When testing, code that causes React state updates should be wrapped into act(...):

act(() => {
  /* fire events that update state */
});
/* assert on the output */

This ensures that you're testing the behavior the user would see in the browser. Learn more at https://reactjs.org/link/wrap-tests-with-act
    at Presence (file:///home/kevin/jules-master/node_modules/@radix-ui/react-presence/dist/index.mjs:19:11)
    at file:///home/kevin/jules-master/node_modules/@radix-ui/react-tooltip/dist/index.mjs:225:64
    at /home/kevin/jules-master/src/components/ui/tooltip.tsx:15:60
    at Provider (file:///home/kevin/jules-master/node_modules/@radix-ui/react-context/dist/index.mjs:27:15)
    at Provider (file:///home/kevin/jules-master/node_modules/@radix-ui/react-context/dist/index.mjs:27:15)
    at Popper (file:///home/kevin/jules-master/node_modules/@radix-ui/react-popper/dist/index.mjs:30:11)
    at Tooltip (file:///home/kevin/jules-master/node_modules/@radix-ui/react-tooltip/dist/index.mjs:73:5)
    at div
    at div
    at div
    at file:///home/kevin/jules-master/node_modules/@radix-ui/react-primitive/dist/index.mjs:28:13
    at Provider (file:///home/kevin/jules-master/node_modules/@radix-ui/react-context/dist/index.mjs:27:15)
    at file:///home/kevin/jules-master/node_modules/@radix-ui/react-collapsible/dist/index.mjs:20:7
    at Provider (file:///home/kevin/jules-master/node_modules/@radix-ui/react-context/dist/index.mjs:27:15)
    at file:///home/kevin/jules-master/node_modules/@radix-ui/react-accordion/dist/index.mjs:194:13
    at /home/kevin/jules-master/src/components/ui/accordion.tsx:15:59
    at Provider (file:///home/kevin/jules-master/node_modules/@radix-ui/react-context/dist/index.mjs:27:15)
    at TooltipProvider (file:///home/kevin/jules-master/node_modules/@radix-ui/react-tooltip/dist/index.mjs:29:5)
    at div
    at file:///home/kevin/jules-master/node_modules/@radix-ui/react-primitive/dist/index.mjs:28:13
    at file:///home/kevin/jules-master/node_modules/@radix-ui/react-collection/node_modules/@radix-ui/react-slot/dist/index.mjs:33:13
    at file:///home/kevin/jules-master/node_modules/@radix-ui/react-collection/node_modules/@radix-ui/react-slot/dist/index.mjs:9:13
    at file:///home/kevin/jules-master/node_modules/@radix-ui/react-collection/dist/index.mjs:27:15
    at Provider (file:///home/kevin/jules-master/node_modules/@radix-ui/react-context/dist/index.mjs:27:15)
    at file:///home/kevin/jules-master/node_modules/@radix-ui/react-accordion/dist/index.mjs:102:13
    at Provider (file:///home/kevin/jules-master/node_modules/@radix-ui/react-context/dist/index.mjs:27:15)
    at Provider (file:///home/kevin/jules-master/node_modules/@radix-ui/react-context/dist/index.mjs:27:15)
    at file:///home/kevin/jules-master/node_modules/@radix-ui/react-accordion/dist/index.mjs:68:12
    at Provider (file:///home/kevin/jules-master/node_modules/@radix-ui/react-context/dist/index.mjs:27:15)
    at CollectionProvider (file:///home/kevin/jules-master/node_modules/@radix-ui/react-collection/dist/index.mjs:17:13)
    at file:///home/kevin/jules-master/node_modules/@radix-ui/react-accordion/dist/index.mjs:26:13
    at div
    at /home/kevin/jules-master/src/components/ui/card.tsx:53:57
    at div
    at /home/kevin/jules-master/src/components/ui/card.tsx:11:50
    at SessionList (/home/kevin/jules-master/src/components/session-list.tsx:42:3)
    at div
    at main
    at div
    at HomePageContent (/home/kevin/jules-master/src/app/page.tsx:51:95)
    at Suspense
    at Home
Warning: An update to Tooltip inside a test was not wrapped in act(...).

When testing, code that causes React state updates should be wrapped into act(...):

act(() => {
  /* fire events that update state */
});
/* assert on the output */

This ensures that you're testing the behavior the user would see in the browser. Learn more at https://reactjs.org/link/wrap-tests-with-act
    at Tooltip (file:///home/kevin/jules-master/node_modules/@radix-ui/react-tooltip/dist/index.mjs:73:5)
    at div
    at div
    at div
    at file:///home/kevin/jules-master/node_modules/@radix-ui/react-primitive/dist/index.mjs:28:13
    at Provider (file:///home/kevin/jules-master/node_modules/@radix-ui/react-context/dist/index.mjs:27:15)
    at file:///home/kevin/jules-master/node_modules/@radix-ui/react-collapsible/dist/index.mjs:20:7
    at Provider (file:///home/kevin/jules-master/node_modules/@radix-ui/react-context/dist/index.mjs:27:15)
    at file:///home/kevin/jules-master/node_modules/@radix-ui/react-accordion/dist/index.mjs:194:13
    at /home/kevin/jules-master/src/components/ui/accordion.tsx:15:59
    at Provider (file:///home/kevin/jules-master/node_modules/@radix-ui/react-context/dist/index.mjs:27:15)
    at TooltipProvider (file:///home/kevin/jules-master/node_modules/@radix-ui/react-tooltip/dist/index.mjs:29:5)
    at div
    at file:///home/kevin/jules-master/node_modules/@radix-ui/react-primitive/dist/index.mjs:28:13
    at file:///home/kevin/jules-master/node_modules/@radix-ui/react-collection/node_modules/@radix-ui/react-slot/dist/index.mjs:33:13
    at file:///home/kevin/jules-master/node_modules/@radix-ui/react-collection/node_modules/@radix-ui/react-slot/dist/index.mjs:9:13
    at file:///home/kevin/jules-master/node_modules/@radix-ui/react-collection/dist/index.mjs:27:15
    at Provider (file:///home/kevin/jules-master/node_modules/@radix-ui/react-context/dist/index.mjs:27:15)
    at file:///home/kevin/jules-master/node_modules/@radix-ui/react-accordion/dist/index.mjs:102:13
    at Provider (file:///home/kevin/jules-master/node_modules/@radix-ui/react-context/dist/index.mjs:27:15)
    at Provider (file:///home/kevin/jules-master/node_modules/@radix-ui/react-context/dist/index.mjs:27:15)
    at file:///home/kevin/jules-master/node_modules/@radix-ui/react-accordion/dist/index.mjs:68:12
    at Provider (file:///home/kevin/jules-master/node_modules/@radix-ui/react-context/dist/index.mjs:27:15)
    at CollectionProvider (file:///home/kevin/jules-master/node_modules/@radix-ui/react-collection/dist/index.mjs:17:13)
    at file:///home/kevin/jules-master/node_modules/@radix-ui/react-accordion/dist/index.mjs:26:13
    at div
    at /home/kevin/jules-master/src/components/ui/card.tsx:53:57
    at div
    at /home/kevin/jules-master/src/components/ui/card.tsx:11:50
    at SessionList (/home/kevin/jules-master/src/components/session-list.tsx:42:3)
    at div
    at main
    at div
    at HomePageContent (/home/kevin/jules-master/src/app/page.tsx:51:95)
    at Suspense
    at Home
Warning: An update to Tooltip inside a test was not wrapped in act(...).

When testing, code that causes React state updates should be wrapped into act(...):

act(() => {
  /* fire events that update state */
});
/* assert on the output */

This ensures that you're testing the behavior the user would see in the browser. Learn more at https://reactjs.org/link/wrap-tests-with-act
    at Tooltip (file:///home/kevin/jules-master/node_modules/@radix-ui/react-tooltip/dist/index.mjs:73:5)
    at div
    at div
    at div
    at file:///home/kevin/jules-master/node_modules/@radix-ui/react-primitive/dist/index.mjs:28:13
    at Provider (file:///home/kevin/jules-master/node_modules/@radix-ui/react-context/dist/index.mjs:27:15)
    at file:///home/kevin/jules-master/node_modules/@radix-ui/react-collapsible/dist/index.mjs:20:7
    at Provider (file:///home/kevin/jules-master/node_modules/@radix-ui/react-context/dist/index.mjs:27:15)
    at file:///home/kevin/jules-master/node_modules/@radix-ui/react-accordion/dist/index.mjs:194:13
    at /home/kevin/jules-master/src/components/ui/accordion.tsx:15:59
    at Provider (file:///home/kevin/jules-master/node_modules/@radix-ui/react-context/dist/index.mjs:27:15)
    at TooltipProvider (file:///home/kevin/jules-master/node_modules/@radix-ui/react-tooltip/dist/index.mjs:29:5)
    at div
    at file:///home/kevin/jules-master/node_modules/@radix-ui/react-primitive/dist/index.mjs:28:13
    at file:///home/kevin/jules-master/node_modules/@radix-ui/react-collection/node_modules/@radix-ui/react-slot/dist/index.mjs:33:13
    at file:///home/kevin/jules-master/node_modules/@radix-ui/react-collection/node_modules/@radix-ui/react-slot/dist/index.mjs:9:13
    at file:///home/kevin/jules-master/node_modules/@radix-ui/react-collection/dist/index.mjs:27:15
    at Provider (file:///home/kevin/jules-master/node_modules/@radix-ui/react-context/dist/index.mjs:27:15)
    at file:///home/kevin/jules-master/node_modules/@radix-ui/react-accordion/dist/index.mjs:102:13
    at Provider (file:///home/kevin/jules-master/node_modules/@radix-ui/react-context/dist/index.mjs:27:15)
    at Provider (file:///home/kevin/jules-master/node_modules/@radix-ui/react-context/dist/index.mjs:27:15)
    at file:///home/kevin/jules-master/node_modules/@radix-ui/react-accordion/dist/index.mjs:68:12
    at Provider (file:///home/kevin/jules-master/node_modules/@radix-ui/react-context/dist/index.mjs:27:15)
    at CollectionProvider (file:///home/kevin/jules-master/node_modules/@radix-ui/react-collection/dist/index.mjs:17:13)
    at file:///home/kevin/jules-master/node_modules/@radix-ui/react-accordion/dist/index.mjs:26:13
    at div
    at /home/kevin/jules-master/src/components/ui/card.tsx:53:57
    at div
    at /home/kevin/jules-master/src/components/ui/card.tsx:11:50
    at SessionList (/home/kevin/jules-master/src/components/session-list.tsx:42:3)
    at div
    at main
    at div
    at HomePageContent (/home/kevin/jules-master/src/app/page.tsx:51:95)
    at Suspense
    at Home
Warning: An update to Presence inside a test was not wrapped in act(...).

When testing, code that causes React state updates should be wrapped into act(...):

act(() => {
  /* fire events that update state */
});
/* assert on the output */

This ensures that you're testing the behavior the user would see in the browser. Learn more at https://reactjs.org/link/wrap-tests-with-act
    at Presence (file:///home/kevin/jules-master/node_modules/@radix-ui/react-presence/dist/index.mjs:19:11)
    at file:///home/kevin/jules-master/node_modules/@radix-ui/react-tooltip/dist/index.mjs:225:64
    at /home/kevin/jules-master/src/components/ui/tooltip.tsx:15:60
    at Provider (file:///home/kevin/jules-master/node_modules/@radix-ui/react-context/dist/index.mjs:27:15)
    at Provider (file:///home/kevin/jules-master/node_modules/@radix-ui/react-context/dist/index.mjs:27:15)
    at Popper (file:///home/kevin/jules-master/node_modules/@radix-ui/react-popper/dist/index.mjs:30:11)
    at Tooltip (file:///home/kevin/jules-master/node_modules/@radix-ui/react-tooltip/dist/index.mjs:73:5)
    at div
    at div
    at div
    at file:///home/kevin/jules-master/node_modules/@radix-ui/react-primitive/dist/index.mjs:28:13
    at Provider (file:///home/kevin/jules-master/node_modules/@radix-ui/react-context/dist/index.mjs:27:15)
    at file:///home/kevin/jules-master/node_modules/@radix-ui/react-collapsible/dist/index.mjs:20:7
    at Provider (file:///home/kevin/jules-master/node_modules/@radix-ui/react-context/dist/index.mjs:27:15)
    at file:///home/kevin/jules-master/node_modules/@radix-ui/react-accordion/dist/index.mjs:194:13
    at /home/kevin/jules-master/src/components/ui/accordion.tsx:15:59
    at Provider (file:///home/kevin/jules-master/node_modules/@radix-ui/react-context/dist/index.mjs:27:15)
    at TooltipProvider (file:///home/kevin/jules-master/node_modules/@radix-ui/react-tooltip/dist/index.mjs:29:5)
    at div
    at file:///home/kevin/jules-master/node_modules/@radix-ui/react-primitive/dist/index.mjs:28:13
    at file:///home/kevin/jules-master/node_modules/@radix-ui/react-collection/node_modules/@radix-ui/react-slot/dist/index.mjs:33:13
    at file:///home/kevin/jules-master/node_modules/@radix-ui/react-collection/node_modules/@radix-ui/react-slot/dist/index.mjs:9:13
    at file:///home/kevin/jules-master/node_modules/@radix-ui/react-collection/dist/index.mjs:27:15
    at Provider (file:///home/kevin/jules-master/node_modules/@radix-ui/react-context/dist/index.mjs:27:15)
    at file:///home/kevin/jules-master/node_modules/@radix-ui/react-accordion/dist/index.mjs:102:13
    at Provider (file:///home/kevin/jules-master/node_modules/@radix-ui/react-context/dist/index.mjs:27:15)
    at Provider (file:///home/kevin/jules-master/node_modules/@radix-ui/react-context/dist/index.mjs:27:15)
    at file:///home/kevin/jules-master/node_modules/@radix-ui/react-accordion/dist/index.mjs:68:12
    at Provider (file:///home/kevin/jules-master/node_modules/@radix-ui/react-context/dist/index.mjs:27:15)
    at CollectionProvider (file:///home/kevin/jules-master/node_modules/@radix-ui/react-collection/dist/index.mjs:17:13)
    at file:///home/kevin/jules-master/node_modules/@radix-ui/react-accordion/dist/index.mjs:26:13
    at div
    at /home/kevin/jules-master/src/components/ui/card.tsx:53:57
    at div
    at /home/kevin/jules-master/src/components/ui/card.tsx:11:50
    at SessionList (/home/kevin/jules-master/src/components/session-list.tsx:42:3)
    at div
    at main
    at div
    at HomePageContent (/home/kevin/jules-master/src/app/page.tsx:51:95)
    at Suspense
    at Home
Warning: An update to Tooltip inside a test was not wrapped in act(...).

When testing, code that causes React state updates should be wrapped into act(...):

act(() => {
  /* fire events that update state */
});
/* assert on the output */

This ensures that you're testing the behavior the user would see in the browser. Learn more at https://reactjs.org/link/wrap-tests-with-act
    at Tooltip (file:///home/kevin/jules-master/node_modules/@radix-ui/react-tooltip/dist/index.mjs:73:5)
    at div
    at div
    at div
    at file:///home/kevin/jules-master/node_modules/@radix-ui/react-primitive/dist/index.mjs:28:13
    at Provider (file:///home/kevin/jules-master/node_modules/@radix-ui/react-context/dist/index.mjs:27:15)
    at file:///home/kevin/jules-master/node_modules/@radix-ui/react-collapsible/dist/index.mjs:20:7
    at Provider (file:///home/kevin/jules-master/node_modules/@radix-ui/react-context/dist/index.mjs:27:15)
    at file:///home/kevin/jules-master/node_modules/@radix-ui/react-accordion/dist/index.mjs:194:13
    at /home/kevin/jules-master/src/components/ui/accordion.tsx:15:59
    at Provider (file:///home/kevin/jules-master/node_modules/@radix-ui/react-context/dist/index.mjs:27:15)
    at TooltipProvider (file:///home/kevin/jules-master/node_modules/@radix-ui/react-tooltip/dist/index.mjs:29:5)
    at div
    at file:///home/kevin/jules-master/node_modules/@radix-ui/react-primitive/dist/index.mjs:28:13
    at file:///home/kevin/jules-master/node_modules/@radix-ui/react-collection/node_modules/@radix-ui/react-slot/dist/index.mjs:33:13
    at file:///home/kevin/jules-master/node_modules/@radix-ui/react-collection/node_modules/@radix-ui/react-slot/dist/index.mjs:9:13
    at file:///home/kevin/jules-master/node_modules/@radix-ui/react-collection/dist/index.mjs:27:15
    at Provider (file:///home/kevin/jules-master/node_modules/@radix-ui/react-context/dist/index.mjs:27:15)
    at file:///home/kevin/jules-master/node_modules/@radix-ui/react-accordion/dist/index.mjs:102:13
    at Provider (file:///home/kevin/jules-master/node_modules/@radix-ui/react-context/dist/index.mjs:27:15)
    at Provider (file:///home/kevin/jules-master/node_modules/@radix-ui/react-context/dist/index.mjs:27:15)
    at file:///home/kevin/jules-master/node_modules/@radix-ui/react-accordion/dist/index.mjs:68:12
    at Provider (file:///home/kevin/jules-master/node_modules/@radix-ui/react-context/dist/index.mjs:27:15)
    at CollectionProvider (file:///home/kevin/jules-master/node_modules/@radix-ui/react-collection/dist/index.mjs:17:13)
    at file:///home/kevin/jules-master/node_modules/@radix-ui/react-accordion/dist/index.mjs:26:13
    at div
    at /home/kevin/jules-master/src/components/ui/card.tsx:53:57
    at div
    at /home/kevin/jules-master/src/components/ui/card.tsx:11:50
    at SessionList (/home/kevin/jules-master/src/components/session-list.tsx:42:3)
    at div
    at main
    at div
    at HomePageContent (/home/kevin/jules-master/src/app/page.tsx:51:95)
    at Suspense
    at Home
Warning: An update to Tooltip inside a test was not wrapped in act(...).

When testing, code that causes React state updates should be wrapped into act(...):

act(() => {
  /* fire events that update state */
});
/* assert on the output */

This ensures that you're testing the behavior the user would see in the browser. Learn more at https://reactjs.org/link/wrap-tests-with-act
    at Tooltip (file:///home/kevin/jules-master/node_modules/@radix-ui/react-tooltip/dist/index.mjs:73:5)
    at Provider (file:///home/kevin/jules-master/node_modules/@radix-ui/react-context/dist/index.mjs:27:15)
    at Dialog (file:///home/kevin/jules-master/node_modules/@radix-ui/react-dialog/dist/index.mjs:25:5)
    at MessageDialog (/home/kevin/jules-master/src/components/message-dialog.tsx:28:3)
    at div
    at div
    at div
    at file:///home/kevin/jules-master/node_modules/@radix-ui/react-primitive/dist/index.mjs:28:13
    at Provider (file:///home/kevin/jules-master/node_modules/@radix-ui/react-context/dist/index.mjs:27:15)
    at file:///home/kevin/jules-master/node_modules/@radix-ui/react-collapsible/dist/index.mjs:20:7
    at Provider (file:///home/kevin/jules-master/node_modules/@radix-ui/react-context/dist/index.mjs:27:15)
    at file:///home/kevin/jules-master/node_modules/@radix-ui/react-accordion/dist/index.mjs:194:13
    at /home/kevin/jules-master/src/components/ui/accordion.tsx:15:59
    at Provider (file:///home/kevin/jules-master/node_modules/@radix-ui/react-context/dist/index.mjs:27:15)
    at TooltipProvider (file:///home/kevin/jules-master/node_modules/@radix-ui/react-tooltip/dist/index.mjs:29:5)
    at div
    at file:///home/kevin/jules-master/node_modules/@radix-ui/react-primitive/dist/index.mjs:28:13
    at file:///home/kevin/jules-master/node_modules/@radix-ui/react-collection/node_modules/@radix-ui/react-slot/dist/index.mjs:33:13
    at file:///home/kevin/jules-master/node_modules/@radix-ui/react-collection/node_modules/@radix-ui/react-slot/dist/index.mjs:9:13
    at file:///home/kevin/jules-master/node_modules/@radix-ui/react-collection/dist/index.mjs:27:15
    at Provider (file:///home/kevin/jules-master/node_modules/@radix-ui/react-context/dist/index.mjs:27:15)
    at file:///home/kevin/jules-master/node_modules/@radix-ui/react-accordion/dist/index.mjs:102:13
    at Provider (file:///home/kevin/jules-master/node_modules/@radix-ui/react-context/dist/index.mjs:27:15)
    at Provider (file:///home/kevin/jules-master/node_modules/@radix-ui/react-context/dist/index.mjs:27:15)
    at file:///home/kevin/jules-master/node_modules/@radix-ui/react-accordion/dist/index.mjs:68:12
    at Provider (file:///home/kevin/jules-master/node_modules/@radix-ui/react-context/dist/index.mjs:27:15)
    at CollectionProvider (file:///home/kevin/jules-master/node_modules/@radix-ui/react-collection/dist/index.mjs:17:13)
    at file:///home/kevin/jules-master/node_modules/@radix-ui/react-accordion/dist/index.mjs:26:13
    at div
    at /home/kevin/jules-master/src/components/ui/card.tsx:53:57
    at div
    at /home/kevin/jules-master/src/components/ui/card.tsx:11:50
    at SessionList (/home/kevin/jules-master/src/components/session-list.tsx:42:3)
    at div
    at main
    at div
    at HomePageContent (/home/kevin/jules-master/src/app/page.tsx:51:95)
    at Suspense
    at Home
Warning: An update to Presence inside a test was not wrapped in act(...).

When testing, code that causes React state updates should be wrapped into act(...):

act(() => {
  /* fire events that update state */
});
/* assert on the output */

This ensures that you're testing the behavior the user would see in the browser. Learn more at https://reactjs.org/link/wrap-tests-with-act
    at Presence (file:///home/kevin/jules-master/node_modules/@radix-ui/react-presence/dist/index.mjs:19:11)
    at file:///home/kevin/jules-master/node_modules/@radix-ui/react-tooltip/dist/index.mjs:225:64
    at /home/kevin/jules-master/src/components/ui/tooltip.tsx:15:60
    at Provider (file:///home/kevin/jules-master/node_modules/@radix-ui/react-context/dist/index.mjs:27:15)
    at Provider (file:///home/kevin/jules-master/node_modules/@radix-ui/react-context/dist/index.mjs:27:15)
    at Popper (file:///home/kevin/jules-master/node_modules/@radix-ui/react-popper/dist/index.mjs:30:11)
    at Tooltip (file:///home/kevin/jules-master/node_modules/@radix-ui/react-tooltip/dist/index.mjs:73:5)
    at Provider (file:///home/kevin/jules-master/node_modules/@radix-ui/react-context/dist/index.mjs:27:15)
    at Dialog (file:///home/kevin/jules-master/node_modules/@radix-ui/react-dialog/dist/index.mjs:25:5)
    at MessageDialog (/home/kevin/jules-master/src/components/message-dialog.tsx:28:3)
    at div
    at div
    at div
    at file:///home/kevin/jules-master/node_modules/@radix-ui/react-primitive/dist/index.mjs:28:13
    at Provider (file:///home/kevin/jules-master/node_modules/@radix-ui/react-context/dist/index.mjs:27:15)
    at file:///home/kevin/jules-master/node_modules/@radix-ui/react-collapsible/dist/index.mjs:20:7
    at Provider (file:///home/kevin/jules-master/node_modules/@radix-ui/react-context/dist/index.mjs:27:15)
    at file:///home/kevin/jules-master/node_modules/@radix-ui/react-accordion/dist/index.mjs:194:13
    at /home/kevin/jules-master/src/components/ui/accordion.tsx:15:59
    at Provider (file:///home/kevin/jules-master/node_modules/@radix-ui/react-context/dist/index.mjs:27:15)
    at TooltipProvider (file:///home/kevin/jules-master/node_modules/@radix-ui/react-tooltip/dist/index.mjs:29:5)
    at div
    at file:///home/kevin/jules-master/node_modules/@radix-ui/react-primitive/dist/index.mjs:28:13
    at file:///home/kevin/jules-master/node_modules/@radix-ui/react-collection/node_modules/@radix-ui/react-slot/dist/index.mjs:33:13
    at file:///home/kevin/jules-master/node_modules/@radix-ui/react-collection/node_modules/@radix-ui/react-slot/dist/index.mjs:9:13
    at file:///home/kevin/jules-master/node_modules/@radix-ui/react-collection/dist/index.mjs:27:15
    at Provider (file:///home/kevin/jules-master/node_modules/@radix-ui/react-context/dist/index.mjs:27:15)
    at file:///home/kevin/jules-master/node_modules/@radix-ui/react-accordion/dist/index.mjs:102:13
    at Provider (file:///home/kevin/jules-master/node_modules/@radix-ui/react-context/dist/index.mjs:27:15)
    at Provider (file:///home/kevin/jules-master/node_modules/@radix-ui/react-context/dist/index.mjs:27:15)
    at file:///home/kevin/jules-master/node_modules/@radix-ui/react-accordion/dist/index.mjs:68:12
    at Provider (file:///home/kevin/jules-master/node_modules/@radix-ui/react-context/dist/index.mjs:27:15)
    at CollectionProvider (file:///home/kevin/jules-master/node_modules/@radix-ui/react-collection/dist/index.mjs:17:13)
    at file:///home/kevin/jules-master/node_modules/@radix-ui/react-accordion/dist/index.mjs:26:13
    at div
    at /home/kevin/jules-master/src/components/ui/card.tsx:53:57
    at div
    at /home/kevin/jules-master/src/components/ui/card.tsx:11:50
    at SessionList (/home/kevin/jules-master/src/components/session-list.tsx:42:3)
    at div
    at main
    at div
    at HomePageContent (/home/kevin/jules-master/src/app/page.tsx:51:95)
    at Suspense
    at Home
Warning: An update to Tooltip inside a test was not wrapped in act(...).

When testing, code that causes React state updates should be wrapped into act(...):

act(() => {
  /* fire events that update state */
});
/* assert on the output */

This ensures that you're testing the behavior the user would see in the browser. Learn more at https://reactjs.org/link/wrap-tests-with-act
    at Tooltip (file:///home/kevin/jules-master/node_modules/@radix-ui/react-tooltip/dist/index.mjs:73:5)
    at Provider (file:///home/kevin/jules-master/node_modules/@radix-ui/react-context/dist/index.mjs:27:15)
    at Dialog (file:///home/kevin/jules-master/node_modules/@radix-ui/react-dialog/dist/index.mjs:25:5)
    at MessageDialog (/home/kevin/jules-master/src/components/message-dialog.tsx:28:3)
    at div
    at div
    at div
    at file:///home/kevin/jules-master/node_modules/@radix-ui/react-primitive/dist/index.mjs:28:13
    at Provider (file:///home/kevin/jules-master/node_modules/@radix-ui/react-context/dist/index.mjs:27:15)
    at file:///home/kevin/jules-master/node_modules/@radix-ui/react-collapsible/dist/index.mjs:20:7
    at Provider (file:///home/kevin/jules-master/node_modules/@radix-ui/react-context/dist/index.mjs:27:15)
    at file:///home/kevin/jules-master/node_modules/@radix-ui/react-accordion/dist/index.mjs:194:13
    at /home/kevin/jules-master/src/components/ui/accordion.tsx:15:59
    at Provider (file:///home/kevin/jules-master/node_modules/@radix-ui/react-context/dist/index.mjs:27:15)
    at TooltipProvider (file:///home/kevin/jules-master/node_modules/@radix-ui/react-tooltip/dist/index.mjs:29:5)
    at div
    at file:///home/kevin/jules-master/node_modules/@radix-ui/react-primitive/dist/index.mjs:28:13
    at file:///home/kevin/jules-master/node_modules/@radix-ui/react-collection/node_modules/@radix-ui/react-slot/dist/index.mjs:33:13
    at file:///home/kevin/jules-master/node_modules/@radix-ui/react-collection/node_modules/@radix-ui/react-slot/dist/index.mjs:9:13
    at file:///home/kevin/jules-master/node_modules/@radix-ui/react-collection/dist/index.mjs:27:15
    at Provider (file:///home/kevin/jules-master/node_modules/@radix-ui/react-context/dist/index.mjs:27:15)
    at file:///home/kevin/jules-master/node_modules/@radix-ui/react-accordion/dist/index.mjs:102:13
    at Provider (file:///home/kevin/jules-master/node_modules/@radix-ui/react-context/dist/index.mjs:27:15)
    at Provider (file:///home/kevin/jules-master/node_modules/@radix-ui/react-context/dist/index.mjs:27:15)
    at file:///home/kevin/jules-master/node_modules/@radix-ui/react-accordion/dist/index.mjs:68:12
    at Provider (file:///home/kevin/jules-master/node_modules/@radix-ui/react-context/dist/index.mjs:27:15)
    at CollectionProvider (file:///home/kevin/jules-master/node_modules/@radix-ui/react-collection/dist/index.mjs:17:13)
    at file:///home/kevin/jules-master/node_modules/@radix-ui/react-accordion/dist/index.mjs:26:13
    at div
    at /home/kevin/jules-master/src/components/ui/card.tsx:53:57
    at div
    at /home/kevin/jules-master/src/components/ui/card.tsx:11:50
    at SessionList (/home/kevin/jules-master/src/components/session-list.tsx:42:3)
    at div
    at main
    at div
    at HomePageContent (/home/kevin/jules-master/src/app/page.tsx:51:95)
    at Suspense
    at Home
Warning: An update to Presence inside a test was not wrapped in act(...).

When testing, code that causes React state updates should be wrapped into act(...):

act(() => {
  /* fire events that update state */
});
/* assert on the output */

This ensures that you're testing the behavior the user would see in the browser. Learn more at https://reactjs.org/link/wrap-tests-with-act
    at Presence (file:///home/kevin/jules-master/node_modules/@radix-ui/react-presence/dist/index.mjs:19:11)
    at Provider (file:///home/kevin/jules-master/node_modules/@radix-ui/react-context/dist/index.mjs:27:15)
    at DialogPortal (file:///home/kevin/jules-master/node_modules/@radix-ui/react-dialog/dist/index.mjs:85:11)
    at /home/kevin/jules-master/src/components/ui/dialog.tsx:36:59
    at Provider (file:///home/kevin/jules-master/node_modules/@radix-ui/react-context/dist/index.mjs:27:15)
    at Dialog (file:///home/kevin/jules-master/node_modules/@radix-ui/react-dialog/dist/index.mjs:25:5)
    at MessageDialog (/home/kevin/jules-master/src/components/message-dialog.tsx:28:3)
    at div
    at div
    at div
    at file:///home/kevin/jules-master/node_modules/@radix-ui/react-primitive/dist/index.mjs:28:13
    at Provider (file:///home/kevin/jules-master/node_modules/@radix-ui/react-context/dist/index.mjs:27:15)
    at file:///home/kevin/jules-master/node_modules/@radix-ui/react-collapsible/dist/index.mjs:20:7
    at Provider (file:///home/kevin/jules-master/node_modules/@radix-ui/react-context/dist/index.mjs:27:15)
    at file:///home/kevin/jules-master/node_modules/@radix-ui/react-accordion/dist/index.mjs:194:13
    at /home/kevin/jules-master/src/components/ui/accordion.tsx:15:59
    at Provider (file:///home/kevin/jules-master/node_modules/@radix-ui/react-context/dist/index.mjs:27:15)
    at TooltipProvider (file:///home/kevin/jules-master/node_modules/@radix-ui/react-tooltip/dist/index.mjs:29:5)
    at div
    at file:///home/kevin/jules-master/node_modules/@radix-ui/react-primitive/dist/index.mjs:28:13
    at file:///home/kevin/jules-master/node_modules/@radix-ui/react-collection/node_modules/@radix-ui/react-slot/dist/index.mjs:33:13
    at file:///home/kevin/jules-master/node_modules/@radix-ui/react-collection/node_modules/@radix-ui/react-slot/dist/index.mjs:9:13
    at file:///home/kevin/jules-master/node_modules/@radix-ui/react-collection/dist/index.mjs:27:15
    at Provider (file:///home/kevin/jules-master/node_modules/@radix-ui/react-context/dist/index.mjs:27:15)
    at file:///home/kevin/jules-master/node_modules/@radix-ui/react-accordion/dist/index.mjs:102:13
    at Provider (file:///home/kevin/jules-master/node_modules/@radix-ui/react-context/dist/index.mjs:27:15)
    at Provider (file:///home/kevin/jules-master/node_modules/@radix-ui/react-context/dist/index.mjs:27:15)
    at file:///home/kevin/jules-master/node_modules/@radix-ui/react-accordion/dist/index.mjs:68:12
    at Provider (file:///home/kevin/jules-master/node_modules/@radix-ui/react-context/dist/index.mjs:27:15)
    at CollectionProvider (file:///home/kevin/jules-master/node_modules/@radix-ui/react-collection/dist/index.mjs:17:13)
    at file:///home/kevin/jules-master/node_modules/@radix-ui/react-accordion/dist/index.mjs:26:13
    at div
    at /home/kevin/jules-master/src/components/ui/card.tsx:53:57
    at div
    at /home/kevin/jules-master/src/components/ui/card.tsx:11:50
    at SessionList (/home/kevin/jules-master/src/components/session-list.tsx:42:3)
    at div
    at main
    at div
    at HomePageContent (/home/kevin/jules-master/src/app/page.tsx:51:95)
    at Suspense
    at Home
Warning: An update to Presence inside a test was not wrapped in act(...).

When testing, code that causes React state updates should be wrapped into act(...):

act(() => {
  /* fire events that update state */
});
/* assert on the output */

This ensures that you're testing the behavior the user would see in the browser. Learn more at https://reactjs.org/link/wrap-tests-with-act
    at Presence (file:///home/kevin/jules-master/node_modules/@radix-ui/react-presence/dist/index.mjs:19:11)
    at Provider (file:///home/kevin/jules-master/node_modules/@radix-ui/react-context/dist/index.mjs:27:15)
    at DialogPortal (file:///home/kevin/jules-master/node_modules/@radix-ui/react-dialog/dist/index.mjs:85:11)
    at /home/kevin/jules-master/src/components/ui/dialog.tsx:36:59
    at Provider (file:///home/kevin/jules-master/node_modules/@radix-ui/react-context/dist/index.mjs:27:15)
    at Dialog (file:///home/kevin/jules-master/node_modules/@radix-ui/react-dialog/dist/index.mjs:25:5)
    at MessageDialog (/home/kevin/jules-master/src/components/message-dialog.tsx:28:3)
    at div
    at div
    at div
    at file:///home/kevin/jules-master/node_modules/@radix-ui/react-primitive/dist/index.mjs:28:13
    at Provider (file:///home/kevin/jules-master/node_modules/@radix-ui/react-context/dist/index.mjs:27:15)
    at file:///home/kevin/jules-master/node_modules/@radix-ui/react-collapsible/dist/index.mjs:20:7
    at Provider (file:///home/kevin/jules-master/node_modules/@radix-ui/react-context/dist/index.mjs:27:15)
    at file:///home/kevin/jules-master/node_modules/@radix-ui/react-accordion/dist/index.mjs:194:13
    at /home/kevin/jules-master/src/components/ui/accordion.tsx:15:59
    at Provider (file:///home/kevin/jules-master/node_modules/@radix-ui/react-context/dist/index.mjs:27:15)
    at TooltipProvider (file:///home/kevin/jules-master/node_modules/@radix-ui/react-tooltip/dist/index.mjs:29:5)
    at div
    at file:///home/kevin/jules-master/node_modules/@radix-ui/react-primitive/dist/index.mjs:28:13
    at file:///home/kevin/jules-master/node_modules/@radix-ui/react-collection/node_modules/@radix-ui/react-slot/dist/index.mjs:33:13
    at file:///home/kevin/jules-master/node_modules/@radix-ui/react-collection/node_modules/@radix-ui/react-slot/dist/index.mjs:9:13
    at file:///home/kevin/jules-master/node_modules/@radix-ui/react-collection/dist/index.mjs:27:15
    at Provider (file:///home/kevin/jules-master/node_modules/@radix-ui/react-context/dist/index.mjs:27:15)
    at file:///home/kevin/jules-master/node_modules/@radix-ui/react-accordion/dist/index.mjs:102:13
    at Provider (file:///home/kevin/jules-master/node_modules/@radix-ui/react-context/dist/index.mjs:27:15)
    at Provider (file:///home/kevin/jules-master/node_modules/@radix-ui/react-context/dist/index.mjs:27:15)
    at file:///home/kevin/jules-master/node_modules/@radix-ui/react-accordion/dist/index.mjs:68:12
    at Provider (file:///home/kevin/jules-master/node_modules/@radix-ui/react-context/dist/index.mjs:27:15)
    at CollectionProvider (file:///home/kevin/jules-master/node_modules/@radix-ui/react-collection/dist/index.mjs:17:13)
    at file:///home/kevin/jules-master/node_modules/@radix-ui/react-accordion/dist/index.mjs:26:13
    at div
    at /home/kevin/jules-master/src/components/ui/card.tsx:53:57
    at div
    at /home/kevin/jules-master/src/components/ui/card.tsx:11:50
    at SessionList (/home/kevin/jules-master/src/components/session-list.tsx:42:3)
    at div
    at main
    at div
    at HomePageContent (/home/kevin/jules-master/src/app/page.tsx:51:95)
    at Suspense
    at Home
Warning: An update to Tooltip inside a test was not wrapped in act(...).

When testing, code that causes React state updates should be wrapped into act(...):

act(() => {
  /* fire events that update state */
});
/* assert on the output */

This ensures that you're testing the behavior the user would see in the browser. Learn more at https://reactjs.org/link/wrap-tests-with-act
    at Tooltip (file:///home/kevin/jules-master/node_modules/@radix-ui/react-tooltip/dist/index.mjs:73:5)
    at Provider (file:///home/kevin/jules-master/node_modules/@radix-ui/react-context/dist/index.mjs:27:15)
    at Provider (file:///home/kevin/jules-master/node_modules/@radix-ui/react-context/dist/index.mjs:27:15)
    at Popper (file:///home/kevin/jules-master/node_modules/@radix-ui/react-popper/dist/index.mjs:30:11)
    at Popover (file:///home/kevin/jules-master/node_modules/@radix-ui/react-popover/dist/index.mjs:30:5)
    at div
    at div
    at div
    at file:///home/kevin/jules-master/node_modules/@radix-ui/react-primitive/dist/index.mjs:28:13
    at Provider (file:///home/kevin/jules-master/node_modules/@radix-ui/react-context/dist/index.mjs:27:15)
    at file:///home/kevin/jules-master/node_modules/@radix-ui/react-collapsible/dist/index.mjs:20:7
    at Provider (file:///home/kevin/jules-master/node_modules/@radix-ui/react-context/dist/index.mjs:27:15)
    at file:///home/kevin/jules-master/node_modules/@radix-ui/react-accordion/dist/index.mjs:194:13
    at /home/kevin/jules-master/src/components/ui/accordion.tsx:15:59
    at Provider (file:///home/kevin/jules-master/node_modules/@radix-ui/react-context/dist/index.mjs:27:15)
    at TooltipProvider (file:///home/kevin/jules-master/node_modules/@radix-ui/react-tooltip/dist/index.mjs:29:5)
    at div
    at file:///home/kevin/jules-master/node_modules/@radix-ui/react-primitive/dist/index.mjs:28:13
    at file:///home/kevin/jules-master/node_modules/@radix-ui/react-collection/node_modules/@radix-ui/react-slot/dist/index.mjs:33:13
    at file:///home/kevin/jules-master/node_modules/@radix-ui/react-collection/node_modules/@radix-ui/react-slot/dist/index.mjs:9:13
    at file:///home/kevin/jules-master/node_modules/@radix-ui/react-collection/dist/index.mjs:27:15
    at Provider (file:///home/kevin/jules-master/node_modules/@radix-ui/react-context/dist/index.mjs:27:15)
    at file:///home/kevin/jules-master/node_modules/@radix-ui/react-accordion/dist/index.mjs:102:13
    at Provider (file:///home/kevin/jules-master/node_modules/@radix-ui/react-context/dist/index.mjs:27:15)
    at Provider (file:///home/kevin/jules-master/node_modules/@radix-ui/react-context/dist/index.mjs:27:15)
    at file:///home/kevin/jules-master/node_modules/@radix-ui/react-accordion/dist/index.mjs:68:12
    at Provider (file:///home/kevin/jules-master/node_modules/@radix-ui/react-context/dist/index.mjs:27:15)
    at CollectionProvider (file:///home/kevin/jules-master/node_modules/@radix-ui/react-collection/dist/index.mjs:17:13)
    at file:///home/kevin/jules-master/node_modules/@radix-ui/react-accordion/dist/index.mjs:26:13
    at div
    at /home/kevin/jules-master/src/components/ui/card.tsx:53:57
    at div
    at /home/kevin/jules-master/src/components/ui/card.tsx:11:50
    at SessionList (/home/kevin/jules-master/src/components/session-list.tsx:42:3)
    at div
    at main
    at div
    at HomePageContent (/home/kevin/jules-master/src/app/page.tsx:51:95)
    at Suspense
    at Home
Warning: An update to Presence inside a test was not wrapped in act(...).

When testing, code that causes React state updates should be wrapped into act(...):

act(() => {
  /* fire events that update state */
});
/* assert on the output */

This ensures that you're testing the behavior the user would see in the browser. Learn more at https://reactjs.org/link/wrap-tests-with-act
    at Presence (file:///home/kevin/jules-master/node_modules/@radix-ui/react-presence/dist/index.mjs:19:11)
    at file:///home/kevin/jules-master/node_modules/@radix-ui/react-tooltip/dist/index.mjs:225:64
    at /home/kevin/jules-master/src/components/ui/tooltip.tsx:15:60
    at Provider (file:///home/kevin/jules-master/node_modules/@radix-ui/react-context/dist/index.mjs:27:15)
    at Provider (file:///home/kevin/jules-master/node_modules/@radix-ui/react-context/dist/index.mjs:27:15)
    at Popper (file:///home/kevin/jules-master/node_modules/@radix-ui/react-popper/dist/index.mjs:30:11)
    at Tooltip (file:///home/kevin/jules-master/node_modules/@radix-ui/react-tooltip/dist/index.mjs:73:5)
    at Provider (file:///home/kevin/jules-master/node_modules/@radix-ui/react-context/dist/index.mjs:27:15)
    at Provider (file:///home/kevin/jules-master/node_modules/@radix-ui/react-context/dist/index.mjs:27:15)
    at Popper (file:///home/kevin/jules-master/node_modules/@radix-ui/react-popper/dist/index.mjs:30:11)
    at Popover (file:///home/kevin/jules-master/node_modules/@radix-ui/react-popover/dist/index.mjs:30:5)
    at div
    at div
    at div
    at file:///home/kevin/jules-master/node_modules/@radix-ui/react-primitive/dist/index.mjs:28:13
    at Provider (file:///home/kevin/jules-master/node_modules/@radix-ui/react-context/dist/index.mjs:27:15)
    at file:///home/kevin/jules-master/node_modules/@radix-ui/react-collapsible/dist/index.mjs:20:7
    at Provider (file:///home/kevin/jules-master/node_modules/@radix-ui/react-context/dist/index.mjs:27:15)
    at file:///home/kevin/jules-master/node_modules/@radix-ui/react-accordion/dist/index.mjs:194:13
    at /home/kevin/jules-master/src/components/ui/accordion.tsx:15:59
    at Provider (file:///home/kevin/jules-master/node_modules/@radix-ui/react-context/dist/index.mjs:27:15)
    at TooltipProvider (file:///home/kevin/jules-master/node_modules/@radix-ui/react-tooltip/dist/index.mjs:29:5)
    at div
    at file:///home/kevin/jules-master/node_modules/@radix-ui/react-primitive/dist/index.mjs:28:13
    at file:///home/kevin/jules-master/node_modules/@radix-ui/react-collection/node_modules/@radix-ui/react-slot/dist/index.mjs:33:13
    at file:///home/kevin/jules-master/node_modules/@radix-ui/react-collection/node_modules/@radix-ui/react-slot/dist/index.mjs:9:13
    at file:///home/kevin/jules-master/node_modules/@radix-ui/react-collection/dist/index.mjs:27:15
    at Provider (file:///home/kevin/jules-master/node_modules/@radix-ui/react-context/dist/index.mjs:27:15)
    at file:///home/kevin/jules-master/node_modules/@radix-ui/react-accordion/dist/index.mjs:102:13
    at Provider (file:///home/kevin/jules-master/node_modules/@radix-ui/react-context/dist/index.mjs:27:15)
    at Provider (file:///home/kevin/jules-master/node_modules/@radix-ui/react-context/dist/index.mjs:27:15)
    at file:///home/kevin/jules-master/node_modules/@radix-ui/react-accordion/dist/index.mjs:68:12
    at Provider (file:///home/kevin/jules-master/node_modules/@radix-ui/react-context/dist/index.mjs:27:15)
    at CollectionProvider (file:///home/kevin/jules-master/node_modules/@radix-ui/react-collection/dist/index.mjs:17:13)
    at file:///home/kevin/jules-master/node_modules/@radix-ui/react-accordion/dist/index.mjs:26:13
    at div
    at /home/kevin/jules-master/src/components/ui/card.tsx:53:57
    at div
    at /home/kevin/jules-master/src/components/ui/card.tsx:11:50
    at SessionList (/home/kevin/jules-master/src/components/session-list.tsx:42:3)
    at div
    at main
    at div
    at HomePageContent (/home/kevin/jules-master/src/app/page.tsx:51:95)
    at Suspense
    at Home
Warning: An update to Tooltip inside a test was not wrapped in act(...).

When testing, code that causes React state updates should be wrapped into act(...):

act(() => {
  /* fire events that update state */
});
/* assert on the output */

This ensures that you're testing the behavior the user would see in the browser. Learn more at https://reactjs.org/link/wrap-tests-with-act
    at Tooltip (file:///home/kevin/jules-master/node_modules/@radix-ui/react-tooltip/dist/index.mjs:73:5)
    at Provider (file:///home/kevin/jules-master/node_modules/@radix-ui/react-context/dist/index.mjs:27:15)
    at Provider (file:///home/kevin/jules-master/node_modules/@radix-ui/react-context/dist/index.mjs:27:15)
    at Popper (file:///home/kevin/jules-master/node_modules/@radix-ui/react-popper/dist/index.mjs:30:11)
    at Popover (file:///home/kevin/jules-master/node_modules/@radix-ui/react-popover/dist/index.mjs:30:5)
    at div
    at div
    at div
    at file:///home/kevin/jules-master/node_modules/@radix-ui/react-primitive/dist/index.mjs:28:13
    at Provider (file:///home/kevin/jules-master/node_modules/@radix-ui/react-context/dist/index.mjs:27:15)
    at file:///home/kevin/jules-master/node_modules/@radix-ui/react-collapsible/dist/index.mjs:20:7
    at Provider (file:///home/kevin/jules-master/node_modules/@radix-ui/react-context/dist/index.mjs:27:15)
    at file:///home/kevin/jules-master/node_modules/@radix-ui/react-accordion/dist/index.mjs:194:13
    at /home/kevin/jules-master/src/components/ui/accordion.tsx:15:59
    at Provider (file:///home/kevin/jules-master/node_modules/@radix-ui/react-context/dist/index.mjs:27:15)
    at TooltipProvider (file:///home/kevin/jules-master/node_modules/@radix-ui/react-tooltip/dist/index.mjs:29:5)
    at div
    at file:///home/kevin/jules-master/node_modules/@radix-ui/react-primitive/dist/index.mjs:28:13
    at file:///home/kevin/jules-master/node_modules/@radix-ui/react-collection/node_modules/@radix-ui/react-slot/dist/index.mjs:33:13
    at file:///home/kevin/jules-master/node_modules/@radix-ui/react-collection/node_modules/@radix-ui/react-slot/dist/index.mjs:9:13
    at file:///home/kevin/jules-master/node_modules/@radix-ui/react-collection/dist/index.mjs:27:15
    at Provider (file:///home/kevin/jules-master/node_modules/@radix-ui/react-context/dist/index.mjs:27:15)
    at file:///home/kevin/jules-master/node_modules/@radix-ui/react-accordion/dist/index.mjs:102:13
    at Provider (file:///home/kevin/jules-master/node_modules/@radix-ui/react-context/dist/index.mjs:27:15)
    at Provider (file:///home/kevin/jules-master/node_modules/@radix-ui/react-context/dist/index.mjs:27:15)
    at file:///home/kevin/jules-master/node_modules/@radix-ui/react-accordion/dist/index.mjs:68:12
    at Provider (file:///home/kevin/jules-master/node_modules/@radix-ui/react-context/dist/index.mjs:27:15)
    at CollectionProvider (file:///home/kevin/jules-master/node_modules/@radix-ui/react-collection/dist/index.mjs:17:13)
    at file:///home/kevin/jules-master/node_modules/@radix-ui/react-accordion/dist/index.mjs:26:13
    at div
    at /home/kevin/jules-master/src/components/ui/card.tsx:53:57
    at div
    at /home/kevin/jules-master/src/components/ui/card.tsx:11:50
    at SessionList (/home/kevin/jules-master/src/components/session-list.tsx:42:3)
    at div
    at main
    at div
    at HomePageContent (/home/kevin/jules-master/src/app/page.tsx:51:95)
    at Suspense
    at Home
Warning: An update to Presence inside a test was not wrapped in act(...).

When testing, code that causes React state updates should be wrapped into act(...):

act(() => {
  /* fire events that update state */
});
/* assert on the output */

This ensures that you're testing the behavior the user would see in the browser. Learn more at https://reactjs.org/link/wrap-tests-with-act
    at Presence (file:///home/kevin/jules-master/node_modules/@radix-ui/react-presence/dist/index.mjs:19:11)
    at Provider (file:///home/kevin/jules-master/node_modules/@radix-ui/react-context/dist/index.mjs:27:15)
    at PopoverPortal (file:///home/kevin/jules-master/node_modules/@radix-ui/react-popover/dist/index.mjs:108:11)
    at /home/kevin/jules-master/src/components/ui/popover.tsx:13:60
    at Provider (file:///home/kevin/jules-master/node_modules/@radix-ui/react-context/dist/index.mjs:27:15)
    at Provider (file:///home/kevin/jules-master/node_modules/@radix-ui/react-context/dist/index.mjs:27:15)
    at Popper (file:///home/kevin/jules-master/node_modules/@radix-ui/react-popper/dist/index.mjs:30:11)
    at Popover (file:///home/kevin/jules-master/node_modules/@radix-ui/react-popover/dist/index.mjs:30:5)
    at div
    at div
    at div
    at file:///home/kevin/jules-master/node_modules/@radix-ui/react-primitive/dist/index.mjs:28:13
    at Provider (file:///home/kevin/jules-master/node_modules/@radix-ui/react-context/dist/index.mjs:27:15)
    at file:///home/kevin/jules-master/node_modules/@radix-ui/react-collapsible/dist/index.mjs:20:7
    at Provider (file:///home/kevin/jules-master/node_modules/@radix-ui/react-context/dist/index.mjs:27:15)
    at file:///home/kevin/jules-master/node_modules/@radix-ui/react-accordion/dist/index.mjs:194:13
    at /home/kevin/jules-master/src/components/ui/accordion.tsx:15:59
    at Provider (file:///home/kevin/jules-master/node_modules/@radix-ui/react-context/dist/index.mjs:27:15)
    at TooltipProvider (file:///home/kevin/jules-master/node_modules/@radix-ui/react-tooltip/dist/index.mjs:29:5)
    at div
    at file:///home/kevin/jules-master/node_modules/@radix-ui/react-primitive/dist/index.mjs:28:13
    at file:///home/kevin/jules-master/node_modules/@radix-ui/react-collection/node_modules/@radix-ui/react-slot/dist/index.mjs:33:13
    at file:///home/kevin/jules-master/node_modules/@radix-ui/react-collection/node_modules/@radix-ui/react-slot/dist/index.mjs:9:13
    at file:///home/kevin/jules-master/node_modules/@radix-ui/react-collection/dist/index.mjs:27:15
    at Provider (file:///home/kevin/jules-master/node_modules/@radix-ui/react-context/dist/index.mjs:27:15)
    at file:///home/kevin/jules-master/node_modules/@radix-ui/react-accordion/dist/index.mjs:102:13
    at Provider (file:///home/kevin/jules-master/node_modules/@radix-ui/react-context/dist/index.mjs:27:15)
    at Provider (file:///home/kevin/jules-master/node_modules/@radix-ui/react-context/dist/index.mjs:27:15)
    at file:///home/kevin/jules-master/node_modules/@radix-ui/react-accordion/dist/index.mjs:68:12
    at Provider (file:///home/kevin/jules-master/node_modules/@radix-ui/react-context/dist/index.mjs:27:15)
    at CollectionProvider (file:///home/kevin/jules-master/node_modules/@radix-ui/react-collection/dist/index.mjs:17:13)
    at file:///home/kevin/jules-master/node_modules/@radix-ui/react-accordion/dist/index.mjs:26:13
    at div
    at /home/kevin/jules-master/src/components/ui/card.tsx:53:57
    at div
    at /home/kevin/jules-master/src/components/ui/card.tsx:11:50
    at SessionList (/home/kevin/jules-master/src/components/session-list.tsx:42:3)
    at div
    at main
    at div
    at HomePageContent (/home/kevin/jules-master/src/app/page.tsx:51:95)
    at Suspense
    at Home
Warning: An update to Presence inside a test was not wrapped in act(...).

When testing, code that causes React state updates should be wrapped into act(...):

act(() => {
  /* fire events that update state */
});
/* assert on the output */

This ensures that you're testing the behavior the user would see in the browser. Learn more at https://reactjs.org/link/wrap-tests-with-act
    at Presence (file:///home/kevin/jules-master/node_modules/@radix-ui/react-presence/dist/index.mjs:19:11)
    at file:///home/kevin/jules-master/node_modules/@radix-ui/react-collapsible/dist/index.mjs:80:13
    at file:///home/kevin/jules-master/node_modules/@radix-ui/react-accordion/dist/index.mjs:276:13
    at /home/kevin/jules-master/src/components/ui/accordion.tsx:38:62
    at div
    at file:///home/kevin/jules-master/node_modules/@radix-ui/react-primitive/dist/index.mjs:28:13
    at Provider (file:///home/kevin/jules-master/node_modules/@radix-ui/react-context/dist/index.mjs:27:15)
    at file:///home/kevin/jules-master/node_modules/@radix-ui/react-collapsible/dist/index.mjs:20:7
    at Provider (file:///home/kevin/jules-master/node_modules/@radix-ui/react-context/dist/index.mjs:27:15)
    at file:///home/kevin/jules-master/node_modules/@radix-ui/react-accordion/dist/index.mjs:194:13
    at /home/kevin/jules-master/src/components/ui/accordion.tsx:15:59
    at Provider (file:///home/kevin/jules-master/node_modules/@radix-ui/react-context/dist/index.mjs:27:15)
    at TooltipProvider (file:///home/kevin/jules-master/node_modules/@radix-ui/react-tooltip/dist/index.mjs:29:5)
    at div
    at file:///home/kevin/jules-master/node_modules/@radix-ui/react-primitive/dist/index.mjs:28:13
    at file:///home/kevin/jules-master/node_modules/@radix-ui/react-collection/node_modules/@radix-ui/react-slot/dist/index.mjs:33:13
    at file:///home/kevin/jules-master/node_modules/@radix-ui/react-collection/node_modules/@radix-ui/react-slot/dist/index.mjs:9:13
    at file:///home/kevin/jules-master/node_modules/@radix-ui/react-collection/dist/index.mjs:27:15
    at Provider (file:///home/kevin/jules-master/node_modules/@radix-ui/react-context/dist/index.mjs:27:15)
    at file:///home/kevin/jules-master/node_modules/@radix-ui/react-accordion/dist/index.mjs:102:13
    at Provider (file:///home/kevin/jules-master/node_modules/@radix-ui/react-context/dist/index.mjs:27:15)
    at Provider (file:///home/kevin/jules-master/node_modules/@radix-ui/react-context/dist/index.mjs:27:15)
    at file:///home/kevin/jules-master/node_modules/@radix-ui/react-accordion/dist/index.mjs:68:12
    at Provider (file:///home/kevin/jules-master/node_modules/@radix-ui/react-context/dist/index.mjs:27:15)
    at CollectionProvider (file:///home/kevin/jules-master/node_modules/@radix-ui/react-collection/dist/index.mjs:17:13)
    at file:///home/kevin/jules-master/node_modules/@radix-ui/react-accordion/dist/index.mjs:26:13
    at div
    at /home/kevin/jules-master/src/components/ui/card.tsx:53:57
    at div
    at /home/kevin/jules-master/src/components/ui/card.tsx:11:50
    at SessionList (/home/kevin/jules-master/src/components/session-list.tsx:42:3)
    at div
    at main
    at div
    at HomePageContent (/home/kevin/jules-master/src/app/page.tsx:51:95)
    at Suspense
    at Home
Warning: An update to Presence inside a test was not wrapped in act(...).

When testing, code that causes React state updates should be wrapped into act(...):

act(() => {
  /* fire events that update state */
});
/* assert on the output */

This ensures that you're testing the behavior the user would see in the browser. Learn more at https://reactjs.org/link/wrap-tests-with-act
    at Presence (file:///home/kevin/jules-master/node_modules/@radix-ui/react-presence/dist/index.mjs:19:11)
    at file:///home/kevin/jules-master/node_modules/@radix-ui/react-collapsible/dist/index.mjs:80:13
    at file:///home/kevin/jules-master/node_modules/@radix-ui/react-accordion/dist/index.mjs:276:13
    at /home/kevin/jules-master/src/components/ui/accordion.tsx:38:62
    at div
    at file:///home/kevin/jules-master/node_modules/@radix-ui/react-primitive/dist/index.mjs:28:13
    at Provider (file:///home/kevin/jules-master/node_modules/@radix-ui/react-context/dist/index.mjs:27:15)
    at file:///home/kevin/jules-master/node_modules/@radix-ui/react-collapsible/dist/index.mjs:20:7
    at Provider (file:///home/kevin/jules-master/node_modules/@radix-ui/react-context/dist/index.mjs:27:15)
    at file:///home/kevin/jules-master/node_modules/@radix-ui/react-accordion/dist/index.mjs:194:13
    at /home/kevin/jules-master/src/components/ui/accordion.tsx:15:59
    at Provider (file:///home/kevin/jules-master/node_modules/@radix-ui/react-context/dist/index.mjs:27:15)
    at TooltipProvider (file:///home/kevin/jules-master/node_modules/@radix-ui/react-tooltip/dist/index.mjs:29:5)
    at div
    at file:///home/kevin/jules-master/node_modules/@radix-ui/react-primitive/dist/index.mjs:28:13
    at file:///home/kevin/jules-master/node_modules/@radix-ui/react-collection/node_modules/@radix-ui/react-slot/dist/index.mjs:33:13
    at file:///home/kevin/jules-master/node_modules/@radix-ui/react-collection/node_modules/@radix-ui/react-slot/dist/index.mjs:9:13
    at file:///home/kevin/jules-master/node_modules/@radix-ui/react-collection/dist/index.mjs:27:15
    at Provider (file:///home/kevin/jules-master/node_modules/@radix-ui/react-context/dist/index.mjs:27:15)
    at file:///home/kevin/jules-master/node_modules/@radix-ui/react-accordion/dist/index.mjs:102:13
    at Provider (file:///home/kevin/jules-master/node_modules/@radix-ui/react-context/dist/index.mjs:27:15)
    at Provider (file:///home/kevin/jules-master/node_modules/@radix-ui/react-context/dist/index.mjs:27:15)
    at file:///home/kevin/jules-master/node_modules/@radix-ui/react-accordion/dist/index.mjs:68:12
    at Provider (file:///home/kevin/jules-master/node_modules/@radix-ui/react-context/dist/index.mjs:27:15)
    at CollectionProvider (file:///home/kevin/jules-master/node_modules/@radix-ui/react-collection/dist/index.mjs:17:13)
    at file:///home/kevin/jules-master/node_modules/@radix-ui/react-accordion/dist/index.mjs:26:13
    at div
    at /home/kevin/jules-master/src/components/ui/card.tsx:53:57
    at div
    at /home/kevin/jules-master/src/components/ui/card.tsx:11:50
    at SessionList (/home/kevin/jules-master/src/components/session-list.tsx:42:3)
    at div
    at main
    at div
    at HomePageContent (/home/kevin/jules-master/src/app/page.tsx:51:95)
    at Suspense
    at Home
Warning: An update to Popper inside a test was not wrapped in act(...).

When testing, code that causes React state updates should be wrapped into act(...):

act(() => {
  /* fire events that update state */
});
/* assert on the output */

This ensures that you're testing the behavior the user would see in the browser. Learn more at https://reactjs.org/link/wrap-tests-with-act
    at Popper (file:///home/kevin/jules-master/node_modules/@radix-ui/react-popper/dist/index.mjs:30:11)
    at Tooltip (file:///home/kevin/jules-master/node_modules/@radix-ui/react-tooltip/dist/index.mjs:73:5)
    at div
    at div
    at div
    at file:///home/kevin/jules-master/node_modules/@radix-ui/react-primitive/dist/index.mjs:28:13
    at Provider (file:///home/kevin/jules-master/node_modules/@radix-ui/react-context/dist/index.mjs:27:15)
    at file:///home/kevin/jules-master/node_modules/@radix-ui/react-collapsible/dist/index.mjs:20:7
    at Provider (file:///home/kevin/jules-master/node_modules/@radix-ui/react-context/dist/index.mjs:27:15)
    at file:///home/kevin/jules-master/node_modules/@radix-ui/react-accordion/dist/index.mjs:194:13
    at /home/kevin/jules-master/src/components/ui/accordion.tsx:15:59
    at Provider (file:///home/kevin/jules-master/node_modules/@radix-ui/react-context/dist/index.mjs:27:15)
    at TooltipProvider (file:///home/kevin/jules-master/node_modules/@radix-ui/react-tooltip/dist/index.mjs:29:5)
    at div
    at file:///home/kevin/jules-master/node_modules/@radix-ui/react-primitive/dist/index.mjs:28:13
    at file:///home/kevin/jules-master/node_modules/@radix-ui/react-collection/node_modules/@radix-ui/react-slot/dist/index.mjs:33:13
    at file:///home/kevin/jules-master/node_modules/@radix-ui/react-collection/node_modules/@radix-ui/react-slot/dist/index.mjs:9:13
    at file:///home/kevin/jules-master/node_modules/@radix-ui/react-collection/dist/index.mjs:27:15
    at Provider (file:///home/kevin/jules-master/node_modules/@radix-ui/react-context/dist/index.mjs:27:15)
    at file:///home/kevin/jules-master/node_modules/@radix-ui/react-accordion/dist/index.mjs:102:13
    at Provider (file:///home/kevin/jules-master/node_modules/@radix-ui/react-context/dist/index.mjs:27:15)
    at Provider (file:///home/kevin/jules-master/node_modules/@radix-ui/react-context/dist/index.mjs:27:15)
    at file:///home/kevin/jules-master/node_modules/@radix-ui/react-accordion/dist/index.mjs:68:12
    at Provider (file:///home/kevin/jules-master/node_modules/@radix-ui/react-context/dist/index.mjs:27:15)
    at CollectionProvider (file:///home/kevin/jules-master/node_modules/@radix-ui/react-collection/dist/index.mjs:17:13)
    at file:///home/kevin/jules-master/node_modules/@radix-ui/react-accordion/dist/index.mjs:26:13
    at div
    at /home/kevin/jules-master/src/components/ui/card.tsx:53:57
    at div
    at /home/kevin/jules-master/src/components/ui/card.tsx:11:50
    at SessionList (/home/kevin/jules-master/src/components/session-list.tsx:42:3)
    at div
    at main
    at div
    at HomePageContent (/home/kevin/jules-master/src/app/page.tsx:51:95)
    at Suspense
    at Home
Warning: An update to Popper inside a test was not wrapped in act(...).

When testing, code that causes React state updates should be wrapped into act(...):

act(() => {
  /* fire events that update state */
});
/* assert on the output */

This ensures that you're testing the behavior the user would see in the browser. Learn more at https://reactjs.org/link/wrap-tests-with-act
    at Popper (file:///home/kevin/jules-master/node_modules/@radix-ui/react-popper/dist/index.mjs:30:11)
    at Tooltip (file:///home/kevin/jules-master/node_modules/@radix-ui/react-tooltip/dist/index.mjs:73:5)
    at div
    at div
    at div
    at file:///home/kevin/jules-master/node_modules/@radix-ui/react-primitive/dist/index.mjs:28:13
    at Provider (file:///home/kevin/jules-master/node_modules/@radix-ui/react-context/dist/index.mjs:27:15)
    at file:///home/kevin/jules-master/node_modules/@radix-ui/react-collapsible/dist/index.mjs:20:7
    at Provider (file:///home/kevin/jules-master/node_modules/@radix-ui/react-context/dist/index.mjs:27:15)
    at file:///home/kevin/jules-master/node_modules/@radix-ui/react-accordion/dist/index.mjs:194:13
    at /home/kevin/jules-master/src/components/ui/accordion.tsx:15:59
    at Provider (file:///home/kevin/jules-master/node_modules/@radix-ui/react-context/dist/index.mjs:27:15)
    at TooltipProvider (file:///home/kevin/jules-master/node_modules/@radix-ui/react-tooltip/dist/index.mjs:29:5)
    at div
    at file:///home/kevin/jules-master/node_modules/@radix-ui/react-primitive/dist/index.mjs:28:13
    at file:///home/kevin/jules-master/node_modules/@radix-ui/react-collection/node_modules/@radix-ui/react-slot/dist/index.mjs:33:13
    at file:///home/kevin/jules-master/node_modules/@radix-ui/react-collection/node_modules/@radix-ui/react-slot/dist/index.mjs:9:13
    at file:///home/kevin/jules-master/node_modules/@radix-ui/react-collection/dist/index.mjs:27:15
    at Provider (file:///home/kevin/jules-master/node_modules/@radix-ui/react-context/dist/index.mjs:27:15)
    at file:///home/kevin/jules-master/node_modules/@radix-ui/react-accordion/dist/index.mjs:102:13
    at Provider (file:///home/kevin/jules-master/node_modules/@radix-ui/react-context/dist/index.mjs:27:15)
    at Provider (file:///home/kevin/jules-master/node_modules/@radix-ui/react-context/dist/index.mjs:27:15)
    at file:///home/kevin/jules-master/node_modules/@radix-ui/react-accordion/dist/index.mjs:68:12
    at Provider (file:///home/kevin/jules-master/node_modules/@radix-ui/react-context/dist/index.mjs:27:15)
    at CollectionProvider (file:///home/kevin/jules-master/node_modules/@radix-ui/react-collection/dist/index.mjs:17:13)
    at file:///home/kevin/jules-master/node_modules/@radix-ui/react-accordion/dist/index.mjs:26:13
    at div
    at /home/kevin/jules-master/src/components/ui/card.tsx:53:57
    at div
    at /home/kevin/jules-master/src/components/ui/card.tsx:11:50
    at SessionList (/home/kevin/jules-master/src/components/session-list.tsx:42:3)
    at div
    at main
    at div
    at HomePageContent (/home/kevin/jules-master/src/app/page.tsx:51:95)
    at Suspense
    at Home
Warning: An update to Popper inside a test was not wrapped in act(...).

When testing, code that causes React state updates should be wrapped into act(...):

act(() => {
  /* fire events that update state */
});
/* assert on the output */

This ensures that you're testing the behavior the user would see in the browser. Learn more at https://reactjs.org/link/wrap-tests-with-act
    at Popper (file:///home/kevin/jules-master/node_modules/@radix-ui/react-popper/dist/index.mjs:30:11)
    at Tooltip (file:///home/kevin/jules-master/node_modules/@radix-ui/react-tooltip/dist/index.mjs:73:5)
    at div
    at div
    at div
    at file:///home/kevin/jules-master/node_modules/@radix-ui/react-primitive/dist/index.mjs:28:13
    at Provider (file:///home/kevin/jules-master/node_modules/@radix-ui/react-context/dist/index.mjs:27:15)
    at file:///home/kevin/jules-master/node_modules/@radix-ui/react-collapsible/dist/index.mjs:20:7
    at Provider (file:///home/kevin/jules-master/node_modules/@radix-ui/react-context/dist/index.mjs:27:15)
    at file:///home/kevin/jules-master/node_modules/@radix-ui/react-accordion/dist/index.mjs:194:13
    at /home/kevin/jules-master/src/components/ui/accordion.tsx:15:59
    at Provider (file:///home/kevin/jules-master/node_modules/@radix-ui/react-context/dist/index.mjs:27:15)
    at TooltipProvider (file:///home/kevin/jules-master/node_modules/@radix-ui/react-tooltip/dist/index.mjs:29:5)
    at div
    at file:///home/kevin/jules-master/node_modules/@radix-ui/react-primitive/dist/index.mjs:28:13
    at file:///home/kevin/jules-master/node_modules/@radix-ui/react-collection/node_modules/@radix-ui/react-slot/dist/index.mjs:33:13
    at file:///home/kevin/jules-master/node_modules/@radix-ui/react-collection/node_modules/@radix-ui/react-slot/dist/index.mjs:9:13
    at file:///home/kevin/jules-master/node_modules/@radix-ui/react-collection/dist/index.mjs:27:15
    at Provider (file:///home/kevin/jules-master/node_modules/@radix-ui/react-context/dist/index.mjs:27:15)
    at file:///home/kevin/jules-master/node_modules/@radix-ui/react-accordion/dist/index.mjs:102:13
    at Provider (file:///home/kevin/jules-master/node_modules/@radix-ui/react-context/dist/index.mjs:27:15)
    at Provider (file:///home/kevin/jules-master/node_modules/@radix-ui/react-context/dist/index.mjs:27:15)
    at file:///home/kevin/jules-master/node_modules/@radix-ui/react-accordion/dist/index.mjs:68:12
    at Provider (file:///home/kevin/jules-master/node_modules/@radix-ui/react-context/dist/index.mjs:27:15)
    at CollectionProvider (file:///home/kevin/jules-master/node_modules/@radix-ui/react-collection/dist/index.mjs:17:13)
    at file:///home/kevin/jules-master/node_modules/@radix-ui/react-accordion/dist/index.mjs:26:13
    at div
    at /home/kevin/jules-master/src/components/ui/card.tsx:53:57
    at div
    at /home/kevin/jules-master/src/components/ui/card.tsx:11:50
    at SessionList (/home/kevin/jules-master/src/components/session-list.tsx:42:3)
    at div
    at main
    at div
    at HomePageContent (/home/kevin/jules-master/src/app/page.tsx:51:95)
    at Suspense
    at Home
Warning: An update to Popper inside a test was not wrapped in act(...).

When testing, code that causes React state updates should be wrapped into act(...):

act(() => {
  /* fire events that update state */
});
/* assert on the output */

This ensures that you're testing the behavior the user would see in the browser. Learn more at https://reactjs.org/link/wrap-tests-with-act
    at Popper (file:///home/kevin/jules-master/node_modules/@radix-ui/react-popper/dist/index.mjs:30:11)
    at Tooltip (file:///home/kevin/jules-master/node_modules/@radix-ui/react-tooltip/dist/index.mjs:73:5)
    at Provider (file:///home/kevin/jules-master/node_modules/@radix-ui/react-context/dist/index.mjs:27:15)
    at Dialog (file:///home/kevin/jules-master/node_modules/@radix-ui/react-dialog/dist/index.mjs:25:5)
    at MessageDialog (/home/kevin/jules-master/src/components/message-dialog.tsx:28:3)
    at div
    at div
    at div
    at file:///home/kevin/jules-master/node_modules/@radix-ui/react-primitive/dist/index.mjs:28:13
    at Provider (file:///home/kevin/jules-master/node_modules/@radix-ui/react-context/dist/index.mjs:27:15)
    at file:///home/kevin/jules-master/node_modules/@radix-ui/react-collapsible/dist/index.mjs:20:7
    at Provider (file:///home/kevin/jules-master/node_modules/@radix-ui/react-context/dist/index.mjs:27:15)
    at file:///home/kevin/jules-master/node_modules/@radix-ui/react-accordion/dist/index.mjs:194:13
    at /home/kevin/jules-master/src/components/ui/accordion.tsx:15:59
    at Provider (file:///home/kevin/jules-master/node_modules/@radix-ui/react-context/dist/index.mjs:27:15)
    at TooltipProvider (file:///home/kevin/jules-master/node_modules/@radix-ui/react-tooltip/dist/index.mjs:29:5)
    at div
    at file:///home/kevin/jules-master/node_modules/@radix-ui/react-primitive/dist/index.mjs:28:13
    at file:///home/kevin/jules-master/node_modules/@radix-ui/react-collection/node_modules/@radix-ui/react-slot/dist/index.mjs:33:13
    at file:///home/kevin/jules-master/node_modules/@radix-ui/react-collection/node_modules/@radix-ui/react-slot/dist/index.mjs:9:13
    at file:///home/kevin/jules-master/node_modules/@radix-ui/react-collection/dist/index.mjs:27:15
    at Provider (file:///home/kevin/jules-master/node_modules/@radix-ui/react-context/dist/index.mjs:27:15)
    at file:///home/kevin/jules-master/node_modules/@radix-ui/react-accordion/dist/index.mjs:102:13
    at Provider (file:///home/kevin/jules-master/node_modules/@radix-ui/react-context/dist/index.mjs:27:15)
    at Provider (file:///home/kevin/jules-master/node_modules/@radix-ui/react-context/dist/index.mjs:27:15)
    at file:///home/kevin/jules-master/node_modules/@radix-ui/react-accordion/dist/index.mjs:68:12
    at Provider (file:///home/kevin/jules-master/node_modules/@radix-ui/react-context/dist/index.mjs:27:15)
    at CollectionProvider (file:///home/kevin/jules-master/node_modules/@radix-ui/react-collection/dist/index.mjs:17:13)
    at file:///home/kevin/jules-master/node_modules/@radix-ui/react-accordion/dist/index.mjs:26:13
    at div
    at /home/kevin/jules-master/src/components/ui/card.tsx:53:57
    at div
    at /home/kevin/jules-master/src/components/ui/card.tsx:11:50
    at SessionList (/home/kevin/jules-master/src/components/session-list.tsx:42:3)
    at div
    at main
    at div
    at HomePageContent (/home/kevin/jules-master/src/app/page.tsx:51:95)
    at Suspense
    at Home
Warning: An update to Popper inside a test was not wrapped in act(...).

When testing, code that causes React state updates should be wrapped into act(...):

act(() => {
  /* fire events that update state */
});
/* assert on the output */

This ensures that you're testing the behavior the user would see in the browser. Learn more at https://reactjs.org/link/wrap-tests-with-act
    at Popper (file:///home/kevin/jules-master/node_modules/@radix-ui/react-popper/dist/index.mjs:30:11)
    at Popover (file:///home/kevin/jules-master/node_modules/@radix-ui/react-popover/dist/index.mjs:30:5)
    at div
    at div
    at div
    at file:///home/kevin/jules-master/node_modules/@radix-ui/react-primitive/dist/index.mjs:28:13
    at Provider (file:///home/kevin/jules-master/node_modules/@radix-ui/react-context/dist/index.mjs:27:15)
    at file:///home/kevin/jules-master/node_modules/@radix-ui/react-collapsible/dist/index.mjs:20:7
    at Provider (file:///home/kevin/jules-master/node_modules/@radix-ui/react-context/dist/index.mjs:27:15)
    at file:///home/kevin/jules-master/node_modules/@radix-ui/react-accordion/dist/index.mjs:194:13
    at /home/kevin/jules-master/src/components/ui/accordion.tsx:15:59
    at Provider (file:///home/kevin/jules-master/node_modules/@radix-ui/react-context/dist/index.mjs:27:15)
    at TooltipProvider (file:///home/kevin/jules-master/node_modules/@radix-ui/react-tooltip/dist/index.mjs:29:5)
    at div
    at file:///home/kevin/jules-master/node_modules/@radix-ui/react-primitive/dist/index.mjs:28:13
    at file:///home/kevin/jules-master/node_modules/@radix-ui/react-collection/node_modules/@radix-ui/react-slot/dist/index.mjs:33:13
    at file:///home/kevin/jules-master/node_modules/@radix-ui/react-collection/node_modules/@radix-ui/react-slot/dist/index.mjs:9:13
    at file:///home/kevin/jules-master/node_modules/@radix-ui/react-collection/dist/index.mjs:27:15
    at Provider (file:///home/kevin/jules-master/node_modules/@radix-ui/react-context/dist/index.mjs:27:15)
    at file:///home/kevin/jules-master/node_modules/@radix-ui/react-accordion/dist/index.mjs:102:13
    at Provider (file:///home/kevin/jules-master/node_modules/@radix-ui/react-context/dist/index.mjs:27:15)
    at Provider (file:///home/kevin/jules-master/node_modules/@radix-ui/react-context/dist/index.mjs:27:15)
    at file:///home/kevin/jules-master/node_modules/@radix-ui/react-accordion/dist/index.mjs:68:12
    at Provider (file:///home/kevin/jules-master/node_modules/@radix-ui/react-context/dist/index.mjs:27:15)
    at CollectionProvider (file:///home/kevin/jules-master/node_modules/@radix-ui/react-collection/dist/index.mjs:17:13)
    at file:///home/kevin/jules-master/node_modules/@radix-ui/react-accordion/dist/index.mjs:26:13
    at div
    at /home/kevin/jules-master/src/components/ui/card.tsx:53:57
    at div
    at /home/kevin/jules-master/src/components/ui/card.tsx:11:50
    at SessionList (/home/kevin/jules-master/src/components/session-list.tsx:42:3)
    at div
    at main
    at div
    at HomePageContent (/home/kevin/jules-master/src/app/page.tsx:51:95)
    at Suspense
    at Home
Warning: An update to Popper inside a test was not wrapped in act(...).

When testing, code that causes React state updates should be wrapped into act(...):

act(() => {
  /* fire events that update state */
});
/* assert on the output */

This ensures that you're testing the behavior the user would see in the browser. Learn more at https://reactjs.org/link/wrap-tests-with-act
    at Popper (file:///home/kevin/jules-master/node_modules/@radix-ui/react-popper/dist/index.mjs:30:11)
    at Tooltip (file:///home/kevin/jules-master/node_modules/@radix-ui/react-tooltip/dist/index.mjs:73:5)
    at Provider (file:///home/kevin/jules-master/node_modules/@radix-ui/react-context/dist/index.mjs:27:15)
    at Provider (file:///home/kevin/jules-master/node_modules/@radix-ui/react-context/dist/index.mjs:27:15)
    at Popper (file:///home/kevin/jules-master/node_modules/@radix-ui/react-popper/dist/index.mjs:30:11)
    at Popover (file:///home/kevin/jules-master/node_modules/@radix-ui/react-popover/dist/index.mjs:30:5)
    at div
    at div
    at div
    at file:///home/kevin/jules-master/node_modules/@radix-ui/react-primitive/dist/index.mjs:28:13
    at Provider (file:///home/kevin/jules-master/node_modules/@radix-ui/react-context/dist/index.mjs:27:15)
    at file:///home/kevin/jules-master/node_modules/@radix-ui/react-collapsible/dist/index.mjs:20:7
    at Provider (file:///home/kevin/jules-master/node_modules/@radix-ui/react-context/dist/index.mjs:27:15)
    at file:///home/kevin/jules-master/node_modules/@radix-ui/react-accordion/dist/index.mjs:194:13
    at /home/kevin/jules-master/src/components/ui/accordion.tsx:15:59
    at Provider (file:///home/kevin/jules-master/node_modules/@radix-ui/react-context/dist/index.mjs:27:15)
    at TooltipProvider (file:///home/kevin/jules-master/node_modules/@radix-ui/react-tooltip/dist/index.mjs:29:5)
    at div
    at file:///home/kevin/jules-master/node_modules/@radix-ui/react-primitive/dist/index.mjs:28:13
    at file:///home/kevin/jules-master/node_modules/@radix-ui/react-collection/node_modules/@radix-ui/react-slot/dist/index.mjs:33:13
    at file:///home/kevin/jules-master/node_modules/@radix-ui/react-collection/node_modules/@radix-ui/react-slot/dist/index.mjs:9:13
    at file:///home/kevin/jules-master/node_modules/@radix-ui/react-collection/dist/index.mjs:27:15
    at Provider (file:///home/kevin/jules-master/node_modules/@radix-ui/react-context/dist/index.mjs:27:15)
    at file:///home/kevin/jules-master/node_modules/@radix-ui/react-accordion/dist/index.mjs:102:13
    at Provider (file:///home/kevin/jules-master/node_modules/@radix-ui/react-context/dist/index.mjs:27:15)
    at Provider (file:///home/kevin/jules-master/node_modules/@radix-ui/react-context/dist/index.mjs:27:15)
    at file:///home/kevin/jules-master/node_modules/@radix-ui/react-accordion/dist/index.mjs:68:12
    at Provider (file:///home/kevin/jules-master/node_modules/@radix-ui/react-context/dist/index.mjs:27:15)
    at CollectionProvider (file:///home/kevin/jules-master/node_modules/@radix-ui/react-collection/dist/index.mjs:17:13)
    at file:///home/kevin/jules-master/node_modules/@radix-ui/react-accordion/dist/index.mjs:26:13
    at div
    at /home/kevin/jules-master/src/components/ui/card.tsx:53:57
    at div
    at /home/kevin/jules-master/src/components/ui/card.tsx:11:50
    at SessionList (/home/kevin/jules-master/src/components/session-list.tsx:42:3)
    at div
    at main
    at div
    at HomePageContent (/home/kevin/jules-master/src/app/page.tsx:51:95)
    at Suspense
    at Home
Warning: An update to CheckboxProvider inside a test was not wrapped in act(...).

When testing, code that causes React state updates should be wrapped into act(...):

act(() => {
  /* fire events that update state */
});
/* assert on the output */

This ensures that you're testing the behavior the user would see in the browser. Learn more at https://reactjs.org/link/wrap-tests-with-act
    at CheckboxProvider (file:///home/kevin/jules-master/node_modules/@radix-ui/react-checkbox/dist/index.mjs:19:5)
    at file:///home/kevin/jules-master/node_modules/@radix-ui/react-checkbox/dist/index.mjs:126:7
    at /home/kevin/jules-master/src/components/ui/checkbox.tsx:11:54
    at div
    at div
    at file:///home/kevin/jules-master/node_modules/@radix-ui/react-primitive/dist/index.mjs:28:13
    at Provider (file:///home/kevin/jules-master/node_modules/@radix-ui/react-context/dist/index.mjs:27:15)
    at file:///home/kevin/jules-master/node_modules/@radix-ui/react-collapsible/dist/index.mjs:20:7
    at Provider (file:///home/kevin/jules-master/node_modules/@radix-ui/react-context/dist/index.mjs:27:15)
    at file:///home/kevin/jules-master/node_modules/@radix-ui/react-accordion/dist/index.mjs:194:13
    at /home/kevin/jules-master/src/components/ui/accordion.tsx:15:59
    at Provider (file:///home/kevin/jules-master/node_modules/@radix-ui/react-context/dist/index.mjs:27:15)
    at TooltipProvider (file:///home/kevin/jules-master/node_modules/@radix-ui/react-tooltip/dist/index.mjs:29:5)
    at div
    at file:///home/kevin/jules-master/node_modules/@radix-ui/react-primitive/dist/index.mjs:28:13
    at file:///home/kevin/jules-master/node_modules/@radix-ui/react-collection/node_modules/@radix-ui/react-slot/dist/index.mjs:33:13
    at file:///home/kevin/jules-master/node_modules/@radix-ui/react-collection/node_modules/@radix-ui/react-slot/dist/index.mjs:9:13
    at file:///home/kevin/jules-master/node_modules/@radix-ui/react-collection/dist/index.mjs:27:15
    at Provider (file:///home/kevin/jules-master/node_modules/@radix-ui/react-context/dist/index.mjs:27:15)
    at file:///home/kevin/jules-master/node_modules/@radix-ui/react-accordion/dist/index.mjs:102:13
    at Provider (file:///home/kevin/jules-master/node_modules/@radix-ui/react-context/dist/index.mjs:27:15)
    at Provider (file:///home/kevin/jules-master/node_modules/@radix-ui/react-context/dist/index.mjs:27:15)
    at file:///home/kevin/jules-master/node_modules/@radix-ui/react-accordion/dist/index.mjs:68:12
    at Provider (file:///home/kevin/jules-master/node_modules/@radix-ui/react-context/dist/index.mjs:27:15)
    at CollectionProvider (file:///home/kevin/jules-master/node_modules/@radix-ui/react-collection/dist/index.mjs:17:13)
    at file:///home/kevin/jules-master/node_modules/@radix-ui/react-accordion/dist/index.mjs:26:13
    at div
    at /home/kevin/jules-master/src/components/ui/card.tsx:53:57
    at div
    at /home/kevin/jules-master/src/components/ui/card.tsx:11:50
    at SessionList (/home/kevin/jules-master/src/components/session-list.tsx:42:3)
    at div
    at main
    at div
    at HomePageContent (/home/kevin/jules-master/src/app/page.tsx:51:95)
    at Suspense
    at Home
Warning: An update to Tooltip inside a test was not wrapped in act(...).

When testing, code that causes React state updates should be wrapped into act(...):

act(() => {
  /* fire events that update state */
});
/* assert on the output */

This ensures that you're testing the behavior the user would see in the browser. Learn more at https://reactjs.org/link/wrap-tests-with-act
    at Tooltip (file:///home/kevin/jules-master/node_modules/@radix-ui/react-tooltip/dist/index.mjs:73:5)
    at div
    at div
    at div
    at file:///home/kevin/jules-master/node_modules/@radix-ui/react-primitive/dist/index.mjs:28:13
    at Provider (file:///home/kevin/jules-master/node_modules/@radix-ui/react-context/dist/index.mjs:27:15)
    at file:///home/kevin/jules-master/node_modules/@radix-ui/react-collapsible/dist/index.mjs:20:7
    at Provider (file:///home/kevin/jules-master/node_modules/@radix-ui/react-context/dist/index.mjs:27:15)
    at file:///home/kevin/jules-master/node_modules/@radix-ui/react-accordion/dist/index.mjs:194:13
    at /home/kevin/jules-master/src/components/ui/accordion.tsx:15:59
    at Provider (file:///home/kevin/jules-master/node_modules/@radix-ui/react-context/dist/index.mjs:27:15)
    at TooltipProvider (file:///home/kevin/jules-master/node_modules/@radix-ui/react-tooltip/dist/index.mjs:29:5)
    at div
    at file:///home/kevin/jules-master/node_modules/@radix-ui/react-primitive/dist/index.mjs:28:13
    at file:///home/kevin/jules-master/node_modules/@radix-ui/react-collection/node_modules/@radix-ui/react-slot/dist/index.mjs:33:13
    at file:///home/kevin/jules-master/node_modules/@radix-ui/react-collection/node_modules/@radix-ui/react-slot/dist/index.mjs:9:13
    at file:///home/kevin/jules-master/node_modules/@radix-ui/react-collection/dist/index.mjs:27:15
    at Provider (file:///home/kevin/jules-master/node_modules/@radix-ui/react-context/dist/index.mjs:27:15)
    at file:///home/kevin/jules-master/node_modules/@radix-ui/react-accordion/dist/index.mjs:102:13
    at Provider (file:///home/kevin/jules-master/node_modules/@radix-ui/react-context/dist/index.mjs:27:15)
    at Provider (file:///home/kevin/jules-master/node_modules/@radix-ui/react-context/dist/index.mjs:27:15)
    at file:///home/kevin/jules-master/node_modules/@radix-ui/react-accordion/dist/index.mjs:68:12
    at Provider (file:///home/kevin/jules-master/node_modules/@radix-ui/react-context/dist/index.mjs:27:15)
    at CollectionProvider (file:///home/kevin/jules-master/node_modules/@radix-ui/react-collection/dist/index.mjs:17:13)
    at file:///home/kevin/jules-master/node_modules/@radix-ui/react-accordion/dist/index.mjs:26:13
    at div
    at /home/kevin/jules-master/src/components/ui/card.tsx:53:57
    at div
    at /home/kevin/jules-master/src/components/ui/card.tsx:11:50
    at SessionList (/home/kevin/jules-master/src/components/session-list.tsx:42:3)
    at div
    at main
    at div
    at HomePageContent (/home/kevin/jules-master/src/app/page.tsx:51:95)
    at Suspense
    at Home
Warning: An update to Tooltip inside a test was not wrapped in act(...).

When testing, code that causes React state updates should be wrapped into act(...):

act(() => {
  /* fire events that update state */
});
/* assert on the output */

This ensures that you're testing the behavior the user would see in the browser. Learn more at https://reactjs.org/link/wrap-tests-with-act
    at Tooltip (file:///home/kevin/jules-master/node_modules/@radix-ui/react-tooltip/dist/index.mjs:73:5)
    at div
    at div
    at div
    at file:///home/kevin/jules-master/node_modules/@radix-ui/react-primitive/dist/index.mjs:28:13
    at Provider (file:///home/kevin/jules-master/node_modules/@radix-ui/react-context/dist/index.mjs:27:15)
    at file:///home/kevin/jules-master/node_modules/@radix-ui/react-collapsible/dist/index.mjs:20:7
    at Provider (file:///home/kevin/jules-master/node_modules/@radix-ui/react-context/dist/index.mjs:27:15)
    at file:///home/kevin/jules-master/node_modules/@radix-ui/react-accordion/dist/index.mjs:194:13
    at /home/kevin/jules-master/src/components/ui/accordion.tsx:15:59
    at Provider (file:///home/kevin/jules-master/node_modules/@radix-ui/react-context/dist/index.mjs:27:15)
    at TooltipProvider (file:///home/kevin/jules-master/node_modules/@radix-ui/react-tooltip/dist/index.mjs:29:5)
    at div
    at file:///home/kevin/jules-master/node_modules/@radix-ui/react-primitive/dist/index.mjs:28:13
    at file:///home/kevin/jules-master/node_modules/@radix-ui/react-collection/node_modules/@radix-ui/react-slot/dist/index.mjs:33:13
    at file:///home/kevin/jules-master/node_modules/@radix-ui/react-collection/node_modules/@radix-ui/react-slot/dist/index.mjs:9:13
    at file:///home/kevin/jules-master/node_modules/@radix-ui/react-collection/dist/index.mjs:27:15
    at Provider (file:///home/kevin/jules-master/node_modules/@radix-ui/react-context/dist/index.mjs:27:15)
    at file:///home/kevin/jules-master/node_modules/@radix-ui/react-accordion/dist/index.mjs:102:13
    at Provider (file:///home/kevin/jules-master/node_modules/@radix-ui/react-context/dist/index.mjs:27:15)
    at Provider (file:///home/kevin/jules-master/node_modules/@radix-ui/react-context/dist/index.mjs:27:15)
    at file:///home/kevin/jules-master/node_modules/@radix-ui/react-accordion/dist/index.mjs:68:12
    at Provider (file:///home/kevin/jules-master/node_modules/@radix-ui/react-context/dist/index.mjs:27:15)
    at CollectionProvider (file:///home/kevin/jules-master/node_modules/@radix-ui/react-collection/dist/index.mjs:17:13)
    at file:///home/kevin/jules-master/node_modules/@radix-ui/react-accordion/dist/index.mjs:26:13
    at div
    at /home/kevin/jules-master/src/components/ui/card.tsx:53:57
    at div
    at /home/kevin/jules-master/src/components/ui/card.tsx:11:50
    at SessionList (/home/kevin/jules-master/src/components/session-list.tsx:42:3)
    at div
    at main
    at div
    at HomePageContent (/home/kevin/jules-master/src/app/page.tsx:51:95)
    at Suspense
    at Home
Warning: An update to Tooltip inside a test was not wrapped in act(...).

When testing, code that causes React state updates should be wrapped into act(...):

act(() => {
  /* fire events that update state */
});
/* assert on the output */

This ensures that you're testing the behavior the user would see in the browser. Learn more at https://reactjs.org/link/wrap-tests-with-act
    at Tooltip (file:///home/kevin/jules-master/node_modules/@radix-ui/react-tooltip/dist/index.mjs:73:5)
    at div
    at div
    at div
    at file:///home/kevin/jules-master/node_modules/@radix-ui/react-primitive/dist/index.mjs:28:13
    at Provider (file:///home/kevin/jules-master/node_modules/@radix-ui/react-context/dist/index.mjs:27:15)
    at file:///home/kevin/jules-master/node_modules/@radix-ui/react-collapsible/dist/index.mjs:20:7
    at Provider (file:///home/kevin/jules-master/node_modules/@radix-ui/react-context/dist/index.mjs:27:15)
    at file:///home/kevin/jules-master/node_modules/@radix-ui/react-accordion/dist/index.mjs:194:13
    at /home/kevin/jules-master/src/components/ui/accordion.tsx:15:59
    at Provider (file:///home/kevin/jules-master/node_modules/@radix-ui/react-context/dist/index.mjs:27:15)
    at TooltipProvider (file:///home/kevin/jules-master/node_modules/@radix-ui/react-tooltip/dist/index.mjs:29:5)
    at div
    at file:///home/kevin/jules-master/node_modules/@radix-ui/react-primitive/dist/index.mjs:28:13
    at file:///home/kevin/jules-master/node_modules/@radix-ui/react-collection/node_modules/@radix-ui/react-slot/dist/index.mjs:33:13
    at file:///home/kevin/jules-master/node_modules/@radix-ui/react-collection/node_modules/@radix-ui/react-slot/dist/index.mjs:9:13
    at file:///home/kevin/jules-master/node_modules/@radix-ui/react-collection/dist/index.mjs:27:15
    at Provider (file:///home/kevin/jules-master/node_modules/@radix-ui/react-context/dist/index.mjs:27:15)
    at file:///home/kevin/jules-master/node_modules/@radix-ui/react-accordion/dist/index.mjs:102:13
    at Provider (file:///home/kevin/jules-master/node_modules/@radix-ui/react-context/dist/index.mjs:27:15)
    at Provider (file:///home/kevin/jules-master/node_modules/@radix-ui/react-context/dist/index.mjs:27:15)
    at file:///home/kevin/jules-master/node_modules/@radix-ui/react-accordion/dist/index.mjs:68:12
    at Provider (file:///home/kevin/jules-master/node_modules/@radix-ui/react-context/dist/index.mjs:27:15)
    at CollectionProvider (file:///home/kevin/jules-master/node_modules/@radix-ui/react-collection/dist/index.mjs:17:13)
    at file:///home/kevin/jules-master/node_modules/@radix-ui/react-accordion/dist/index.mjs:26:13
    at div
    at /home/kevin/jules-master/src/components/ui/card.tsx:53:57
    at div
    at /home/kevin/jules-master/src/components/ui/card.tsx:11:50
    at SessionList (/home/kevin/jules-master/src/components/session-list.tsx:42:3)
    at div
    at main
    at div
    at HomePageContent (/home/kevin/jules-master/src/app/page.tsx:51:95)
    at Suspense
    at Home
Warning: An update to Tooltip inside a test was not wrapped in act(...).

When testing, code that causes React state updates should be wrapped into act(...):

act(() => {
  /* fire events that update state */
});
/* assert on the output */

This ensures that you're testing the behavior the user would see in the browser. Learn more at https://reactjs.org/link/wrap-tests-with-act
    at Tooltip (file:///home/kevin/jules-master/node_modules/@radix-ui/react-tooltip/dist/index.mjs:73:5)
    at Provider (file:///home/kevin/jules-master/node_modules/@radix-ui/react-context/dist/index.mjs:27:15)
    at Dialog (file:///home/kevin/jules-master/node_modules/@radix-ui/react-dialog/dist/index.mjs:25:5)
    at MessageDialog (/home/kevin/jules-master/src/components/message-dialog.tsx:28:3)
    at div
    at div
    at div
    at file:///home/kevin/jules-master/node_modules/@radix-ui/react-primitive/dist/index.mjs:28:13
    at Provider (file:///home/kevin/jules-master/node_modules/@radix-ui/react-context/dist/index.mjs:27:15)
    at file:///home/kevin/jules-master/node_modules/@radix-ui/react-collapsible/dist/index.mjs:20:7
    at Provider (file:///home/kevin/jules-master/node_modules/@radix-ui/react-context/dist/index.mjs:27:15)
    at file:///home/kevin/jules-master/node_modules/@radix-ui/react-accordion/dist/index.mjs:194:13
    at /home/kevin/jules-master/src/components/ui/accordion.tsx:15:59
    at Provider (file:///home/kevin/jules-master/node_modules/@radix-ui/react-context/dist/index.mjs:27:15)
    at TooltipProvider (file:///home/kevin/jules-master/node_modules/@radix-ui/react-tooltip/dist/index.mjs:29:5)
    at div
    at file:///home/kevin/jules-master/node_modules/@radix-ui/react-primitive/dist/index.mjs:28:13
    at file:///home/kevin/jules-master/node_modules/@radix-ui/react-collection/node_modules/@radix-ui/react-slot/dist/index.mjs:33:13
    at file:///home/kevin/jules-master/node_modules/@radix-ui/react-collection/node_modules/@radix-ui/react-slot/dist/index.mjs:9:13
    at file:///home/kevin/jules-master/node_modules/@radix-ui/react-collection/dist/index.mjs:27:15
    at Provider (file:///home/kevin/jules-master/node_modules/@radix-ui/react-context/dist/index.mjs:27:15)
    at file:///home/kevin/jules-master/node_modules/@radix-ui/react-accordion/dist/index.mjs:102:13
    at Provider (file:///home/kevin/jules-master/node_modules/@radix-ui/react-context/dist/index.mjs:27:15)
    at Provider (file:///home/kevin/jules-master/node_modules/@radix-ui/react-context/dist/index.mjs:27:15)
    at file:///home/kevin/jules-master/node_modules/@radix-ui/react-accordion/dist/index.mjs:68:12
    at Provider (file:///home/kevin/jules-master/node_modules/@radix-ui/react-context/dist/index.mjs:27:15)
    at CollectionProvider (file:///home/kevin/jules-master/node_modules/@radix-ui/react-collection/dist/index.mjs:17:13)
    at file:///home/kevin/jules-master/node_modules/@radix-ui/react-accordion/dist/index.mjs:26:13
    at div
    at /home/kevin/jules-master/src/components/ui/card.tsx:53:57
    at div
    at /home/kevin/jules-master/src/components/ui/card.tsx:11:50
    at SessionList (/home/kevin/jules-master/src/components/session-list.tsx:42:3)
    at div
    at main
    at div
    at HomePageContent (/home/kevin/jules-master/src/app/page.tsx:51:95)
    at Suspense
    at Home
Warning: An update to Tooltip inside a test was not wrapped in act(...).

When testing, code that causes React state updates should be wrapped into act(...):

act(() => {
  /* fire events that update state */
});
/* assert on the output */

This ensures that you're testing the behavior the user would see in the browser. Learn more at https://reactjs.org/link/wrap-tests-with-act
    at Tooltip (file:///home/kevin/jules-master/node_modules/@radix-ui/react-tooltip/dist/index.mjs:73:5)
    at Provider (file:///home/kevin/jules-master/node_modules/@radix-ui/react-context/dist/index.mjs:27:15)
    at Provider (file:///home/kevin/jules-master/node_modules/@radix-ui/react-context/dist/index.mjs:27:15)
    at Popper (file:///home/kevin/jules-master/node_modules/@radix-ui/react-popper/dist/index.mjs:30:11)
    at Popover (file:///home/kevin/jules-master/node_modules/@radix-ui/react-popover/dist/index.mjs:30:5)
    at div
    at div
    at div
    at file:///home/kevin/jules-master/node_modules/@radix-ui/react-primitive/dist/index.mjs:28:13
    at Provider (file:///home/kevin/jules-master/node_modules/@radix-ui/react-context/dist/index.mjs:27:15)
    at file:///home/kevin/jules-master/node_modules/@radix-ui/react-collapsible/dist/index.mjs:20:7
    at Provider (file:///home/kevin/jules-master/node_modules/@radix-ui/react-context/dist/index.mjs:27:15)
    at file:///home/kevin/jules-master/node_modules/@radix-ui/react-accordion/dist/index.mjs:194:13
    at /home/kevin/jules-master/src/components/ui/accordion.tsx:15:59
    at Provider (file:///home/kevin/jules-master/node_modules/@radix-ui/react-context/dist/index.mjs:27:15)
    at TooltipProvider (file:///home/kevin/jules-master/node_modules/@radix-ui/react-tooltip/dist/index.mjs:29:5)
    at div
    at file:///home/kevin/jules-master/node_modules/@radix-ui/react-primitive/dist/index.mjs:28:13
    at file:///home/kevin/jules-master/node_modules/@radix-ui/react-collection/node_modules/@radix-ui/react-slot/dist/index.mjs:33:13
    at file:///home/kevin/jules-master/node_modules/@radix-ui/react-collection/node_modules/@radix-ui/react-slot/dist/index.mjs:9:13
    at file:///home/kevin/jules-master/node_modules/@radix-ui/react-collection/dist/index.mjs:27:15
    at Provider (file:///home/kevin/jules-master/node_modules/@radix-ui/react-context/dist/index.mjs:27:15)
    at file:///home/kevin/jules-master/node_modules/@radix-ui/react-accordion/dist/index.mjs:102:13
    at Provider (file:///home/kevin/jules-master/node_modules/@radix-ui/react-context/dist/index.mjs:27:15)
    at Provider (file:///home/kevin/jules-master/node_modules/@radix-ui/react-context/dist/index.mjs:27:15)
    at file:///home/kevin/jules-master/node_modules/@radix-ui/react-accordion/dist/index.mjs:68:12
    at Provider (file:///home/kevin/jules-master/node_modules/@radix-ui/react-context/dist/index.mjs:27:15)
    at CollectionProvider (file:///home/kevin/jules-master/node_modules/@radix-ui/react-collection/dist/index.mjs:17:13)
    at file:///home/kevin/jules-master/node_modules/@radix-ui/react-accordion/dist/index.mjs:26:13
    at div
    at /home/kevin/jules-master/src/components/ui/card.tsx:53:57
    at div
    at /home/kevin/jules-master/src/components/ui/card.tsx:11:50
    at SessionList (/home/kevin/jules-master/src/components/session-list.tsx:42:3)
    at div
    at main
    at div
    at HomePageContent (/home/kevin/jules-master/src/app/page.tsx:51:95)
    at Suspense
    at Home
Warning: An update to Tooltip inside a test was not wrapped in act(...).

When testing, code that causes React state updates should be wrapped into act(...):

act(() => {
  /* fire events that update state */
});
/* assert on the output */

This ensures that you're testing the behavior the user would see in the browser. Learn more at https://reactjs.org/link/wrap-tests-with-act
    at Tooltip (file:///home/kevin/jules-master/node_modules/@radix-ui/react-tooltip/dist/index.mjs:73:5)
    at div
    at div
    at div
    at file:///home/kevin/jules-master/node_modules/@radix-ui/react-primitive/dist/index.mjs:28:13
    at Provider (file:///home/kevin/jules-master/node_modules/@radix-ui/react-context/dist/index.mjs:27:15)
    at file:///home/kevin/jules-master/node_modules/@radix-ui/react-collapsible/dist/index.mjs:20:7
    at Provider (file:///home/kevin/jules-master/node_modules/@radix-ui/react-context/dist/index.mjs:27:15)
    at file:///home/kevin/jules-master/node_modules/@radix-ui/react-accordion/dist/index.mjs:194:13
    at /home/kevin/jules-master/src/components/ui/accordion.tsx:15:59
    at Provider (file:///home/kevin/jules-master/node_modules/@radix-ui/react-context/dist/index.mjs:27:15)
    at TooltipProvider (file:///home/kevin/jules-master/node_modules/@radix-ui/react-tooltip/dist/index.mjs:29:5)
    at div
    at file:///home/kevin/jules-master/node_modules/@radix-ui/react-primitive/dist/index.mjs:28:13
    at file:///home/kevin/jules-master/node_modules/@radix-ui/react-collection/node_modules/@radix-ui/react-slot/dist/index.mjs:33:13
    at file:///home/kevin/jules-master/node_modules/@radix-ui/react-collection/node_modules/@radix-ui/react-slot/dist/index.mjs:9:13
    at file:///home/kevin/jules-master/node_modules/@radix-ui/react-collection/dist/index.mjs:27:15
    at Provider (file:///home/kevin/jules-master/node_modules/@radix-ui/react-context/dist/index.mjs:27:15)
    at file:///home/kevin/jules-master/node_modules/@radix-ui/react-accordion/dist/index.mjs:102:13
    at Provider (file:///home/kevin/jules-master/node_modules/@radix-ui/react-context/dist/index.mjs:27:15)
    at Provider (file:///home/kevin/jules-master/node_modules/@radix-ui/react-context/dist/index.mjs:27:15)
    at file:///home/kevin/jules-master/node_modules/@radix-ui/react-accordion/dist/index.mjs:68:12
    at Provider (file:///home/kevin/jules-master/node_modules/@radix-ui/react-context/dist/index.mjs:27:15)
    at CollectionProvider (file:///home/kevin/jules-master/node_modules/@radix-ui/react-collection/dist/index.mjs:17:13)
    at file:///home/kevin/jules-master/node_modules/@radix-ui/react-accordion/dist/index.mjs:26:13
    at div
    at /home/kevin/jules-master/src/components/ui/card.tsx:53:57
    at div
    at /home/kevin/jules-master/src/components/ui/card.tsx:11:50
    at SessionList (/home/kevin/jules-master/src/components/session-list.tsx:42:3)
    at div
    at main
    at div
    at HomePageContent (/home/kevin/jules-master/src/app/page.tsx:51:95)
    at Suspense
    at Home
Warning: An update to Tooltip inside a test was not wrapped in act(...).

When testing, code that causes React state updates should be wrapped into act(...):

act(() => {
  /* fire events that update state */
});
/* assert on the output */

This ensures that you're testing the behavior the user would see in the browser. Learn more at https://reactjs.org/link/wrap-tests-with-act
    at Tooltip (file:///home/kevin/jules-master/node_modules/@radix-ui/react-tooltip/dist/index.mjs:73:5)
    at div
    at div
    at div
    at file:///home/kevin/jules-master/node_modules/@radix-ui/react-primitive/dist/index.mjs:28:13
    at Provider (file:///home/kevin/jules-master/node_modules/@radix-ui/react-context/dist/index.mjs:27:15)
    at file:///home/kevin/jules-master/node_modules/@radix-ui/react-collapsible/dist/index.mjs:20:7
    at Provider (file:///home/kevin/jules-master/node_modules/@radix-ui/react-context/dist/index.mjs:27:15)
    at file:///home/kevin/jules-master/node_modules/@radix-ui/react-accordion/dist/index.mjs:194:13
    at /home/kevin/jules-master/src/components/ui/accordion.tsx:15:59
    at Provider (file:///home/kevin/jules-master/node_modules/@radix-ui/react-context/dist/index.mjs:27:15)
    at TooltipProvider (file:///home/kevin/jules-master/node_modules/@radix-ui/react-tooltip/dist/index.mjs:29:5)
    at div
    at file:///home/kevin/jules-master/node_modules/@radix-ui/react-primitive/dist/index.mjs:28:13
    at file:///home/kevin/jules-master/node_modules/@radix-ui/react-collection/node_modules/@radix-ui/react-slot/dist/index.mjs:33:13
    at file:///home/kevin/jules-master/node_modules/@radix-ui/react-collection/node_modules/@radix-ui/react-slot/dist/index.mjs:9:13
    at file:///home/kevin/jules-master/node_modules/@radix-ui/react-collection/dist/index.mjs:27:15
    at Provider (file:///home/kevin/jules-master/node_modules/@radix-ui/react-context/dist/index.mjs:27:15)
    at file:///home/kevin/jules-master/node_modules/@radix-ui/react-accordion/dist/index.mjs:102:13
    at Provider (file:///home/kevin/jules-master/node_modules/@radix-ui/react-context/dist/index.mjs:27:15)
    at Provider (file:///home/kevin/jules-master/node_modules/@radix-ui/react-context/dist/index.mjs:27:15)
    at file:///home/kevin/jules-master/node_modules/@radix-ui/react-accordion/dist/index.mjs:68:12
    at Provider (file:///home/kevin/jules-master/node_modules/@radix-ui/react-context/dist/index.mjs:27:15)
    at CollectionProvider (file:///home/kevin/jules-master/node_modules/@radix-ui/react-collection/dist/index.mjs:17:13)
    at file:///home/kevin/jules-master/node_modules/@radix-ui/react-accordion/dist/index.mjs:26:13
    at div
    at /home/kevin/jules-master/src/components/ui/card.tsx:53:57
    at div
    at /home/kevin/jules-master/src/components/ui/card.tsx:11:50
    at SessionList (/home/kevin/jules-master/src/components/session-list.tsx:42:3)
    at div
    at main
    at div
    at HomePageContent (/home/kevin/jules-master/src/app/page.tsx:51:95)
    at Suspense
    at Home
Warning: An update to Tooltip inside a test was not wrapped in act(...).

When testing, code that causes React state updates should be wrapped into act(...):

act(() => {
  /* fire events that update state */
});
/* assert on the output */

This ensures that you're testing the behavior the user would see in the browser. Learn more at https://reactjs.org/link/wrap-tests-with-act
    at Tooltip (file:///home/kevin/jules-master/node_modules/@radix-ui/react-tooltip/dist/index.mjs:73:5)
    at div
    at div
    at div
    at file:///home/kevin/jules-master/node_modules/@radix-ui/react-primitive/dist/index.mjs:28:13
    at Provider (file:///home/kevin/jules-master/node_modules/@radix-ui/react-context/dist/index.mjs:27:15)
    at file:///home/kevin/jules-master/node_modules/@radix-ui/react-collapsible/dist/index.mjs:20:7
    at Provider (file:///home/kevin/jules-master/node_modules/@radix-ui/react-context/dist/index.mjs:27:15)
    at file:///home/kevin/jules-master/node_modules/@radix-ui/react-accordion/dist/index.mjs:194:13
    at /home/kevin/jules-master/src/components/ui/accordion.tsx:15:59
    at Provider (file:///home/kevin/jules-master/node_modules/@radix-ui/react-context/dist/index.mjs:27:15)
    at TooltipProvider (file:///home/kevin/jules-master/node_modules/@radix-ui/react-tooltip/dist/index.mjs:29:5)
    at div
    at file:///home/kevin/jules-master/node_modules/@radix-ui/react-primitive/dist/index.mjs:28:13
    at file:///home/kevin/jules-master/node_modules/@radix-ui/react-collection/node_modules/@radix-ui/react-slot/dist/index.mjs:33:13
    at file:///home/kevin/jules-master/node_modules/@radix-ui/react-collection/node_modules/@radix-ui/react-slot/dist/index.mjs:9:13
    at file:///home/kevin/jules-master/node_modules/@radix-ui/react-collection/dist/index.mjs:27:15
    at Provider (file:///home/kevin/jules-master/node_modules/@radix-ui/react-context/dist/index.mjs:27:15)
    at file:///home/kevin/jules-master/node_modules/@radix-ui/react-accordion/dist/index.mjs:102:13
    at Provider (file:///home/kevin/jules-master/node_modules/@radix-ui/react-context/dist/index.mjs:27:15)
    at Provider (file:///home/kevin/jules-master/node_modules/@radix-ui/react-context/dist/index.mjs:27:15)
    at file:///home/kevin/jules-master/node_modules/@radix-ui/react-accordion/dist/index.mjs:68:12
    at Provider (file:///home/kevin/jules-master/node_modules/@radix-ui/react-context/dist/index.mjs:27:15)
    at CollectionProvider (file:///home/kevin/jules-master/node_modules/@radix-ui/react-collection/dist/index.mjs:17:13)
    at file:///home/kevin/jules-master/node_modules/@radix-ui/react-accordion/dist/index.mjs:26:13
    at div
    at /home/kevin/jules-master/src/components/ui/card.tsx:53:57
    at div
    at /home/kevin/jules-master/src/components/ui/card.tsx:11:50
    at SessionList (/home/kevin/jules-master/src/components/session-list.tsx:42:3)
    at div
    at main
    at div
    at HomePageContent (/home/kevin/jules-master/src/app/page.tsx:51:95)
    at Suspense
    at Home
Warning: An update to Tooltip inside a test was not wrapped in act(...).

When testing, code that causes React state updates should be wrapped into act(...):

act(() => {
  /* fire events that update state */
});
/* assert on the output */

This ensures that you're testing the behavior the user would see in the browser. Learn more at https://reactjs.org/link/wrap-tests-with-act
    at Tooltip (file:///home/kevin/jules-master/node_modules/@radix-ui/react-tooltip/dist/index.mjs:73:5)
    at Provider (file:///home/kevin/jules-master/node_modules/@radix-ui/react-context/dist/index.mjs:27:15)
    at Dialog (file:///home/kevin/jules-master/node_modules/@radix-ui/react-dialog/dist/index.mjs:25:5)
    at MessageDialog (/home/kevin/jules-master/src/components/message-dialog.tsx:28:3)
    at div
    at div
    at div
    at file:///home/kevin/jules-master/node_modules/@radix-ui/react-primitive/dist/index.mjs:28:13
    at Provider (file:///home/kevin/jules-master/node_modules/@radix-ui/react-context/dist/index.mjs:27:15)
    at file:///home/kevin/jules-master/node_modules/@radix-ui/react-collapsible/dist/index.mjs:20:7
    at Provider (file:///home/kevin/jules-master/node_modules/@radix-ui/react-context/dist/index.mjs:27:15)
    at file:///home/kevin/jules-master/node_modules/@radix-ui/react-accordion/dist/index.mjs:194:13
    at /home/kevin/jules-master/src/components/ui/accordion.tsx:15:59
    at Provider (file:///home/kevin/jules-master/node_modules/@radix-ui/react-context/dist/index.mjs:27:15)
    at TooltipProvider (file:///home/kevin/jules-master/node_modules/@radix-ui/react-tooltip/dist/index.mjs:29:5)
    at div
    at file:///home/kevin/jules-master/node_modules/@radix-ui/react-primitive/dist/index.mjs:28:13
    at file:///home/kevin/jules-master/node_modules/@radix-ui/react-collection/node_modules/@radix-ui/react-slot/dist/index.mjs:33:13
    at file:///home/kevin/jules-master/node_modules/@radix-ui/react-collection/node_modules/@radix-ui/react-slot/dist/index.mjs:9:13
    at file:///home/kevin/jules-master/node_modules/@radix-ui/react-collection/dist/index.mjs:27:15
    at Provider (file:///home/kevin/jules-master/node_modules/@radix-ui/react-context/dist/index.mjs:27:15)
    at file:///home/kevin/jules-master/node_modules/@radix-ui/react-accordion/dist/index.mjs:102:13
    at Provider (file:///home/kevin/jules-master/node_modules/@radix-ui/react-context/dist/index.mjs:27:15)
    at Provider (file:///home/kevin/jules-master/node_modules/@radix-ui/react-context/dist/index.mjs:27:15)
    at file:///home/kevin/jules-master/node_modules/@radix-ui/react-accordion/dist/index.mjs:68:12
    at Provider (file:///home/kevin/jules-master/node_modules/@radix-ui/react-context/dist/index.mjs:27:15)
    at CollectionProvider (file:///home/kevin/jules-master/node_modules/@radix-ui/react-collection/dist/index.mjs:17:13)
    at file:///home/kevin/jules-master/node_modules/@radix-ui/react-accordion/dist/index.mjs:26:13
    at div
    at /home/kevin/jules-master/src/components/ui/card.tsx:53:57
    at div
    at /home/kevin/jules-master/src/components/ui/card.tsx:11:50
    at SessionList (/home/kevin/jules-master/src/components/session-list.tsx:42:3)
    at div
    at main
    at div
    at HomePageContent (/home/kevin/jules-master/src/app/page.tsx:51:95)
    at Suspense
    at Home
Warning: An update to Tooltip inside a test was not wrapped in act(...).

When testing, code that causes React state updates should be wrapped into act(...):

act(() => {
  /* fire events that update state */
});
/* assert on the output */

This ensures that you're testing the behavior the user would see in the browser. Learn more at https://reactjs.org/link/wrap-tests-with-act
    at Tooltip (file:///home/kevin/jules-master/node_modules/@radix-ui/react-tooltip/dist/index.mjs:73:5)
    at Provider (file:///home/kevin/jules-master/node_modules/@radix-ui/react-context/dist/index.mjs:27:15)
    at Provider (file:///home/kevin/jules-master/node_modules/@radix-ui/react-context/dist/index.mjs:27:15)
    at Popper (file:///home/kevin/jules-master/node_modules/@radix-ui/react-popper/dist/index.mjs:30:11)
    at Popover (file:///home/kevin/jules-master/node_modules/@radix-ui/react-popover/dist/index.mjs:30:5)
    at div
    at div
    at div
    at file:///home/kevin/jules-master/node_modules/@radix-ui/react-primitive/dist/index.mjs:28:13
    at Provider (file:///home/kevin/jules-master/node_modules/@radix-ui/react-context/dist/index.mjs:27:15)
    at file:///home/kevin/jules-master/node_modules/@radix-ui/react-collapsible/dist/index.mjs:20:7
    at Provider (file:///home/kevin/jules-master/node_modules/@radix-ui/react-context/dist/index.mjs:27:15)
    at file:///home/kevin/jules-master/node_modules/@radix-ui/react-accordion/dist/index.mjs:194:13
    at /home/kevin/jules-master/src/components/ui/accordion.tsx:15:59
    at Provider (file:///home/kevin/jules-master/node_modules/@radix-ui/react-context/dist/index.mjs:27:15)
    at TooltipProvider (file:///home/kevin/jules-master/node_modules/@radix-ui/react-tooltip/dist/index.mjs:29:5)
    at div
    at file:///home/kevin/jules-master/node_modules/@radix-ui/react-primitive/dist/index.mjs:28:13
    at file:///home/kevin/jules-master/node_modules/@radix-ui/react-collection/node_modules/@radix-ui/react-slot/dist/index.mjs:33:13
    at file:///home/kevin/jules-master/node_modules/@radix-ui/react-collection/node_modules/@radix-ui/react-slot/dist/index.mjs:9:13
    at file:///home/kevin/jules-master/node_modules/@radix-ui/react-collection/dist/index.mjs:27:15
    at Provider (file:///home/kevin/jules-master/node_modules/@radix-ui/react-context/dist/index.mjs:27:15)
    at file:///home/kevin/jules-master/node_modules/@radix-ui/react-accordion/dist/index.mjs:102:13
    at Provider (file:///home/kevin/jules-master/node_modules/@radix-ui/react-context/dist/index.mjs:27:15)
    at Provider (file:///home/kevin/jules-master/node_modules/@radix-ui/react-context/dist/index.mjs:27:15)
    at file:///home/kevin/jules-master/node_modules/@radix-ui/react-accordion/dist/index.mjs:68:12
    at Provider (file:///home/kevin/jules-master/node_modules/@radix-ui/react-context/dist/index.mjs:27:15)
    at CollectionProvider (file:///home/kevin/jules-master/node_modules/@radix-ui/react-collection/dist/index.mjs:17:13)
    at file:///home/kevin/jules-master/node_modules/@radix-ui/react-accordion/dist/index.mjs:26:13
    at div
    at /home/kevin/jules-master/src/components/ui/card.tsx:53:57
    at div
    at /home/kevin/jules-master/src/components/ui/card.tsx:11:50
    at SessionList (/home/kevin/jules-master/src/components/session-list.tsx:42:3)
    at div
    at main
    at div
    at HomePageContent (/home/kevin/jules-master/src/app/page.tsx:51:95)
    at Suspense
    at Home

 [32m✓[39m tests/app/page.test.tsx [2m([22m[2m3 tests[22m[2m)[22m[33m 704[2mms[22m[39m
 [32m✓[39m tests/components/session-list.test.tsx [2m([22m[2m7 tests[22m[2m)[22m[33m 633[2mms[22m[39m
[90mstderr[2m | tests/components/message-dialog.spec.tsx[2m > [22m[2mMessageDialog[2m > [22m[2mclears the message when the dialog is closed and reopened
[22m[39mWarning: An update to MessageDialog inside a test was not wrapped in act(...).

When testing, code that causes React state updates should be wrapped into act(...):

act(() => {
  /* fire events that update state */
});
/* assert on the output */

This ensures that you're testing the behavior the user would see in the browser. Learn more at https://reactjs.org/link/wrap-tests-with-act
    at MessageDialog (/home/kevin/jules-master/src/components/message-dialog.tsx:28:3)
Warning: An update to MessageDialog inside a test was not wrapped in act(...).

When testing, code that causes React state updates should be wrapped into act(...):

act(() => {
  /* fire events that update state */
});
/* assert on the output */

This ensures that you're testing the behavior the user would see in the browser. Learn more at https://reactjs.org/link/wrap-tests-with-act
    at MessageDialog (/home/kevin/jules-master/src/components/message-dialog.tsx:28:3)
Warning: An update to MessageDialog inside a test was not wrapped in act(...).

When testing, code that causes React state updates should be wrapped into act(...):

act(() => {
  /* fire events that update state */
});
/* assert on the output */

This ensures that you're testing the behavior the user would see in the browser. Learn more at https://reactjs.org/link/wrap-tests-with-act
    at MessageDialog (/home/kevin/jules-master/src/components/message-dialog.tsx:28:3)
Warning: An update to MessageDialog inside a test was not wrapped in act(...).

When testing, code that causes React state updates should be wrapped into act(...):

act(() => {
  /* fire events that update state */
});
/* assert on the output */

This ensures that you're testing the behavior the user would see in the browser. Learn more at https://reactjs.org/link/wrap-tests-with-act
    at MessageDialog (/home/kevin/jules-master/src/components/message-dialog.tsx:28:3)
Warning: An update to Presence inside a test was not wrapped in act(...).

When testing, code that causes React state updates should be wrapped into act(...):

act(() => {
  /* fire events that update state */
});
/* assert on the output */

This ensures that you're testing the behavior the user would see in the browser. Learn more at https://reactjs.org/link/wrap-tests-with-act
    at Presence (file:///home/kevin/jules-master/node_modules/@radix-ui/react-presence/dist/index.mjs:19:11)
    at file:///home/kevin/jules-master/node_modules/@radix-ui/react-dialog/dist/index.mjs:93:64
    at /home/kevin/jules-master/src/components/ui/dialog.tsx:24:59
    at file:///home/kevin/jules-master/node_modules/@radix-ui/react-primitive/node_modules/@radix-ui/react-slot/dist/index.mjs:33:13
    at file:///home/kevin/jules-master/node_modules/@radix-ui/react-primitive/node_modules/@radix-ui/react-slot/dist/index.mjs:9:13
    at file:///home/kevin/jules-master/node_modules/@radix-ui/react-primitive/dist/index.mjs:28:13
    at file:///home/kevin/jules-master/node_modules/@radix-ui/react-portal/dist/index.mjs:11:22
    at Presence (file:///home/kevin/jules-master/node_modules/@radix-ui/react-presence/dist/index.mjs:19:11)
    at Provider (file:///home/kevin/jules-master/node_modules/@radix-ui/react-context/dist/index.mjs:27:15)
    at DialogPortal (file:///home/kevin/jules-master/node_modules/@radix-ui/react-dialog/dist/index.mjs:85:11)
    at /home/kevin/jules-master/src/components/ui/dialog.tsx:36:59
    at Provider (file:///home/kevin/jules-master/node_modules/@radix-ui/react-context/dist/index.mjs:27:15)
    at Dialog (file:///home/kevin/jules-master/node_modules/@radix-ui/react-dialog/dist/index.mjs:25:5)
    at MessageDialog (/home/kevin/jules-master/src/components/message-dialog.tsx:28:3)
Warning: An update to Presence inside a test was not wrapped in act(...).

When testing, code that causes React state updates should be wrapped into act(...):

act(() => {
  /* fire events that update state */
});
/* assert on the output */

This ensures that you're testing the behavior the user would see in the browser. Learn more at https://reactjs.org/link/wrap-tests-with-act
    at Presence (file:///home/kevin/jules-master/node_modules/@radix-ui/react-presence/dist/index.mjs:19:11)
    at Provider (file:///home/kevin/jules-master/node_modules/@radix-ui/react-context/dist/index.mjs:27:15)
    at DialogPortal (file:///home/kevin/jules-master/node_modules/@radix-ui/react-dialog/dist/index.mjs:85:11)
    at /home/kevin/jules-master/src/components/ui/dialog.tsx:36:59
    at Provider (file:///home/kevin/jules-master/node_modules/@radix-ui/react-context/dist/index.mjs:27:15)
    at Dialog (file:///home/kevin/jules-master/node_modules/@radix-ui/react-dialog/dist/index.mjs:25:5)
    at MessageDialog (/home/kevin/jules-master/src/components/message-dialog.tsx:28:3)
Warning: An update to ScrollArea inside a test was not wrapped in act(...).

When testing, code that causes React state updates should be wrapped into act(...):

act(() => {
  /* fire events that update state */
});
/* assert on the output */

This ensures that you're testing the behavior the user would see in the browser. Learn more at https://reactjs.org/link/wrap-tests-with-act
    at file:///home/kevin/jules-master/node_modules/@radix-ui/react-scroll-area/dist/index.mjs:32:7
    at /home/kevin/jules-master/src/components/ui/scroll-area.tsx:10:56
    at div
    at file:///home/kevin/jules-master/node_modules/@radix-ui/react-primitive/dist/index.mjs:28:13
    at file:///home/kevin/jules-master/node_modules/@radix-ui/react-dismissable-layer/dist/index.mjs:24:7
    at file:///home/kevin/jules-master/node_modules/@radix-ui/react-primitive/node_modules/@radix-ui/react-slot/dist/index.mjs:33:13
    at file:///home/kevin/jules-master/node_modules/@radix-ui/react-primitive/node_modules/@radix-ui/react-slot/dist/index.mjs:9:13
    at file:///home/kevin/jules-master/node_modules/@radix-ui/react-primitive/dist/index.mjs:28:13
    at file:///home/kevin/jules-master/node_modules/@radix-ui/react-focus-scope/dist/index.mjs:15:5
    at file:///home/kevin/jules-master/node_modules/@radix-ui/react-dialog/dist/index.mjs:206:13
    at file:///home/kevin/jules-master/node_modules/@radix-ui/react-dialog/dist/index.mjs:132:58
    at Presence (file:///home/kevin/jules-master/node_modules/@radix-ui/react-presence/dist/index.mjs:19:11)
    at file:///home/kevin/jules-master/node_modules/@radix-ui/react-dialog/dist/index.mjs:123:64
    at file:///home/kevin/jules-master/node_modules/@radix-ui/react-primitive/node_modules/@radix-ui/react-slot/dist/index.mjs:33:13
    at file:///home/kevin/jules-master/node_modules/@radix-ui/react-primitive/node_modules/@radix-ui/react-slot/dist/index.mjs:9:13
    at file:///home/kevin/jules-master/node_modules/@radix-ui/react-primitive/dist/index.mjs:28:13
    at file:///home/kevin/jules-master/node_modules/@radix-ui/react-portal/dist/index.mjs:11:22
    at Presence (file:///home/kevin/jules-master/node_modules/@radix-ui/react-presence/dist/index.mjs:19:11)
    at Provider (file:///home/kevin/jules-master/node_modules/@radix-ui/react-context/dist/index.mjs:27:15)
    at DialogPortal (file:///home/kevin/jules-master/node_modules/@radix-ui/react-dialog/dist/index.mjs:85:11)
    at /home/kevin/jules-master/src/components/ui/dialog.tsx:36:59
    at Provider (file:///home/kevin/jules-master/node_modules/@radix-ui/react-context/dist/index.mjs:27:15)
    at Dialog (file:///home/kevin/jules-master/node_modules/@radix-ui/react-dialog/dist/index.mjs:25:5)
    at MessageDialog (/home/kevin/jules-master/src/components/message-dialog.tsx:28:3)
Warning: An update to FocusScope inside a test was not wrapped in act(...).

When testing, code that causes React state updates should be wrapped into act(...):

act(() => {
  /* fire events that update state */
});
/* assert on the output */

This ensures that you're testing the behavior the user would see in the browser. Learn more at https://reactjs.org/link/wrap-tests-with-act
    at file:///home/kevin/jules-master/node_modules/@radix-ui/react-focus-scope/dist/index.mjs:15:5
    at file:///home/kevin/jules-master/node_modules/@radix-ui/react-dialog/dist/index.mjs:206:13
    at file:///home/kevin/jules-master/node_modules/@radix-ui/react-dialog/dist/index.mjs:132:58
    at Presence (file:///home/kevin/jules-master/node_modules/@radix-ui/react-presence/dist/index.mjs:19:11)
    at file:///home/kevin/jules-master/node_modules/@radix-ui/react-dialog/dist/index.mjs:123:64
    at file:///home/kevin/jules-master/node_modules/@radix-ui/react-primitive/node_modules/@radix-ui/react-slot/dist/index.mjs:33:13
    at file:///home/kevin/jules-master/node_modules/@radix-ui/react-primitive/node_modules/@radix-ui/react-slot/dist/index.mjs:9:13
    at file:///home/kevin/jules-master/node_modules/@radix-ui/react-primitive/dist/index.mjs:28:13
    at file:///home/kevin/jules-master/node_modules/@radix-ui/react-portal/dist/index.mjs:11:22
    at Presence (file:///home/kevin/jules-master/node_modules/@radix-ui/react-presence/dist/index.mjs:19:11)
    at Provider (file:///home/kevin/jules-master/node_modules/@radix-ui/react-context/dist/index.mjs:27:15)
    at DialogPortal (file:///home/kevin/jules-master/node_modules/@radix-ui/react-dialog/dist/index.mjs:85:11)
    at /home/kevin/jules-master/src/components/ui/dialog.tsx:36:59
    at Provider (file:///home/kevin/jules-master/node_modules/@radix-ui/react-context/dist/index.mjs:27:15)
    at Dialog (file:///home/kevin/jules-master/node_modules/@radix-ui/react-dialog/dist/index.mjs:25:5)
    at MessageDialog (/home/kevin/jules-master/src/components/message-dialog.tsx:28:3)
Warning: An update to Presence inside a test was not wrapped in act(...).

When testing, code that causes React state updates should be wrapped into act(...):

act(() => {
  /* fire events that update state */
});
/* assert on the output */

This ensures that you're testing the behavior the user would see in the browser. Learn more at https://reactjs.org/link/wrap-tests-with-act
    at Presence (file:///home/kevin/jules-master/node_modules/@radix-ui/react-presence/dist/index.mjs:19:11)
    at file:///home/kevin/jules-master/node_modules/@radix-ui/react-dialog/dist/index.mjs:123:64
    at file:///home/kevin/jules-master/node_modules/@radix-ui/react-primitive/node_modules/@radix-ui/react-slot/dist/index.mjs:33:13
    at file:///home/kevin/jules-master/node_modules/@radix-ui/react-primitive/node_modules/@radix-ui/react-slot/dist/index.mjs:9:13
    at file:///home/kevin/jules-master/node_modules/@radix-ui/react-primitive/dist/index.mjs:28:13
    at file:///home/kevin/jules-master/node_modules/@radix-ui/react-portal/dist/index.mjs:11:22
    at Presence (file:///home/kevin/jules-master/node_modules/@radix-ui/react-presence/dist/index.mjs:19:11)
    at Provider (file:///home/kevin/jules-master/node_modules/@radix-ui/react-context/dist/index.mjs:27:15)
    at DialogPortal (file:///home/kevin/jules-master/node_modules/@radix-ui/react-dialog/dist/index.mjs:85:11)
    at /home/kevin/jules-master/src/components/ui/dialog.tsx:36:59
    at Provider (file:///home/kevin/jules-master/node_modules/@radix-ui/react-context/dist/index.mjs:27:15)
    at Dialog (file:///home/kevin/jules-master/node_modules/@radix-ui/react-dialog/dist/index.mjs:25:5)
    at MessageDialog (/home/kevin/jules-master/src/components/message-dialog.tsx:28:3)
Warning: An update to Presence inside a test was not wrapped in act(...).

When testing, code that causes React state updates should be wrapped into act(...):

act(() => {
  /* fire events that update state */
});
/* assert on the output */

This ensures that you're testing the behavior the user would see in the browser. Learn more at https://reactjs.org/link/wrap-tests-with-act
    at Presence (file:///home/kevin/jules-master/node_modules/@radix-ui/react-presence/dist/index.mjs:19:11)
    at Provider (file:///home/kevin/jules-master/node_modules/@radix-ui/react-context/dist/index.mjs:27:15)
    at DialogPortal (file:///home/kevin/jules-master/node_modules/@radix-ui/react-dialog/dist/index.mjs:85:11)
    at /home/kevin/jules-master/src/components/ui/dialog.tsx:36:59
    at Provider (file:///home/kevin/jules-master/node_modules/@radix-ui/react-context/dist/index.mjs:27:15)
    at Dialog (file:///home/kevin/jules-master/node_modules/@radix-ui/react-dialog/dist/index.mjs:25:5)
    at MessageDialog (/home/kevin/jules-master/src/components/message-dialog.tsx:28:3)
Warning: An update to DismissableLayer inside a test was not wrapped in act(...).

When testing, code that causes React state updates should be wrapped into act(...):

act(() => {
  /* fire events that update state */
});
/* assert on the output */

This ensures that you're testing the behavior the user would see in the browser. Learn more at https://reactjs.org/link/wrap-tests-with-act
    at file:///home/kevin/jules-master/node_modules/@radix-ui/react-dismissable-layer/dist/index.mjs:24:7
    at file:///home/kevin/jules-master/node_modules/@radix-ui/react-primitive/node_modules/@radix-ui/react-slot/dist/index.mjs:33:13
    at file:///home/kevin/jules-master/node_modules/@radix-ui/react-primitive/node_modules/@radix-ui/react-slot/dist/index.mjs:9:13
    at file:///home/kevin/jules-master/node_modules/@radix-ui/react-primitive/dist/index.mjs:28:13
    at file:///home/kevin/jules-master/node_modules/@radix-ui/react-focus-scope/dist/index.mjs:15:5
    at file:///home/kevin/jules-master/node_modules/@radix-ui/react-dialog/dist/index.mjs:206:13
    at file:///home/kevin/jules-master/node_modules/@radix-ui/react-dialog/dist/index.mjs:132:58
    at Presence (file:///home/kevin/jules-master/node_modules/@radix-ui/react-presence/dist/index.mjs:19:11)
    at file:///home/kevin/jules-master/node_modules/@radix-ui/react-dialog/dist/index.mjs:123:64
    at file:///home/kevin/jules-master/node_modules/@radix-ui/react-primitive/node_modules/@radix-ui/react-slot/dist/index.mjs:33:13
    at file:///home/kevin/jules-master/node_modules/@radix-ui/react-primitive/node_modules/@radix-ui/react-slot/dist/index.mjs:9:13
    at file:///home/kevin/jules-master/node_modules/@radix-ui/react-primitive/dist/index.mjs:28:13
    at file:///home/kevin/jules-master/node_modules/@radix-ui/react-portal/dist/index.mjs:11:22
    at Presence (file:///home/kevin/jules-master/node_modules/@radix-ui/react-presence/dist/index.mjs:19:11)
    at Provider (file:///home/kevin/jules-master/node_modules/@radix-ui/react-context/dist/index.mjs:27:15)
    at DialogPortal (file:///home/kevin/jules-master/node_modules/@radix-ui/react-dialog/dist/index.mjs:85:11)
    at /home/kevin/jules-master/src/components/ui/dialog.tsx:36:59
    at Provider (file:///home/kevin/jules-master/node_modules/@radix-ui/react-context/dist/index.mjs:27:15)
    at Dialog (file:///home/kevin/jules-master/node_modules/@radix-ui/react-dialog/dist/index.mjs:25:5)
    at MessageDialog (/home/kevin/jules-master/src/components/message-dialog.tsx:28:3)
Warning: An update to Presence inside a test was not wrapped in act(...).

When testing, code that causes React state updates should be wrapped into act(...):

act(() => {
  /* fire events that update state */
});
/* assert on the output */

This ensures that you're testing the behavior the user would see in the browser. Learn more at https://reactjs.org/link/wrap-tests-with-act
    at Presence (file:///home/kevin/jules-master/node_modules/@radix-ui/react-presence/dist/index.mjs:19:11)
    at file:///home/kevin/jules-master/node_modules/@radix-ui/react-dialog/dist/index.mjs:93:64
    at /home/kevin/jules-master/src/components/ui/dialog.tsx:24:59
    at file:///home/kevin/jules-master/node_modules/@radix-ui/react-primitive/node_modules/@radix-ui/react-slot/dist/index.mjs:33:13
    at file:///home/kevin/jules-master/node_modules/@radix-ui/react-primitive/node_modules/@radix-ui/react-slot/dist/index.mjs:9:13
    at file:///home/kevin/jules-master/node_modules/@radix-ui/react-primitive/dist/index.mjs:28:13
    at file:///home/kevin/jules-master/node_modules/@radix-ui/react-portal/dist/index.mjs:11:22
    at Presence (file:///home/kevin/jules-master/node_modules/@radix-ui/react-presence/dist/index.mjs:19:11)
    at Provider (file:///home/kevin/jules-master/node_modules/@radix-ui/react-context/dist/index.mjs:27:15)
    at DialogPortal (file:///home/kevin/jules-master/node_modules/@radix-ui/react-dialog/dist/index.mjs:85:11)
    at /home/kevin/jules-master/src/components/ui/dialog.tsx:36:59
    at Provider (file:///home/kevin/jules-master/node_modules/@radix-ui/react-context/dist/index.mjs:27:15)
    at Dialog (file:///home/kevin/jules-master/node_modules/@radix-ui/react-dialog/dist/index.mjs:25:5)
    at MessageDialog (/home/kevin/jules-master/src/components/message-dialog.tsx:28:3)
Warning: An update to Presence inside a test was not wrapped in act(...).

When testing, code that causes React state updates should be wrapped into act(...):

act(() => {
  /* fire events that update state */
});
/* assert on the output */

This ensures that you're testing the behavior the user would see in the browser. Learn more at https://reactjs.org/link/wrap-tests-with-act
    at Presence (file:///home/kevin/jules-master/node_modules/@radix-ui/react-presence/dist/index.mjs:19:11)
    at Provider (file:///home/kevin/jules-master/node_modules/@radix-ui/react-context/dist/index.mjs:27:15)
    at DialogPortal (file:///home/kevin/jules-master/node_modules/@radix-ui/react-dialog/dist/index.mjs:85:11)
    at /home/kevin/jules-master/src/components/ui/dialog.tsx:36:59
    at Provider (file:///home/kevin/jules-master/node_modules/@radix-ui/react-context/dist/index.mjs:27:15)
    at Dialog (file:///home/kevin/jules-master/node_modules/@radix-ui/react-dialog/dist/index.mjs:25:5)
    at MessageDialog (/home/kevin/jules-master/src/components/message-dialog.tsx:28:3)
Warning: An update to ScrollArea inside a test was not wrapped in act(...).

When testing, code that causes React state updates should be wrapped into act(...):

act(() => {
  /* fire events that update state */
});
/* assert on the output */

This ensures that you're testing the behavior the user would see in the browser. Learn more at https://reactjs.org/link/wrap-tests-with-act
    at file:///home/kevin/jules-master/node_modules/@radix-ui/react-scroll-area/dist/index.mjs:32:7
    at /home/kevin/jules-master/src/components/ui/scroll-area.tsx:10:56
    at div
    at file:///home/kevin/jules-master/node_modules/@radix-ui/react-primitive/dist/index.mjs:28:13
    at file:///home/kevin/jules-master/node_modules/@radix-ui/react-dismissable-layer/dist/index.mjs:24:7
    at file:///home/kevin/jules-master/node_modules/@radix-ui/react-primitive/node_modules/@radix-ui/react-slot/dist/index.mjs:33:13
    at file:///home/kevin/jules-master/node_modules/@radix-ui/react-primitive/node_modules/@radix-ui/react-slot/dist/index.mjs:9:13
    at file:///home/kevin/jules-master/node_modules/@radix-ui/react-primitive/dist/index.mjs:28:13
    at file:///home/kevin/jules-master/node_modules/@radix-ui/react-focus-scope/dist/index.mjs:15:5
    at file:///home/kevin/jules-master/node_modules/@radix-ui/react-dialog/dist/index.mjs:206:13
    at file:///home/kevin/jules-master/node_modules/@radix-ui/react-dialog/dist/index.mjs:132:58
    at Presence (file:///home/kevin/jules-master/node_modules/@radix-ui/react-presence/dist/index.mjs:19:11)
    at file:///home/kevin/jules-master/node_modules/@radix-ui/react-dialog/dist/index.mjs:123:64
    at file:///home/kevin/jules-master/node_modules/@radix-ui/react-primitive/node_modules/@radix-ui/react-slot/dist/index.mjs:33:13
    at file:///home/kevin/jules-master/node_modules/@radix-ui/react-primitive/node_modules/@radix-ui/react-slot/dist/index.mjs:9:13
    at file:///home/kevin/jules-master/node_modules/@radix-ui/react-primitive/dist/index.mjs:28:13
    at file:///home/kevin/jules-master/node_modules/@radix-ui/react-portal/dist/index.mjs:11:22
    at Presence (file:///home/kevin/jules-master/node_modules/@radix-ui/react-presence/dist/index.mjs:19:11)
    at Provider (file:///home/kevin/jules-master/node_modules/@radix-ui/react-context/dist/index.mjs:27:15)
    at DialogPortal (file:///home/kevin/jules-master/node_modules/@radix-ui/react-dialog/dist/index.mjs:85:11)
    at /home/kevin/jules-master/src/components/ui/dialog.tsx:36:59
    at Provider (file:///home/kevin/jules-master/node_modules/@radix-ui/react-context/dist/index.mjs:27:15)
    at Dialog (file:///home/kevin/jules-master/node_modules/@radix-ui/react-dialog/dist/index.mjs:25:5)
    at MessageDialog (/home/kevin/jules-master/src/components/message-dialog.tsx:28:3)
Warning: An update to FocusScope inside a test was not wrapped in act(...).

When testing, code that causes React state updates should be wrapped into act(...):

act(() => {
  /* fire events that update state */
});
/* assert on the output */

This ensures that you're testing the behavior the user would see in the browser. Learn more at https://reactjs.org/link/wrap-tests-with-act
    at file:///home/kevin/jules-master/node_modules/@radix-ui/react-focus-scope/dist/index.mjs:15:5
    at file:///home/kevin/jules-master/node_modules/@radix-ui/react-dialog/dist/index.mjs:206:13
    at file:///home/kevin/jules-master/node_modules/@radix-ui/react-dialog/dist/index.mjs:132:58
    at Presence (file:///home/kevin/jules-master/node_modules/@radix-ui/react-presence/dist/index.mjs:19:11)
    at file:///home/kevin/jules-master/node_modules/@radix-ui/react-dialog/dist/index.mjs:123:64
    at file:///home/kevin/jules-master/node_modules/@radix-ui/react-primitive/node_modules/@radix-ui/react-slot/dist/index.mjs:33:13
    at file:///home/kevin/jules-master/node_modules/@radix-ui/react-primitive/node_modules/@radix-ui/react-slot/dist/index.mjs:9:13
    at file:///home/kevin/jules-master/node_modules/@radix-ui/react-primitive/dist/index.mjs:28:13
    at file:///home/kevin/jules-master/node_modules/@radix-ui/react-portal/dist/index.mjs:11:22
    at Presence (file:///home/kevin/jules-master/node_modules/@radix-ui/react-presence/dist/index.mjs:19:11)
    at Provider (file:///home/kevin/jules-master/node_modules/@radix-ui/react-context/dist/index.mjs:27:15)
    at DialogPortal (file:///home/kevin/jules-master/node_modules/@radix-ui/react-dialog/dist/index.mjs:85:11)
    at /home/kevin/jules-master/src/components/ui/dialog.tsx:36:59
    at Provider (file:///home/kevin/jules-master/node_modules/@radix-ui/react-context/dist/index.mjs:27:15)
    at Dialog (file:///home/kevin/jules-master/node_modules/@radix-ui/react-dialog/dist/index.mjs:25:5)
    at MessageDialog (/home/kevin/jules-master/src/components/message-dialog.tsx:28:3)
Warning: An update to Presence inside a test was not wrapped in act(...).

When testing, code that causes React state updates should be wrapped into act(...):

act(() => {
  /* fire events that update state */
});
/* assert on the output */

This ensures that you're testing the behavior the user would see in the browser. Learn more at https://reactjs.org/link/wrap-tests-with-act
    at Presence (file:///home/kevin/jules-master/node_modules/@radix-ui/react-presence/dist/index.mjs:19:11)
    at file:///home/kevin/jules-master/node_modules/@radix-ui/react-dialog/dist/index.mjs:123:64
    at file:///home/kevin/jules-master/node_modules/@radix-ui/react-primitive/node_modules/@radix-ui/react-slot/dist/index.mjs:33:13
    at file:///home/kevin/jules-master/node_modules/@radix-ui/react-primitive/node_modules/@radix-ui/react-slot/dist/index.mjs:9:13
    at file:///home/kevin/jules-master/node_modules/@radix-ui/react-primitive/dist/index.mjs:28:13
    at file:///home/kevin/jules-master/node_modules/@radix-ui/react-portal/dist/index.mjs:11:22
    at Presence (file:///home/kevin/jules-master/node_modules/@radix-ui/react-presence/dist/index.mjs:19:11)
    at Provider (file:///home/kevin/jules-master/node_modules/@radix-ui/react-context/dist/index.mjs:27:15)
    at DialogPortal (file:///home/kevin/jules-master/node_modules/@radix-ui/react-dialog/dist/index.mjs:85:11)
    at /home/kevin/jules-master/src/components/ui/dialog.tsx:36:59
    at Provider (file:///home/kevin/jules-master/node_modules/@radix-ui/react-context/dist/index.mjs:27:15)
    at Dialog (file:///home/kevin/jules-master/node_modules/@radix-ui/react-dialog/dist/index.mjs:25:5)
    at MessageDialog (/home/kevin/jules-master/src/components/message-dialog.tsx:28:3)
Warning: An update to Presence inside a test was not wrapped in act(...).

When testing, code that causes React state updates should be wrapped into act(...):

act(() => {
  /* fire events that update state */
});
/* assert on the output */

This ensures that you're testing the behavior the user would see in the browser. Learn more at https://reactjs.org/link/wrap-tests-with-act
    at Presence (file:///home/kevin/jules-master/node_modules/@radix-ui/react-presence/dist/index.mjs:19:11)
    at Provider (file:///home/kevin/jules-master/node_modules/@radix-ui/react-context/dist/index.mjs:27:15)
    at DialogPortal (file:///home/kevin/jules-master/node_modules/@radix-ui/react-dialog/dist/index.mjs:85:11)
    at /home/kevin/jules-master/src/components/ui/dialog.tsx:36:59
    at Provider (file:///home/kevin/jules-master/node_modules/@radix-ui/react-context/dist/index.mjs:27:15)
    at Dialog (file:///home/kevin/jules-master/node_modules/@radix-ui/react-dialog/dist/index.mjs:25:5)
    at MessageDialog (/home/kevin/jules-master/src/components/message-dialog.tsx:28:3)
Warning: An update to DismissableLayer inside a test was not wrapped in act(...).

When testing, code that causes React state updates should be wrapped into act(...):

act(() => {
  /* fire events that update state */
});
/* assert on the output */

This ensures that you're testing the behavior the user would see in the browser. Learn more at https://reactjs.org/link/wrap-tests-with-act
    at file:///home/kevin/jules-master/node_modules/@radix-ui/react-dismissable-layer/dist/index.mjs:24:7
    at file:///home/kevin/jules-master/node_modules/@radix-ui/react-primitive/node_modules/@radix-ui/react-slot/dist/index.mjs:33:13
    at file:///home/kevin/jules-master/node_modules/@radix-ui/react-primitive/node_modules/@radix-ui/react-slot/dist/index.mjs:9:13
    at file:///home/kevin/jules-master/node_modules/@radix-ui/react-primitive/dist/index.mjs:28:13
    at file:///home/kevin/jules-master/node_modules/@radix-ui/react-focus-scope/dist/index.mjs:15:5
    at file:///home/kevin/jules-master/node_modules/@radix-ui/react-dialog/dist/index.mjs:206:13
    at file:///home/kevin/jules-master/node_modules/@radix-ui/react-dialog/dist/index.mjs:132:58
    at Presence (file:///home/kevin/jules-master/node_modules/@radix-ui/react-presence/dist/index.mjs:19:11)
    at file:///home/kevin/jules-master/node_modules/@radix-ui/react-dialog/dist/index.mjs:123:64
    at file:///home/kevin/jules-master/node_modules/@radix-ui/react-primitive/node_modules/@radix-ui/react-slot/dist/index.mjs:33:13
    at file:///home/kevin/jules-master/node_modules/@radix-ui/react-primitive/node_modules/@radix-ui/react-slot/dist/index.mjs:9:13
    at file:///home/kevin/jules-master/node_modules/@radix-ui/react-primitive/dist/index.mjs:28:13
    at file:///home/kevin/jules-master/node_modules/@radix-ui/react-portal/dist/index.mjs:11:22
    at Presence (file:///home/kevin/jules-master/node_modules/@radix-ui/react-presence/dist/index.mjs:19:11)
    at Provider (file:///home/kevin/jules-master/node_modules/@radix-ui/react-context/dist/index.mjs:27:15)
    at DialogPortal (file:///home/kevin/jules-master/node_modules/@radix-ui/react-dialog/dist/index.mjs:85:11)
    at /home/kevin/jules-master/src/components/ui/dialog.tsx:36:59
    at Provider (file:///home/kevin/jules-master/node_modules/@radix-ui/react-context/dist/index.mjs:27:15)
    at Dialog (file:///home/kevin/jules-master/node_modules/@radix-ui/react-dialog/dist/index.mjs:25:5)
    at MessageDialog (/home/kevin/jules-master/src/components/message-dialog.tsx:28:3)

 [32m✓[39m tests/components/message-dialog.spec.tsx [2m([22m[2m1 test[22m[2m)[22m[33m 508[2mms[22m[39m
     [33m[2m✓[22m[39m clears the message when the dialog is closed and reopened [33m 507[2mms[22m[39m
 [32m✓[39m tests/components/combobox.spec.tsx [2m([22m[2m4 tests[22m[2m)[22m[33m 811[2mms[22m[39m
     [33m[2m✓[22m[39m should open the popover when the button is clicked [33m 418[2mms[22m[39m
 [32m✓[39m tests/actions.test.ts [2m([22m[2m14 tests[22m[2m)[22m[32m 24[2mms[22m[39m
 [32m✓[39m tests/cron-jobs.test.ts [2m([22m[2m2 tests[22m[2m)[22m[32m 54[2mms[22m[39m
 [32m✓[39m tests/components/floating-progress-bar.test.tsx [2m([22m[2m3 tests[22m[2m)[22m[32m 59[2mms[22m[39m
 [32m✓[39m tests/app/jobs/new/page.test.tsx [2m([22m[2m2 tests[22m[2m)[22m[32m 45[2mms[22m[39m
 [32m✓[39m tests/db.test.ts [2m([22m[2m14 tests[22m[2m)[22m[32m 19[2mms[22m[39m
 [32m✓[39m tests/unit/use-local-storage.test.tsx [2m([22m[2m3 tests[22m[2m)[22m[32m 27[2mms[22m[39m
 [32m✓[39m tests/unit/settings.test.ts [2m([22m[2m2 tests[22m[2m)[22m[32m 19[2mms[22m[39m
[90mstderr[2m | tests/lib/fetch-client.test.ts[2m > [22m[2mfetchWithRetry[2m > [22m[2mRetry Logic[2m > [22m[2mshould retry on 429 errors
[22m[39mRate limit reported. Backing off until 2025-12-10T06:54:19.510Z
Request failed (429). Retrying in 100ms... (Attempt 1/3)

[90mstderr[2m | tests/lib/fetch-client.test.ts[2m > [22m[2mfetchWithRetry[2m > [22m[2mRetry Logic[2m > [22m[2mshould retry on 5xx errors
[22m[39mRequest failed (500). Retrying in 100ms... (Attempt 1/3)

[90mstderr[2m | tests/lib/fetch-client.test.ts[2m > [22m[2mfetchWithRetry[2m > [22m[2mRetry Logic[2m > [22m[2mshould exhaust retries and return the last response if it fails
[22m[39mRate limit reported. Backing off until 2025-12-10T06:54:19.522Z
Request failed (429). Retrying in 10ms... (Attempt 1/2)

[90mstderr[2m | tests/lib/fetch-client.test.ts[2m > [22m[2mfetchWithRetry[2m > [22m[2mRetry Logic[2m > [22m[2mshould exhaust retries and return the last response if it fails
[22m[39mRate limit reported. Backing off until 2025-12-10T06:54:19.532Z

[90mstderr[2m | tests/lib/fetch-client.test.ts[2m > [22m[2mfetchWithRetry AbortController[2m > [22m[2mshould cancel a request with an external signal
[22m[39mFetch error: TypeError: Cannot read properties of undefined (reading 'status'). Retrying in 1000ms... (Attempt 1/3)

 [32m✓[39m tests/lib/fetch-client.test.ts [2m([22m[2m13 tests[22m[2m | [22m[33m1 skipped[39m[2m)[22m[32m 45[2mms[22m[39m
[90mstdout[2m | tests/auto-delete-stale-branch-worker.test.ts[2m > [22m[2mrunAutoDeleteStaleBranchCheck[2m > [22m[2mshould schedule the next run with the default interval on error
[22m[39mAutoDeleteStaleBranchWorker: Starting check for all sessions...

[90mstdout[2m | tests/auto-delete-stale-branch-worker.test.ts[2m > [22m[2mrunAutoDeleteStaleBranchCheck[2m > [22m[2mshould schedule the next run with the default interval on error
[22m[39mAutoDeleteStaleBranchWorker: Cycle complete. Processed 0 sessions, deleted 0 branches.

[90mstderr[2m | tests/auto-delete-stale-branch-worker.test.ts[2m > [22m[2mrunAutoDeleteStaleBranchCheck[2m > [22m[2mshould schedule the next run with the default interval on error
[22m[39mAutoDeleteStaleBranchWorker: Failed to fetch settings, using default interval. Error: DB error
    at [90m/home/kevin/jules-master/[39mtests/auto-delete-stale-branch-worker.test.ts:47:44
    at [90mfile:///home/kevin/jules-master/[39mnode_modules/[4m@vitest[24m/runner/dist/index.js:145:11
    at [90mfile:///home/kevin/jules-master/[39mnode_modules/[4m@vitest[24m/runner/dist/index.js:915:26
    at [90mfile:///home/kevin/jules-master/[39mnode_modules/[4m@vitest[24m/runner/dist/index.js:1240:20
    at new Promise (<anonymous>)
    at runWithTimeout [90m(file:///home/kevin/jules-master/[39mnode_modules/[4m@vitest[24m/runner/dist/index.js:1206:10[90m)[39m
    at [90mfile:///home/kevin/jules-master/[39mnode_modules/[4m@vitest[24m/runner/dist/index.js:1650:37
    at Traces.$ [90m(file:///home/kevin/jules-master/[39mnode_modules/[4mvitest[24m/dist/chunks/traces.U4xDYhzZ.js:115:27[90m)[39m
    at trace [90m(file:///home/kevin/jules-master/[39mnode_modules/[4mvitest[24m/dist/chunks/test.BT8LKgU9.js:239:21[90m)[39m
    at runTest [90m(file:///home/kevin/jules-master/[39mnode_modules/[4m@vitest[24m/runner/dist/index.js:1650:12[90m)[39m

[90mstdout[2m | tests/auto-delete-stale-branch-worker.test.ts[2m > [22m[2mrunAutoDeleteStaleBranchCheck[2m > [22m[2mshould schedule the next run with the default interval on error
[22m[39mAutoDeleteStaleBranchWorker: Starting check for all sessions...

[90mstdout[2m | tests/auto-delete-stale-branch-worker.test.ts[2m > [22m[2mrunAutoDeleteStaleBranchCheck[2m > [22m[2mshould schedule the next run with the default interval on error
[22m[39mAutoDeleteStaleBranchWorker: Cycle complete. Processed 0 sessions, deleted 0 branches.

[90mstdout[2m | tests/auto-delete-stale-branch-worker.test.ts[2m > [22m[2mrunAutoDeleteStaleBranchCheck[2m > [22m[2mshould schedule the next run with a custom interval
[22m[39mAutoDeleteStaleBranchWorker: Starting check for all sessions...

[90mstdout[2m | tests/auto-delete-stale-branch-worker.test.ts[2m > [22m[2mrunAutoDeleteStaleBranchCheck[2m > [22m[2mshould schedule the next run with a custom interval
[22m[39mAutoDeleteStaleBranchWorker: Cycle complete. Processed 0 sessions, deleted 0 branches.

[90mstdout[2m | tests/auto-delete-stale-branch-worker.test.ts[2m > [22m[2mrunAutoDeleteStaleBranchCheck[2m > [22m[2mshould schedule the next run with a custom interval
[22m[39mAutoDeleteStaleBranchWorker: Starting check for all sessions...

[90mstdout[2m | tests/auto-delete-stale-branch-worker.test.ts[2m > [22m[2mrunAutoDeleteStaleBranchCheck[2m > [22m[2mshould schedule the next run with a custom interval
[22m[39mAutoDeleteStaleBranchWorker: Cycle complete. Processed 0 sessions, deleted 0 branches.

[90mstdout[2m | tests/auto-delete-stale-branch-worker.test.ts[2m > [22m[2mrunAutoDeleteStaleBranchCheck[2m > [22m[2mshould call deleteBranch with the correct branch name
[22m[39mAutoDeleteStaleBranchWorker: Starting check for all sessions...

[90mstdout[2m | tests/auto-delete-stale-branch-worker.test.ts[2m > [22m[2mrunAutoDeleteStaleBranchCheck[2m > [22m[2mshould call deleteBranch with the correct branch name
[22m[39mAutoDeleteStaleBranchWorker: Deleting stale branch test-branch from test-owner/test-repo...

[90mstdout[2m | tests/auto-delete-stale-branch-worker.test.ts[2m > [22m[2mrunAutoDeleteStaleBranchCheck[2m > [22m[2mshould call deleteBranch with the correct branch name
[22m[39mAutoDeleteStaleBranchWorker: Cycle complete. Processed 1 sessions, deleted 0 branches.

 [32m✓[39m tests/auto-delete-stale-branch-worker.test.ts [2m([22m[2m3 tests[22m[2m)[22m[32m 36[2mms[22m[39m
[90mstderr[2m | tests/sessions/id/actions.test.ts[2m > [22m[2mSession [id] Actions[2m > [22m[2mgetSession[2m > [22m[2mshould return null if API key is missing
[22m[39mJules API key is not configured.

 [32m✓[39m tests/sessions/id/actions.test.ts [2m([22m[2m5 tests[22m[2m)[22m[32m 23[2mms[22m[39m
[90mstderr[2m | tests/app/api/cron-jobs/[id]/execute/route.test.ts[2m > [22m[2mPOST /api/cron-jobs/[id]/execute[2m > [22m[2mshould return 500 if execution fails
[22m[39mFailed to execute cron job Error: Execution failed
    at [90m/home/kevin/jules-master/[39mtests/app/api/cron-jobs/[id]/execute/route.test.ts:27:53
    at [90mfile:///home/kevin/jules-master/[39mnode_modules/[4m@vitest[24m/runner/dist/index.js:145:11
    at [90mfile:///home/kevin/jules-master/[39mnode_modules/[4m@vitest[24m/runner/dist/index.js:915:26
    at [90mfile:///home/kevin/jules-master/[39mnode_modules/[4m@vitest[24m/runner/dist/index.js:1240:20
    at new Promise (<anonymous>)
    at runWithTimeout [90m(file:///home/kevin/jules-master/[39mnode_modules/[4m@vitest[24m/runner/dist/index.js:1206:10[90m)[39m
    at [90mfile:///home/kevin/jules-master/[39mnode_modules/[4m@vitest[24m/runner/dist/index.js:1650:37
    at Traces.$ [90m(file:///home/kevin/jules-master/[39mnode_modules/[4mvitest[24m/dist/chunks/traces.U4xDYhzZ.js:115:27[90m)[39m
    at trace [90m(file:///home/kevin/jules-master/[39mnode_modules/[4mvitest[24m/dist/chunks/test.BT8LKgU9.js:239:21[90m)[39m
    at runTest [90m(file:///home/kevin/jules-master/[39mnode_modules/[4m@vitest[24m/runner/dist/index.js:1650:12[90m)[39m

 [32m✓[39m tests/app/api/cron-jobs/[id]/execute/route.test.ts [2m([22m[2m2 tests[22m[2m)[22m[32m 27[2mms[22m[39m
[90mstderr[2m | tests/lib/auto-approval-worker.test.ts[2m > [22m[2mrunAutoApprovalCheck[2m > [22m[2mshould not run without API key
[22m[39mAutoApprovalWorker: JULES_API_KEY not set. Skipping check.

[90mstdout[2m | tests/lib/auto-approval-worker.test.ts[2m > [22m[2mrunAutoApprovalCheck[2m > [22m[2mshould handle no sessions
[22m[39mAutoApprovalWorker: Starting check for all sessions...

[90mstdout[2m | tests/lib/auto-approval-worker.test.ts[2m > [22m[2mrunAutoApprovalCheck[2m > [22m[2mshould handle no sessions
[22m[39mAutoApprovalWorker: Cycle complete. Processed 0 sessions, approved 0.

[90mstdout[2m | tests/lib/auto-approval-worker.test.ts[2m > [22m[2mrunAutoApprovalCheck[2m > [22m[2mshould approve pending sessions
[22m[39mAutoApprovalWorker: Starting check for all sessions...

[90mstdout[2m | tests/lib/auto-approval-worker.test.ts[2m > [22m[2mrunAutoApprovalCheck[2m > [22m[2mshould approve pending sessions
[22m[39mAutoApprovalWorker: Found 1 pending sessions in current batch. Approving...
AutoApprovalWorker: Approving session 1...

[90mstdout[2m | tests/lib/auto-approval-worker.test.ts[2m > [22m[2mrunAutoApprovalCheck[2m > [22m[2mshould approve pending sessions
[22m[39mAutoApprovalWorker: Session 1 approved successfully.

[90mstdout[2m | tests/lib/auto-approval-worker.test.ts[2m > [22m[2mrunAutoApprovalCheck[2m > [22m[2mshould approve pending sessions
[22m[39mAutoApprovalWorker: Cycle complete. Processed 1 sessions, approved 1.

[90mstdout[2m | tests/lib/auto-approval-worker.test.ts[2m > [22m[2mrunAutoApprovalCheck[2m > [22m[2mshould handle pagination
[22m[39mAutoApprovalWorker: Starting check for all sessions...

[90mstdout[2m | tests/lib/auto-approval-worker.test.ts[2m > [22m[2mrunAutoApprovalCheck[2m > [22m[2mshould handle pagination
[22m[39mAutoApprovalWorker: Found 1 pending sessions in current batch. Approving...
AutoApprovalWorker: Approving session 1...

[90mstdout[2m | tests/lib/auto-approval-worker.test.ts[2m > [22m[2mrunAutoApprovalCheck[2m > [22m[2mshould handle pagination
[22m[39mAutoApprovalWorker: Session 1 approved successfully.

[90mstdout[2m | tests/lib/auto-approval-worker.test.ts[2m > [22m[2mrunAutoApprovalCheck[2m > [22m[2mshould handle pagination
[22m[39mAutoApprovalWorker: Found 1 pending sessions in current batch. Approving...
AutoApprovalWorker: Approving session 1...

[90mstdout[2m | tests/lib/auto-approval-worker.test.ts[2m > [22m[2mrunAutoApprovalCheck[2m > [22m[2mshould handle pagination
[22m[39mAutoApprovalWorker: Session 1 approved successfully.

[90mstdout[2m | tests/lib/auto-approval-worker.test.ts[2m > [22m[2mrunAutoApprovalCheck[2m > [22m[2mshould handle pagination
[22m[39mAutoApprovalWorker: Cycle complete. Processed 2 sessions, approved 2.

[90mstdout[2m | tests/lib/auto-approval-worker.test.ts[2m > [22m[2mrunAutoApprovalCheck[2m > [22m[2mshould handle errors during approval
[22m[39mAutoApprovalWorker: Starting check for all sessions...

[90mstdout[2m | tests/lib/auto-approval-worker.test.ts[2m > [22m[2mrunAutoApprovalCheck[2m > [22m[2mshould handle errors during approval
[22m[39mAutoApprovalWorker: Found 1 pending sessions in current batch. Approving...
AutoApprovalWorker: Approving session 1...

[90mstderr[2m | tests/lib/auto-approval-worker.test.ts[2m > [22m[2mrunAutoApprovalCheck[2m > [22m[2mshould handle errors during approval
[22m[39mAutoApprovalWorker: Error processing session 1 Error: test error
    at [90m/home/kevin/jules-master/[39mtests/lib/auto-approval-worker.test.ts:76:62
    at [90mfile:///home/kevin/jules-master/[39mnode_modules/[4m@vitest[24m/runner/dist/index.js:145:11
    at [90mfile:///home/kevin/jules-master/[39mnode_modules/[4m@vitest[24m/runner/dist/index.js:915:26
    at [90mfile:///home/kevin/jules-master/[39mnode_modules/[4m@vitest[24m/runner/dist/index.js:1240:20
    at new Promise (<anonymous>)
    at runWithTimeout [90m(file:///home/kevin/jules-master/[39mnode_modules/[4m@vitest[24m/runner/dist/index.js:1206:10[90m)[39m
    at [90mfile:///home/kevin/jules-master/[39mnode_modules/[4m@vitest[24m/runner/dist/index.js:1650:37
    at Traces.$ [90m(file:///home/kevin/jules-master/[39mnode_modules/[4mvitest[24m/dist/chunks/traces.U4xDYhzZ.js:115:27[90m)[39m
    at trace [90m(file:///home/kevin/jules-master/[39mnode_modules/[4mvitest[24m/dist/chunks/test.BT8LKgU9.js:239:21[90m)[39m
    at runTest [90m(file:///home/kevin/jules-master/[39mnode_modules/[4m@vitest[24m/runner/dist/index.js:1650:12[90m)[39m

[90mstdout[2m | tests/lib/auto-approval-worker.test.ts[2m > [22m[2mrunAutoApprovalCheck[2m > [22m[2mshould handle errors during approval
[22m[39mAutoApprovalWorker: Cycle complete. Processed 1 sessions, approved 0.

[90mstdout[2m | tests/lib/auto-approval-worker.test.ts[2m > [22m[2mrunAutoApprovalCheck[2m > [22m[2mshould not approve sessions if autoApprovalEnabled is false
[22m[39mAutoApprovalWorker: Starting check for all sessions...

[90mstdout[2m | tests/lib/auto-approval-worker.test.ts[2m > [22m[2mrunAutoApprovalCheck[2m > [22m[2mshould not approve sessions if autoApprovalEnabled is false
[22m[39mAutoApprovalWorker: Auto-approval is disabled. Skipping approval part of the check.

[90mstdout[2m | tests/lib/auto-approval-worker.test.ts[2m > [22m[2mrunAutoApprovalCheck[2m > [22m[2mshould not approve sessions if autoApprovalEnabled is false
[22m[39mAutoApprovalWorker: Cycle complete. Processed 1 sessions, approved 0.

 [32m✓[39m tests/lib/auto-approval-worker.test.ts [2m([22m[2m6 tests[22m[2m)[22m[32m 44[2mms[22m[39m
[90mstdout[2m | tests/lib/auto-continue-worker.test.ts[2m > [22m[2mAutoContinueWorker[2m > [22m[2mshould send a continue message to a completed session without a PR
[22m[39mAutoContinueWorker: Checking 1 sessions for auto-continue...

[90mstdout[2m | tests/lib/auto-continue-worker.test.ts[2m > [22m[2mAutoContinueWorker[2m > [22m[2mshould send a continue message to a completed session without a PR
[22m[39mAutoContinueWorker: Checking 1 sessions for auto-continue...

[90mstdout[2m | tests/lib/auto-continue-worker.test.ts[2m > [22m[2mAutoContinueWorker[2m > [22m[2mshould send a continue message to a completed session without a PR
[22m[39mAutoContinueWorker: Session 1 completed but no PR. Sending continue message...

[90mstdout[2m | tests/lib/auto-continue-worker.test.ts[2m > [22m[2mAutoContinueWorker[2m > [22m[2mshould not send a message if the session is not completed
[22m[39mAutoContinueWorker: Checking 1 sessions for auto-continue...

[90mstdout[2m | tests/lib/auto-continue-worker.test.ts[2m > [22m[2mAutoContinueWorker[2m > [22m[2mshould not send a message if the session is not completed
[22m[39mAutoContinueWorker: Checking 1 sessions for auto-continue...

[90mstdout[2m | tests/lib/auto-continue-worker.test.ts[2m > [22m[2mAutoContinueWorker[2m > [22m[2mshould not send a message if the session has a PR
[22m[39mAutoContinueWorker: Checking 1 sessions for auto-continue...

[90mstdout[2m | tests/lib/auto-continue-worker.test.ts[2m > [22m[2mAutoContinueWorker[2m > [22m[2mshould not send a message if the session has a PR
[22m[39mAutoContinueWorker: Checking 1 sessions for auto-continue...

[90mstdout[2m | tests/lib/auto-continue-worker.test.ts[2m > [22m[2mAutoContinueWorker[2m > [22m[2mshould not send a message if the session was updated more than 24 hours ago
[22m[39mAutoContinueWorker: Checking 1 sessions for auto-continue...

[90mstdout[2m | tests/lib/auto-continue-worker.test.ts[2m > [22m[2mAutoContinueWorker[2m > [22m[2mshould not send a message if the session was updated more than 24 hours ago
[22m[39mAutoContinueWorker: Checking 1 sessions for auto-continue...

 [32m✓[39m tests/lib/auto-continue-worker.test.ts [2m([22m[2m5 tests[22m[2m)[22m[32m 32[2mms[22m[39m
 [32m✓[39m tests/utils.test.ts [2m([22m[2m11 tests[22m[2m)[22m[32m 7[2mms[22m[39m
 [32m✓[39m tests/app/api/cron-jobs/[id]/route.test.ts [2m([22m[2m2 tests[22m[2m)[22m[32m 15[2mms[22m[39m
[90mstdout[2m | tests/sessions/actions.test.ts[2m > [22m[2mSession Actions[2m > [22m[2mlistSessions[2m > [22m[2mshould fetch from API if cache is empty
[22m[39mSession cache is empty, performing initial fetch...

[90mstdout[2m | tests/sessions/actions.test.ts[2m > [22m[2mSession Actions[2m > [22m[2mlistSessions[2m > [22m[2mshould not trigger background sync on initial fetch
[22m[39mSession cache is empty, performing initial fetch...

 [32m✓[39m tests/sessions/actions.test.ts [2m([22m[2m9 tests[22m[2m)[22m[32m 16[2mms[22m[39m
 [32m✓[39m tests/app/api/settings/route.test.ts [2m([22m[2m2 tests[22m[2m)[22m[32m 12[2mms[22m[39m
[90mstdout[2m | tests/lib/cron-worker.test.ts[2m > [22m[2mprocessCronJobs[2m > [22m[2mshould create a job if cron job is due
[22m[39mChecking cron jobs...

[90mstdout[2m | tests/lib/cron-worker.test.ts[2m > [22m[2mprocessCronJobs[2m > [22m[2mshould create a job if cron job is due
[22m[39mCron job Test Cron Job is due. Scheduled: Tue Dec 09 2025 22:53:29 GMT-0800 (Pacific Standard Time), Last Run: Tue Dec 09 2025 22:52:29 GMT-0800 (Pacific Standard Time)

[90mstdout[2m | tests/lib/cron-worker.test.ts[2m > [22m[2mprocessCronJobs[2m > [22m[2mshould create a job if cron job is due
[22m[39mCreated job 6e7b9ae9-4ec5-4047-9aa7-4698a85825b4 from cron job cron-1

[90mstdout[2m | tests/lib/cron-worker.test.ts[2m > [22m[2mprocessCronJobs[2m > [22m[2mshould not create a job if cron job is not due
[22m[39mChecking cron jobs...

[90mstdout[2m | tests/lib/cron-worker.test.ts[2m > [22m[2mprocessCronJobs[2m > [22m[2mshould not create a job if cron job is disabled
[22m[39mChecking cron jobs...

 [32m✓[39m tests/lib/cron-worker.test.ts [2m([22m[2m3 tests[22m[2m)[22m[32m 13[2mms[22m[39m
[90mstderr[2m | tests/github/actions.test.ts[2m > [22m[2mGitHub Actions[2m > [22m[2mgetPullRequestStatus[2m > [22m[2mshould return NOT_FOUND for a non-existent pull request
[22m[39mPull request not found: https://api.github.com/repos/owner/repo/pulls/404

[90mstderr[2m | tests/github/actions.test.ts[2m > [22m[2mGitHub Actions[2m > [22m[2mgetPullRequestStatus[2m > [22m[2mshould return UNAUTHORIZED for an unauthorized request
[22m[39mUnauthorized access to GitHub API. Check token.

[90mstderr[2m | tests/github/actions.test.ts[2m > [22m[2mGitHub Actions[2m > [22m[2mgetPullRequestStatus[2m > [22m[2mshould handle invalid PR URLs gracefully
[22m[39mInvalid PR URL not-a-url
Could not parse PR URL: not-a-url

 [32m✓[39m tests/github/actions.test.ts [2m([22m[2m6 tests[22m[2m)[22m[32m 29[2mms[22m[39m
[90mstderr[2m | tests/app/api/cron-jobs/route.test.ts[2m > [22m[2mGET /api/cron-jobs[2m > [22m[2mshould return a 500 error when getCronJobs throws an error
[22m[39mFailed to fetch cron jobs: Error: Database error
    at [90m/home/kevin/jules-master/[39mtests/app/api/cron-jobs/route.test.ts:17:54
    at [90mfile:///home/kevin/jules-master/[39mnode_modules/[4m@vitest[24m/runner/dist/index.js:145:11
    at [90mfile:///home/kevin/jules-master/[39mnode_modules/[4m@vitest[24m/runner/dist/index.js:915:26
    at [90mfile:///home/kevin/jules-master/[39mnode_modules/[4m@vitest[24m/runner/dist/index.js:1240:20
    at new Promise (<anonymous>)
    at runWithTimeout [90m(file:///home/kevin/jules-master/[39mnode_modules/[4m@vitest[24m/runner/dist/index.js:1206:10[90m)[39m
    at [90mfile:///home/kevin/jules-master/[39mnode_modules/[4m@vitest[24m/runner/dist/index.js:1650:37
    at Traces.$ [90m(file:///home/kevin/jules-master/[39mnode_modules/[4mvitest[24m/dist/chunks/traces.U4xDYhzZ.js:115:27[90m)[39m
    at trace [90m(file:///home/kevin/jules-master/[39mnode_modules/[4mvitest[24m/dist/chunks/test.BT8LKgU9.js:239:21[90m)[39m
    at runTest [90m(file:///home/kevin/jules-master/[39mnode_modules/[4m@vitest[24m/runner/dist/index.js:1650:12[90m)[39m

 [32m✓[39m tests/app/api/cron-jobs/route.test.ts [2m([22m[2m1 test[22m[2m)[22m[32m 17[2mms[22m[39m
 [32m✓[39m tests/lib/utils.test.ts [2m([22m[2m17 tests[22m[2m)[22m[32m 12[2mms[22m[39m
 [32m✓[39m tests/api/cron-jobs.test.ts [2m([22m[2m1 test[22m[2m)[22m[32m 12[2mms[22m[39m
 [32m✓[39m tests/app/config/actions.test.ts [2m([22m[2m2 tests[22m[2m)[22m[32m 4[2mms[22m[39m
[90mstderr[2m | tests/sessions/new/actions.test.ts[2m > [22m[2mSession New Actions[2m > [22m[2mcreateSession[2m > [22m[2mshould return null if API key is missing
[22m[39mJules API key is not configured.

[90mstderr[2m | tests/sessions/new/actions.test.ts[2m > [22m[2mSession New Actions[2m > [22m[2mcreateSession[2m > [22m[2mshould return null on API error
[22m[39mFailed to create session: 500 Server Error Error

 [32m✓[39m tests/sessions/new/actions.test.ts [2m([22m[2m6 tests[22m[2m)[22m[32m 11[2mms[22m[39m
[90mstderr[2m | tests/lib/github-service.test.ts[2m > [22m[2mdeleteBranch[2m > [22m[2mshould return false if the GitHub token is not configured
[22m[39mGitHub token not configured, skipping branch deletion.

[90mstdout[2m | tests/lib/github-service.test.ts[2m > [22m[2mdeleteBranch[2m > [22m[2mshould return true on a successful deletion
[22m[39mSuccessfully deleted branch test-branch from test-repo

[90mstderr[2m | tests/lib/github-service.test.ts[2m > [22m[2mdeleteBranch[2m > [22m[2mshould return true if the branch is not found
[22m[39mBranch test-branch not found in test-repo, assuming it was already deleted.

[90mstderr[2m | tests/lib/github-service.test.ts[2m > [22m[2mdeleteBranch[2m > [22m[2mshould return false if the branch cannot be processed
[22m[39mBranch test-branch in test-repo could not be processed.

[90mstderr[2m | tests/lib/github-service.test.ts[2m > [22m[2mdeleteBranch[2m > [22m[2mshould return false on a failed deletion
[22m[39mFailed to delete branch test-branch from test-repo: 500 undefined

[90mstderr[2m | tests/lib/github-service.test.ts[2m > [22m[2mdeleteBranch[2m > [22m[2mshould return false when attempting to delete protected branches
[22m[39mAttempted to delete protected branch main in test-repo, preventing deletion.

[90mstderr[2m | tests/lib/github-service.test.ts[2m > [22m[2mdeleteBranch[2m > [22m[2mshould return false when attempting to delete protected branches
[22m[39mAttempted to delete protected branch master in test-repo, preventing deletion.

[90mstderr[2m | tests/lib/github-service.test.ts[2m > [22m[2mdeleteBranch[2m > [22m[2mshould return false when attempting to delete protected branches
[22m[39mAttempted to delete protected branch develop in test-repo, preventing deletion.

 [32m✓[39m tests/lib/github-service.test.ts [2m([22m[2m6 tests[22m[2m)[22m[32m 16[2mms[22m[39m
 [32m✓[39m tests/unit/create-session.test.ts [2m([22m[2m1 test[22m[2m)[22m[32m 3[2mms[22m[39m
 [32m✓[39m tests/lib/session-service.test.ts [2m([22m[2m5 tests[22m[2m)[22m[32m 10[2mms[22m[39m
 [32m✓[39m tests/unit/repo-extraction.test.ts [2m([22m[2m4 tests[22m[2m)[22m[32m 4[2mms[22m[39m
 [32m✓[39m tests/lib/validation.test.ts [2m([22m[2m1 test[22m[2m)[22m[32m 6[2mms[22m[39m

[31m⎯⎯⎯⎯⎯⎯⎯[39m[1m[41m Failed Tests 4 [49m[22m[31m⎯⎯⎯⎯⎯⎯⎯[39m

[41m[1m FAIL [22m[49m tests/history_prompts.test.ts[2m > [22mHistory Prompts[2m > [22mshould save a new history prompt
[31m[1mAssertionError[22m: expected "vi.fn()" to be called at least once[39m
[36m [2m❯[22m tests/history_prompts.test.ts:[2m76:48[22m[39m
    [90m 74| [39m     [35mawait[39m [34msaveHistoryPrompt[39m(prompt)[33m;[39m
    [90m 75| [39m
    [90m 76| [39m     [34mexpect[39m(appDatabase[33m.[39mhistoryPrompts[33m.[39mcreate)[33m.[39m[34mtoHaveBeenCalled[39m()[33m;[39m
    [90m   | [39m                                               [31m^[39m
    [90m 77| [39m     const createCall = (appDatabase.historyPrompts.create as any).moc…
    [90m 78| [39m     [34mexpect[39m(createCall[33m.[39mprompt)[33m.[39m[34mtoBe[39m(prompt)[33m;[39m

[31m[2m⎯⎯⎯⎯⎯⎯⎯⎯⎯⎯⎯⎯⎯⎯⎯⎯⎯⎯⎯⎯⎯⎯⎯⎯[1/4]⎯[22m[39m

[41m[1m FAIL [22m[49m tests/history_prompts.test.ts[2m > [22mHistory Prompts[2m > [22mshould update an existing history prompt
[31m[1mTypeError[22m: Cannot read properties of undefined (reading 'run')[39m
[36m [2m❯[22m Module.saveHistoryPrompt src/app/config/actions.ts:[2m107:141[22m[39m
    [90m105| [39m        // appDatabase helpers might not support profileId specific up…
    [90m106| [39m        [90m// Actually historyPrompts has ID.[39m
    [90m107| [39m        await db.update(schema.historyPrompts).set({ lastUsedAt: new D…
    [90m   | [39m                                                                                                                                            [31m^[39m
    [90m108| [39m    } [35melse[39m {
    [90m109| [39m        [35mconst[39m newHistoryPrompt[33m:[39m [33mHistoryPrompt[39m [33m=[39m {
[90m [2m❯[22m tests/history_prompts.test.ts:[2m96:6[22m[39m

[31m[2m⎯⎯⎯⎯⎯⎯⎯⎯⎯⎯⎯⎯⎯⎯⎯⎯⎯⎯⎯⎯⎯⎯⎯⎯[2/4]⎯[22m[39m

[41m[1m FAIL [22m[49m tests/components/job-creation-form.test.tsx[2m > [22mJobCreationForm[2m > [22mshould create a foreground job with all the required properties
[31m[1mAssertionError[22m[39m: expected { …(14) } to match object { name: 'Test FG Job', …(6) }
(7 matching properties omitted from actual)

Ignored nodes: comments, script, style
[36m<html>[39m
  [36m<head />[39m
  [36m<body>[39m
    [36m<div>[39m
      [36m<div[39m
        [33mclass[39m=[32m"rounded-lg border bg-card text-card-foreground shadow-md"[39m
      [36m>[39m
        [36m<div[39m
          [33mclass[39m=[32m"flex flex-col space-y-1.5 p-6 relative"[39m
        [36m>[39m
          [36m<div>[39m
            [36m<div[39m
              [33mclass[39m=[32m"text-2xl font-semibold leading-none tracking-tight"[39m
            [36m>[39m
              [0mNew Job[0m
            [36m</div>[39m
            [36m<div[39m
              [33mclass[39m=[32m"text-sm text-muted-foreground"[39m
            [36m>[39m
              [0mCreate a new job by providing a prompt. You can create multiple sessions for the same job.[0m
            [36m</div>[39m
          [36m</div>[39m
        [36m</div>[39m
        [36m<form>[39m
          [36m<div[39m
            [33mclass[39m=[32m"p-6 pt-0 space-y-6"[39m
          [36m>[39m
            [36m<div[39m
              [33mclass[39m=[32m"grid grid-cols-1 md:grid-cols-2 gap-4"[39m
            [36m>[39m
              [36m<div[39m
                [33mclass[39m=[32m"space-y-2"[39m
              [36m>[39m
                [36m<label[39m
                  [33mclass[39m=[32m"text-sm font-medium leading-none peer-disabled:cursor-not-allowed peer-disabled:opacity-70"[39m
                  [33mfor[39m=[32m"job-name"[39m
                [36m>[39m
                  [0mJob Name (Optional)[0m
                [36m</label>[39m
                [36m<input[39m
                  [33mclass[39m=[32m"flex h-10 w-full rounded-md border border-input bg-background px-3 py-2 text-base ring-offset-background file:border-0 file:bg-transparent file:text-sm file:font-medium file:text-foreground placeholder:text-muted-foreground focus-visible:outline-none focus-visible:ring-2 focus-visible:ring-ring focus-visible:ring-offset-2 disabled:cursor-not-allowed disabled:opacity-50 md:text-sm"[39m
                  [33mid[39m=[32m"job-name"[39m
                  [33mplaceholder[39m=[32m"e.g., My Awesome Job"[39m
                  [33mvalue[39m=[32m""[39m
                [36m/>[39m
              [36m</div>[39m
              [36m<div[39m
                [33mclass[39m=[32m"space-y-2"[39m
              [36m>[39m
                [36m<label[39m
                  [33mclass[39m=[32m"text-sm font-medium leading-none peer-disabled:cursor-not-allowed peer-disabled:opacity-70"[39m
                  [33mfor[39m=[32m"session-count"[39m
                [36m>[39m
                  [0mNumber of sessions[0m
                [36m</label>[39m
                [36m<input[39m
                  [33mclass[39m=[32m"flex h-10 w-full rounded-md border border-input bg-background px-3 py-2 text-base ring-offset-background file:border-0 file:bg-transparent file:text-sm file:font-medium file:text-foreground placeholder:text-muted-foreground focus-visible:outline-none focus-visible:ring-2 focus-visible:ring-ring focus-visible:ring-offset-2 disabled:cursor-not-allowed disabled:opacity-50 md:text-sm"[39m
                  [33mid[39m=[32m"session-count"[39m
                  [33mmin[39m=[32m"1"[39m
                  [33mtype[39m=[32m"number"[39m
                  [33mvalue[39m=[32m"10"[39m
                [36m/>[39m
              [36m</div>[39m
            [36m</div>[39m
            [36m<div[39m
              [33mclass[39m=[32m"grid w-full gap-2"[39m
            [36m>[39m
              [36m<div[39m
                [33mclass[39m=[32m"flex items-center justify-between"[39m
              [36m>[39m
                [36m<label[39m
                  [33mclass[39m=[32m"text-sm font-medium leading-none peer-disabled:cursor-not-allowed peer-disabled:opacity-70"[39m
                  [33mfor[39m=[32m"prompts"[39m
                [36m>[39m
                  [0mPrompt[0m
                [36m</label>[39m
              [36m</div>[39m
              [36m<textarea[39m
                [33maria-label[39m=[32m"Session Prompts"[39m
                [33mclass[39m=[32m"flex min-h-[80px] w-full rounded-md border border-input bg-background px-3 py-2 text-base ring-offset-background placeholder:text-muted-foreground focus-visible:outline-none focus-visible:ring-2 focus-visible:ring-ring focus-visible:ring-offset-2 disabled:cursor-not-allowed disabled:opacity-50 md:text-sm"[39m
                [33mid[39m=[32m"prompts"[39m
                [33mplaceholder[39m=[32m"e.g., Create a boba app!"[39m
                [33mrows[39m=[32m"5"[39m
              [36m/>[39m
              [36m<div[39m
                [33mclass[39m=[32m"grid grid-cols-2 items-center gap-4 pt-2"[39m
              [36m>[39m
                [36m<div[39m
                  [33mclass[39m=[32m"flex items-center space-x-2"[39m
                [36m>[39m
                  [36m<button[39m
                    [33maria-checked[39m=[32m"true"[39m
                    [33mclass[39m=[32m"peer h-4 w-4 shrink-0 rounded-sm border border-primary ring-offset-background focus-visible:outline-none focus-visible:ring-2 focus-visible:ring-ring focus-visible:ring-offset-2 disabled:cursor-not-allowed disabled:opacity-50 data-[state=checked]:bg-primary data-[state=checked]:text-primary-foreground data-[state=indeterminate]:bg-primary data-[state=indeterminate]:text-primary-foreground"[39m
                    [33mdata-disabled[39m=[32m""[39m
                    [33mdata-state[39m=[32m"checked"[39m
                    [33mdisabled[39m=[32m""[39m
                    [33mid[39m=[32m"apply-global-prompt"[39m
                    [33mrole[39m=[32m"checkbox"[39m
                    [33mtype[39m=[32m"button"[39m
                    [33mvalue[39m=[32m"on"[39m
                  [36m>[39m
                    [36m<span[39m
                      [33mclass[39m=[32m"flex items-center justify-center text-current"[39m
                      [33mdata-disabled[39m=[32m""[39m
                      [33mdata-state[39m=[32m"checked"[39m
                      [33mstyle[39m=[32m"pointer-events: none;"[39m
                    [36m>[39m
                      [36m<svg[39m
                        [33mclass[39m=[32m"lucide lucide-check h-4 w-4"[39m
                        [33mfill[39m=[32m"none"[39m
                        [33mheight[39m=[32m"24"[39m
                        [33mstroke[39m=[32m"currentColor"[39m
                        [33mstroke-linecap[39m=[32m"round"[39m
                        [33mstroke-linejoin[39m=[32m"round"[39m
                        [33mstroke-width[39m=[32m"2"[39m
                        [33mviewBox[39m=[32m"0 0 24 24"[39m
                        [33mwidth[39m=[32m"24"[39m
                        [33mxmlns[39m=[32m"http://www.w3.org/2000/svg"[39m
        ...

[32m- Expected[39m
[31m+ Received[39m

[2m  {[22m
[2m    "automationMode": "AUTO_CREATE_PR",[22m
[32m-   "background": false,[39m
[31m+   "background": true,[39m
[2m    "name": "Test FG Job",[22m
[2m    "prompt": "Test foreground job prompt",[22m
[2m    "requirePlanApproval": false,[22m
[2m    "sessionCount": 2,[22m
[32m-   "status": "COMPLETED",[39m
[31m+   "status": "PENDING",[39m
[2m  }[22m

[36m [2m❯[22m __vi_import_1__.waitFor.timeout tests/components/job-creation-form.test.tsx:[2m111:26[22m[39m
    [90m109| [39m      [34mexpect[39m(addJob)[33m.[39m[34mtoHaveBeenCalledTimes[39m([34m1[39m)[33m;[39m
    [90m110| [39m      [35mconst[39m jobPayload [33m=[39m (addJob [35mas[39m [33mMock[39m)[33m.[39mmock[33m.[39mcalls[[34m0[39m][[34m0[39m] [35mas[39m [33mJob[39m[33m;[39m
    [90m111| [39m      [34mexpect[39m(jobPayload)[33m.[39m[34mtoMatchObject[39m({
    [90m   | [39m                         [31m^[39m
    [90m112| [39m        name[33m:[39m [32m'Test FG Job'[39m[33m,[39m
    [90m113| [39m        prompt[33m:[39m [32m'Test foreground job prompt'[39m[33m,[39m
[90m [2m❯[22m runWithExpensiveErrorDiagnosticsDisabled node_modules/@testing-library/dom/dist/config.js:[2m47:12[22m[39m
[90m [2m❯[22m checkCallback node_modules/@testing-library/dom/dist/wait-for.js:[2m124:77[22m[39m
[90m [2m❯[22m Timeout.checkRealTimersCallback node_modules/@testing-library/dom/dist/wait-for.js:[2m118:16[22m[39m

[31m[2m⎯⎯⎯⎯⎯⎯⎯⎯⎯⎯⎯⎯⎯⎯⎯⎯⎯⎯⎯⎯⎯⎯⎯⎯[3/4]⎯[22m[39m

[41m[1m FAIL [22m[49m tests/lib/auto-retry-worker.test.ts[2m > [22mAutoRetryWorker[2m > [22mshould send a retry message to a failed session
[31m[1mAssertionError[22m: expected "vi.fn()" to be called with arguments: [ '1', 'Retry?', 'test-api-key' ][90m

Received:

[1m  1st vi.fn() call:

[22m[2m  [[22m
[2m    "1",[22m
[2m    "Retry?",[22m
[2m    "test-api-key",[22m
[31m+   true,[90m
[2m  ][22m
[31m[90m

Number of calls: [1m1[22m
[31m[39m
[36m [2m❯[22m tests/lib/auto-retry-worker.test.ts:[2m50:33[22m[39m
    [90m 48| [39m    vi[33m.[39m[34mmocked[39m(actions[33m.[39mlistActivities)[33m.[39m[34mmockResolvedValue[39m([])[33m;[39m
    [90m 49| [39m    [35mawait[39m [34mrunAutoRetryCheck[39m({ schedule[33m:[39m [35mfalse[39m })[33m;[39m
    [90m 50| [39m    expect(actions.sendMessage).toHaveBeenCalledWith('1', 'Retry?', 't…
    [90m   | [39m                                [31m^[39m
    [90m 51| [39m  })[33m;[39m
    [90m 52| [39m

[31m[2m⎯⎯⎯⎯⎯⎯⎯⎯⎯⎯⎯⎯⎯⎯⎯⎯⎯⎯⎯⎯⎯⎯⎯⎯[4/4]⎯[22m[39m


[2m Test Files [22m [1m[31m3 failed[39m[22m[2m | [22m[1m[32m34 passed[39m[22m[90m (37)[39m
[2m      Tests [22m [1m[31m4 failed[39m[22m[2m | [22m[1m[32m170 passed[39m[22m[2m | [22m[33m1 skipped[39m[90m (175)[39m
[2m   Start at [22m 22:53:36
[2m   Duration [22m 68.96s[2m (transform 1.04s, setup 19.72s, import 10.22s, tests 10.15s, environment 21.62s)[22m

[1m[41m FAIL [49m[22m [31mTests failed. Watching for file changes...[39m
       [2mpress [22m[1mh[22m[2m to show help[22m[2m, [22m[2mpress [22m[1mq[22m[2m to quit[22m
c[3J[1m[44m RERUN [49m[22m [34m[2mtests/lib/auto-retry-worker.test.ts [22m[34mx1 [34m[39m

 [31m❯[39m tests/components/job-creation-form.test.tsx [2m([22m[2m2 tests[22m[2m | [22m[31m1 failed[39m[2m)[22m[33m 2743[2mms[22m[39m
     [33m[2m✓[22m[39m should create a background job with all the required properties [33m 543[2mms[22m[39m
[31m     [31m×[31m should create a foreground job with all the required properties[39m[33m 2198[2mms[22m[39m
 [31m❯[39m tests/history_prompts.test.ts [2m([22m[2m2 tests[22m[2m | [22m[31m2 failed[39m[2m)[22m[32m 10[2mms[22m[39m
[31m     [31m×[31m should save a new history prompt[39m[32m 6[2mms[22m[39m
[31m     [31m×[31m should update an existing history prompt[39m[32m 3[2mms[22m[39m
[90mstdout[2m | tests/lib/auto-retry-worker.test.ts[2m > [22m[2mAutoRetryWorker[2m > [22m[2mshould send a retry message to a failed session
[22m[39mAutoRetryWorker: Checking 1 sessions for auto-retry...

[90mstdout[2m | tests/lib/auto-retry-worker.test.ts[2m > [22m[2mAutoRetryWorker[2m > [22m[2mshould send a retry message to a failed session
[22m[39mAutoRetryWorker: Retrying session 1...

[90mstdout[2m | tests/lib/auto-retry-worker.test.ts[2m > [22m[2mAutoRetryWorker[2m > [22m[2mshould not send a message if the session is not failed
[22m[39mAutoRetryWorker: Checking 1 sessions for auto-retry...

[90mstdout[2m | tests/lib/auto-retry-worker.test.ts[2m > [22m[2mAutoRetryWorker[2m > [22m[2mshould not send a message if the session was updated more than 24 hours ago
[22m[39mAutoRetryWorker: Checking 1 sessions for auto-retry...

 [32m✓[39m tests/lib/auto-retry-worker.test.ts [2m([22m[2m4 tests[22m[2m)[22m[32m 31[2mms[22m[39m

[2m Test Files [22m [1m[31m2 failed[39m[22m[2m | [22m[1m[32m1 passed[39m[22m[90m (3)[39m
[2m      Tests [22m [1m[31m3 failed[39m[22m[2m | [22m[1m[32m5 passed[39m[22m[90m (8)[39m
[2m   Start at [22m 22:55:22
[2m   Duration [22m 1.93s

[1m[42m PASS [49m[22m [32mWaiting for file changes...[39m
       [2mpress [22m[1mh[22m[2m to show help[22m[2m, [22m[2mpress [22m[1mq[22m[2m to quit[22m
c[3J[1m[44m RERUN [49m[22m [34m[2mtests/history_prompts.test.ts [22m[34mx1 [34m[39m

 [31m❯[39m tests/components/job-creation-form.test.tsx [2m([22m[2m2 tests[22m[2m | [22m[31m1 failed[39m[2m)[22m[33m 2743[2mms[22m[39m
     [33m[2m✓[22m[39m should create a background job with all the required properties [33m 543[2mms[22m[39m
[31m     [31m×[31m should create a foreground job with all the required properties[39m[33m 2198[2mms[22m[39m
 [31m❯[39m tests/history_prompts.test.ts [2m([22m[2m2 tests[22m[2m | [22m[31m2 failed[39m[2m)[22m[32m 20[2mms[22m[39m
[31m     [31m×[31m should save a new history prompt[39m[32m 11[2mms[22m[39m
[31m     [31m×[31m should update an existing history prompt[39m[32m 7[2mms[22m[39m

[31m⎯⎯⎯⎯⎯⎯⎯[39m[1m[41m Failed Tests 2 [49m[22m[31m⎯⎯⎯⎯⎯⎯⎯[39m

[41m[1m FAIL [22m[49m tests/history_prompts.test.ts[2m > [22mHistory Prompts[2m > [22mshould save a new history prompt
[31m[1mAssertionError[22m: expected "vi.fn()" to be called at least once[39m
[36m [2m❯[22m tests/history_prompts.test.ts:[2m76:48[22m[39m
    [90m 74| [39m     [35mawait[39m [34msaveHistoryPrompt[39m(prompt)[33m;[39m
    [90m 75| [39m
    [90m 76| [39m     [34mexpect[39m(appDatabase[33m.[39mhistoryPrompts[33m.[39mcreate)[33m.[39m[34mtoHaveBeenCalled[39m()[33m;[39m
    [90m   | [39m                                               [31m^[39m
    [90m 77| [39m     const createCall = (appDatabase.historyPrompts.create as any).moc…
    [90m 78| [39m     [34mexpect[39m(createCall[33m.[39mprompt)[33m.[39m[34mtoBe[39m(prompt)[33m;[39m

[31m[2m⎯⎯⎯⎯⎯⎯⎯⎯⎯⎯⎯⎯⎯⎯⎯⎯⎯⎯⎯⎯⎯⎯⎯⎯[1/2]⎯[22m[39m

[41m[1m FAIL [22m[49m tests/history_prompts.test.ts[2m > [22mHistory Prompts[2m > [22mshould update an existing history prompt
[31m[1mAssertionError[22m: expected "vi.fn()" to be called with arguments: [ '123', ObjectContaining{…} ][90m

Number of calls: [1m0[22m
[31m[39m
[36m [2m❯[22m tests/history_prompts.test.ts:[2m98:48[22m[39m
    [90m 96| [39m     [35mawait[39m [34msaveHistoryPrompt[39m(prompt)[33m;[39m
    [90m 97| [39m
    [90m 98| [39m     expect(appDatabase.historyPrompts.update).toHaveBeenCalledWith(ex…
    [90m   | [39m                                               [31m^[39m
    [90m 99| [39m         lastUsedAt[33m:[39m expect[33m.[39m[34many[39m([33mString[39m)
    [90m100| [39m     }))[33m;[39m

[31m[2m⎯⎯⎯⎯⎯⎯⎯⎯⎯⎯⎯⎯⎯⎯⎯⎯⎯⎯⎯⎯⎯⎯⎯⎯[2/2]⎯[22m[39m


[2m Test Files [22m [1m[31m2 failed[39m[22m[90m (2)[39m
[2m      Tests [22m [1m[31m3 failed[39m[22m[2m | [22m[1m[32m1 passed[39m[22m[90m (4)[39m
[2m   Start at [22m 22:55:59
[2m   Duration [22m 1.52s

[1m[41m FAIL [49m[22m [31mTests failed. Watching for file changes...[39m
       [2mpress [22m[1mh[22m[2m to show help[22m[2m, [22m[2mpress [22m[1mq[22m[2m to quit[22m
c[3J[1m[44m RERUN [49m[22m [34m[2mtests/components/job-creation-form.test.tsx [22m[34mx1 [34m[39m

 [31m❯[39m tests/history_prompts.test.ts [2m([22m[2m2 tests[22m[2m | [22m[31m2 failed[39m[2m)[22m[32m 20[2mms[22m[39m
[31m     [31m×[31m should save a new history prompt[39m[32m 11[2mms[22m[39m
[31m     [31m×[31m should update an existing history prompt[39m[32m 7[2mms[22m[39m
 [32m✓[39m tests/components/job-creation-form.test.tsx [2m([22m[2m2 tests[22m[2m)[22m[33m 2915[2mms[22m[39m
     [33m[2m✓[22m[39m should create a background job with all the required properties [33m 1284[2mms[22m[39m
     [33m[2m✓[22m[39m should create a foreground job with all the required properties [33m 1628[2mms[22m[39m

[2m Test Files [22m [1m[31m1 failed[39m[22m[2m | [22m[1m[32m1 passed[39m[22m[90m (2)[39m
[2m      Tests [22m [1m[31m2 failed[39m[22m[2m | [22m[1m[32m2 passed[39m[22m[90m (4)[39m
[2m   Start at [22m 22:56:07
[2m   Duration [22m 6.37s

[1m[42m PASS [49m[22m [32mWaiting for file changes...[39m
       [2mpress [22m[1mh[22m[2m to show help[22m[2m, [22m[2mpress [22m[1mq[22m[2m to quit[22m
c[3J[1m[44m RERUN [49m[22m [34m[2mtests/history_prompts.test.ts [22m[34mx2 [34m[39m

 [32m✓[39m tests/history_prompts.test.ts [2m([22m[2m2 tests[22m[2m)[22m[32m 17[2mms[22m[39m

[2m Test Files [22m [1m[32m1 passed[39m[22m[90m (1)[39m
[2m      Tests [22m [1m[32m2 passed[39m[22m[90m (2)[39m
[2m   Start at [22m 22:59:09
[2m   Duration [22m 1.48s

[1m[42m PASS [49m[22m [32mWaiting for file changes...[39m
       [2mpress [22m[1mh[22m[2m to show help[22m[2m, [22m[2mpress [22m[1mq[22m[2m to quit[22m
c[3J[1m[44m RERUN [49m[22m [34m[2mtests/lib/github-service.test.ts [22m[34mx1 [34m[39m

[90mstderr[2m | tests/lib/github-service.test.ts[2m > [22m[2mdeleteBranch[2m > [22m[2mshould return false if the GitHub token is not configured
[22m[39mGitHub token not configured, skipping branch deletion.

[90mstdout[2m | tests/lib/github-service.test.ts[2m > [22m[2mdeleteBranch[2m > [22m[2mshould return true on a successful deletion
[22m[39mSuccessfully deleted branch test-branch from test-repo

[90mstderr[2m | tests/lib/github-service.test.ts[2m > [22m[2mdeleteBranch[2m > [22m[2mshould return true if the branch is not found
[22m[39mBranch test-branch not found in test-repo, assuming it was already deleted.

[90mstderr[2m | tests/lib/github-service.test.ts[2m > [22m[2mdeleteBranch[2m > [22m[2mshould return false if the branch cannot be processed
[22m[39mBranch test-branch in test-repo could not be processed.

[90mstderr[2m | tests/lib/github-service.test.ts[2m > [22m[2mdeleteBranch[2m > [22m[2mshould return false when attempting to delete protected branches
[22m[39mAttempted to delete protected branch main in test-repo, preventing deletion.

[90mstderr[2m | tests/lib/github-service.test.ts[2m > [22m[2mdeleteBranch[2m > [22m[2mshould return false when attempting to delete protected branches
[22m[39mAttempted to delete protected branch master in test-repo, preventing deletion.

[90mstderr[2m | tests/lib/github-service.test.ts[2m > [22m[2mdeleteBranch[2m > [22m[2mshould return false when attempting to delete protected branches
[22m[39mAttempted to delete protected branch develop in test-repo, preventing deletion.

 [32m✓[39m tests/lib/github-service.test.ts [2m([22m[2m6 tests[22m[2m)[22m[32m 24[2mms[22m[39m

[2m Test Files [22m [1m[32m1 passed[39m[22m[90m (1)[39m
[2m      Tests [22m [1m[32m6 passed[39m[22m[90m (6)[39m
[2m   Start at [22m 23:20:17
[2m   Duration [22m 1.58s

[1m[42m PASS [49m[22m [32mWaiting for file changes...[39m
       [2mpress [22m[1mh[22m[2m to show help[22m[2m, [22m[2mpress [22m[1mq[22m[2m to quit[22m
c[3J[1m[44m RERUN [49m[22m [34m[2mtests/lib/github-service.test.ts [22m[34mx2 [34m[39m

[90mstderr[2m | tests/lib/github-service.test.ts[2m > [22m[2mdeleteBranch[2m > [22m[2mshould return false if the GitHub token is not configured
[22m[39mGitHub token not configured, skipping branch deletion.

[90mstdout[2m | tests/lib/github-service.test.ts[2m > [22m[2mdeleteBranch[2m > [22m[2mshould return true on a successful deletion
[22m[39mSuccessfully deleted branch test-branch from test-repo

[90mstderr[2m | tests/lib/github-service.test.ts[2m > [22m[2mdeleteBranch[2m > [22m[2mshould return true if the branch is not found
[22m[39mBranch test-branch not found in test-repo, assuming it was already deleted.

[90mstderr[2m | tests/lib/github-service.test.ts[2m > [22m[2mdeleteBranch[2m > [22m[2mshould return false if the branch cannot be processed
[22m[39mBranch test-branch in test-repo could not be processed.

[90mstderr[2m | tests/lib/github-service.test.ts[2m > [22m[2mdeleteBranch[2m > [22m[2mshould return false when attempting to delete protected branches
[22m[39mAttempted to delete protected branch main in test-repo, preventing deletion.

[90mstderr[2m | tests/lib/github-service.test.ts[2m > [22m[2mdeleteBranch[2m > [22m[2mshould return false when attempting to delete protected branches
[22m[39mAttempted to delete protected branch master in test-repo, preventing deletion.

[90mstderr[2m | tests/lib/github-service.test.ts[2m > [22m[2mdeleteBranch[2m > [22m[2mshould return false when attempting to delete protected branches
[22m[39mAttempted to delete protected branch develop in test-repo, preventing deletion.

 [32m✓[39m tests/lib/github-service.test.ts [2m([22m[2m6 tests[22m[2m)[22m[32m 19[2mms[22m[39m

[2m Test Files [22m [1m[32m1 passed[39m[22m[90m (1)[39m
[2m      Tests [22m [1m[32m6 passed[39m[22m[90m (6)[39m
[2m   Start at [22m 23:20:23
[2m   Duration [22m 1.38s

[1m[42m PASS [49m[22m [32mWaiting for file changes...[39m
       [2mpress [22m[1mh[22m[2m to show help[22m[2m, [22m[2mpress [22m[1mq[22m[2m to quit[22m
c[3J[1m[44m RERUN [49m[22m [34m[2mtests/lib/background-job-worker.test.ts [22m[34mx1 [34m[39m

 [32m✓[39m tests/lib/background-job-worker.test.ts [2m([22m[2m1 test[22m[2m)[22m[33m 4036[2mms[22m[39m
     [33m[2m✓[22m[39m should resume a PROCESSING job and create remaining sessions with correct arguments [33m 4034[2mms[22m[39m

[2m Test Files [22m [1m[32m1 passed[39m[22m[90m (1)[39m
[2m      Tests [22m [1m[32m1 passed[39m[22m[90m (1)[39m
[2m   Start at [22m 23:20:52
[2m   Duration [22m 5.90s

[1m[42m PASS [49m[22m [32mWaiting for file changes...[39m
       [2mpress [22m[1mh[22m[2m to show help[22m[2m, [22m[2mpress [22m[1mq[22m[2m to quit[22m
c[3J[1m[44m RERUN [49m[22m [34m[2mtests/lib/background-job-worker.test.ts [22m[34mx2 [34m[39m

 [32m✓[39m tests/lib/background-job-worker.test.ts [2m([22m[2m1 test[22m[2m)[22m[33m 4029[2mms[22m[39m
     [33m[2m✓[22m[39m should resume a PROCESSING job and create remaining sessions with correct arguments [33m 4027[2mms[22m[39m

[2m Test Files [22m [1m[32m1 passed[39m[22m[90m (1)[39m
[2m      Tests [22m [1m[32m1 passed[39m[22m[90m (1)[39m
[2m   Start at [22m 23:21:01
[2m   Duration [22m 5.36s

[1m[42m PASS [49m[22m [32mWaiting for file changes...[39m
       [2mpress [22m[1mh[22m[2m to show help[22m[2m, [22m[2mpress [22m[1mq[22m[2m to quit[22m
c[3J[1m[44m RERUN [49m[22m [34m[2mtests/lib/github-service.test.ts [22m[34mx3 [34m[39m

[90mstderr[2m | tests/lib/github-service.test.ts[2m > [22m[2mdeleteBranch[2m > [22m[2mshould return false if the GitHub token is not configured
[22m[39mGitHub token not configured, skipping branch deletion.

[90mstdout[2m | tests/lib/github-service.test.ts[2m > [22m[2mdeleteBranch[2m > [22m[2mshould return true on a successful deletion
[22m[39mSuccessfully deleted branch test-branch from test-repo

[90mstderr[2m | tests/lib/github-service.test.ts[2m > [22m[2mdeleteBranch[2m > [22m[2mshould return true if the branch is not found
[22m[39mBranch test-branch not found in test-repo, assuming it was already deleted.

[90mstderr[2m | tests/lib/github-service.test.ts[2m > [22m[2mdeleteBranch[2m > [22m[2mshould return false if the branch cannot be processed
[22m[39mBranch test-branch in test-repo could not be processed.

[90mstderr[2m | tests/lib/github-service.test.ts[2m > [22m[2mdeleteBranch[2m > [22m[2mshould return false on a failed deletion
[22m[39mFailed to delete branch test-branch from test-repo: 500 undefined

[90mstderr[2m | tests/lib/github-service.test.ts[2m > [22m[2mdeleteBranch[2m > [22m[2mshould return false when attempting to delete protected branches
[22m[39mAttempted to delete protected branch main in test-repo, preventing deletion.

[90mstderr[2m | tests/lib/github-service.test.ts[2m > [22m[2mdeleteBranch[2m > [22m[2mshould return false when attempting to delete protected branches
[22m[39mAttempted to delete protected branch master in test-repo, preventing deletion.

[90mstderr[2m | tests/lib/github-service.test.ts[2m > [22m[2mdeleteBranch[2m > [22m[2mshould return false when attempting to delete protected branches
[22m[39mAttempted to delete protected branch develop in test-repo, preventing deletion.

 [32m✓[39m tests/lib/github-service.test.ts [2m([22m[2m6 tests[22m[2m)[22m[32m 33[2mms[22m[39m

[2m Test Files [22m [1m[32m1 passed[39m[22m[90m (1)[39m
[2m      Tests [22m [1m[32m6 passed[39m[22m[90m (6)[39m
[2m   Start at [22m 23:31:31
[2m   Duration [22m 1.66s

[1m[42m PASS [49m[22m [32mWaiting for file changes...[39m
       [2mpress [22m[1mh[22m[2m to show help[22m[2m, [22m[2mpress [22m[1mq[22m[2m to quit[22m
c[3J[1m[44m RERUN [49m[22m [34m[2mtests/lib/github-service.test.ts [22m[34mx4 [34m[39m

[90mstderr[2m | tests/lib/github-service.test.ts[2m > [22m[2mdeleteBranch[2m > [22m[2mshould return false if the GitHub token is not configured
[22m[39mGitHub token not configured, skipping branch deletion.

[90mstdout[2m | tests/lib/github-service.test.ts[2m > [22m[2mdeleteBranch[2m > [22m[2mshould return true on a successful deletion
[22m[39mSuccessfully deleted branch test-branch from test-repo

[90mstderr[2m | tests/lib/github-service.test.ts[2m > [22m[2mdeleteBranch[2m > [22m[2mshould return true if the branch is not found
[22m[39mBranch test-branch not found in test-repo, assuming it was already deleted.

[90mstderr[2m | tests/lib/github-service.test.ts[2m > [22m[2mdeleteBranch[2m > [22m[2mshould return false if the branch cannot be processed
[22m[39mBranch test-branch in test-repo could not be processed.

[90mstderr[2m | tests/lib/github-service.test.ts[2m > [22m[2mdeleteBranch[2m > [22m[2mshould return false on a failed deletion
[22m[39mFailed to delete branch test-branch from test-repo: 500 undefined

[90mstderr[2m | tests/lib/github-service.test.ts[2m > [22m[2mdeleteBranch[2m > [22m[2mshould return false when attempting to delete protected branches
[22m[39mAttempted to delete protected branch main in test-repo, preventing deletion.

[90mstderr[2m | tests/lib/github-service.test.ts[2m > [22m[2mdeleteBranch[2m > [22m[2mshould return false when attempting to delete protected branches
[22m[39mAttempted to delete protected branch master in test-repo, preventing deletion.

[90mstderr[2m | tests/lib/github-service.test.ts[2m > [22m[2mdeleteBranch[2m > [22m[2mshould return false when attempting to delete protected branches
[22m[39mAttempted to delete protected branch develop in test-repo, preventing deletion.

 [32m✓[39m tests/lib/github-service.test.ts [2m([22m[2m6 tests[22m[2m)[22m[32m 19[2mms[22m[39m

[2m Test Files [22m [1m[32m1 passed[39m[22m[90m (1)[39m
[2m      Tests [22m [1m[32m6 passed[39m[22m[90m (6)[39m
[2m   Start at [22m 23:31:38
[2m   Duration [22m 1.79s

[1m[42m PASS [49m[22m [32mWaiting for file changes...[39m
       [2mpress [22m[1mh[22m[2m to show help[22m[2m, [22m[2mpress [22m[1mq[22m[2m to quit[22m
c[3J[1m[44m RERUN [49m[22m [34m[2mtests/lib/background-job-worker.test.ts [22m[34mx3 [34m[39m

[90mstdout[2m | tests/lib/background-job-worker.test.ts[2m > [22m[2mBackgroundJobWorker - Crash Recovery[2m > [22m[2mshould resume a PROCESSING job and create remaining sessions with correct arguments
[22m[39mBackgroundJobWorker: Checking for pending jobs...

[90mstdout[2m | tests/lib/background-job-worker.test.ts[2m > [22m[2mBackgroundJobWorker - Crash Recovery[2m > [22m[2mshould resume a PROCESSING job and create remaining sessions with correct arguments
[22m[39mBackgroundJobWorker: Found 1 pending/processing jobs.

[90mstdout[2m | tests/lib/background-job-worker.test.ts[2m > [22m[2mBackgroundJobWorker - Crash Recovery[2m > [22m[2mshould resume a PROCESSING job and create remaining sessions with correct arguments
[22m[39mBackgroundJobWorker: Processing job test-job-crash-recovery (Test Recovery Job)
BackgroundJobWorker: Job test-job-crash-recovery has 2/4 sessions created.

[90mstdout[2m | tests/lib/background-job-worker.test.ts[2m > [22m[2mBackgroundJobWorker - Crash Recovery[2m > [22m[2mshould resume a PROCESSING job and create remaining sessions with correct arguments
[22m[39mBackgroundJobWorker: Job test-job-crash-recovery processed. Status: COMPLETED. Created 4/4 sessions.

[90mstdout[2m | tests/lib/background-job-worker.test.ts[2m > [22m[2mBackgroundJobWorker - Crash Recovery[2m > [22m[2mshould resume a PROCESSING job and create remaining sessions with correct arguments
[22m[39mBackgroundJobWorker: Checking for failed sessions to retry...

[90mstdout[2m | tests/lib/background-job-worker.test.ts[2m > [22m[2mBackgroundJobWorker - Crash Recovery[2m > [22m[2mshould resume a PROCESSING job and create remaining sessions with correct arguments
[22m[39mBackgroundJobWorker: Lock released.

 [32m✓[39m tests/lib/background-job-worker.test.ts [2m([22m[2m1 test[22m[2m)[22m[33m 4040[2mms[22m[39m
     [33m[2m✓[22m[39m should resume a PROCESSING job and create remaining sessions with correct arguments [33m 4038[2mms[22m[39m

[2m Test Files [22m [1m[32m1 passed[39m[22m[90m (1)[39m
[2m      Tests [22m [1m[32m1 passed[39m[22m[90m (1)[39m
[2m   Start at [22m 23:31:43
[2m   Duration [22m 5.35s

[1m[42m PASS [49m[22m [32mWaiting for file changes...[39m
       [2mpress [22m[1mh[22m[2m to show help[22m[2m, [22m[2mpress [22m[1mq[22m[2m to quit[22m
c[3J[1m[44m RERUN [49m[22m [34m[2mtests/lib/background-job-worker.test.ts [22m[34mx4 [34m[39m

[90mstdout[2m | tests/lib/background-job-worker.test.ts[2m > [22m[2mBackgroundJobWorker - Crash Recovery[2m > [22m[2mshould resume a PROCESSING job and create remaining sessions with correct arguments
[22m[39mBackgroundJobWorker: Checking for pending jobs...

[90mstdout[2m | tests/lib/background-job-worker.test.ts[2m > [22m[2mBackgroundJobWorker - Crash Recovery[2m > [22m[2mshould resume a PROCESSING job and create remaining sessions with correct arguments
[22m[39mBackgroundJobWorker: Found 1 pending/processing jobs.

[90mstdout[2m | tests/lib/background-job-worker.test.ts[2m > [22m[2mBackgroundJobWorker - Crash Recovery[2m > [22m[2mshould resume a PROCESSING job and create remaining sessions with correct arguments
[22m[39mBackgroundJobWorker: Processing job test-job-crash-recovery (Test Recovery Job)
BackgroundJobWorker: Job test-job-crash-recovery has 2/4 sessions created.

[90mstdout[2m | tests/lib/background-job-worker.test.ts[2m > [22m[2mBackgroundJobWorker - Crash Recovery[2m > [22m[2mshould resume a PROCESSING job and create remaining sessions with correct arguments
[22m[39mBackgroundJobWorker: Job test-job-crash-recovery processed. Status: COMPLETED. Created 4/4 sessions.

[90mstdout[2m | tests/lib/background-job-worker.test.ts[2m > [22m[2mBackgroundJobWorker - Crash Recovery[2m > [22m[2mshould resume a PROCESSING job and create remaining sessions with correct arguments
[22m[39mBackgroundJobWorker: Checking for failed sessions to retry...

[90mstdout[2m | tests/lib/background-job-worker.test.ts[2m > [22m[2mBackgroundJobWorker - Crash Recovery[2m > [22m[2mshould resume a PROCESSING job and create remaining sessions with correct arguments
[22m[39mBackgroundJobWorker: Lock released.

 [32m✓[39m tests/lib/background-job-worker.test.ts [2m([22m[2m1 test[22m[2m)[22m[33m 4037[2mms[22m[39m
     [33m[2m✓[22m[39m should resume a PROCESSING job and create remaining sessions with correct arguments [33m 4035[2mms[22m[39m

[2m Test Files [22m [1m[32m1 passed[39m[22m[90m (1)[39m
[2m      Tests [22m [1m[32m1 passed[39m[22m[90m (1)[39m
[2m   Start at [22m 23:31:51
[2m   Duration [22m 5.81s

[1m[42m PASS [49m[22m [32mWaiting for file changes...[39m
       [2mpress [22m[1mh[22m[2m to show help[22m[2m, [22m[2mpress [22m[1mq[22m[2m to quit[22m
