=== RUN   TestCronWorker_RunCheck
    setup_test.go:120: Created table index 0
    setup_test.go:120: Created table index 1
    setup_test.go:120: Created table index 2
    setup_test.go:120: Created table index 3
    setup_test.go:120: Created table index 4
[2026-01-14T20:23:06-08:00] info: Cron test-cron: LastRun 2026-01-14 20:21:06 -0800 PST, Next 2026-01-14 20:22:00 -0800 PST, Now 2026-01-14 20:23:06.94463268 -0800 PST m=+0.004737060
[2026-01-14T20:23:06-08:00] info: CronWorker: Job test-cron (1095e4fd-339d-4ef1-8be3-1d6ffc9b2845) is due (Next: 2026-01-14 20:22:00 -0800 PST, Now: 2026-01-14 20:23:06.94463268 -0800 PST m=+0.004737060)
[2026-01-14T20:23:06-08:00] error: CronWorker: Failed to create job for cron 1095e4fd-339d-4ef1-8be3-1d6ffc9b2845: failed to create job: no such table: jobs
    cron_test.go:61: 
        	Error Trace:	/home/kevin/jules-master/server/internal/worker/cron_test.go:61
        	Error:      	Should be true
        	Test:       	TestCronWorker_RunCheck
        	Messages:   	Job should have been created from cron
--- FAIL: TestCronWorker_RunCheck (0.00s)
=== RUN   TestSessionCacheWorker_RunCheck
    setup_test.go:120: Created table index 0
    setup_test.go:120: Created table index 1
    setup_test.go:120: Created table index 2
    setup_test.go:120: Created table index 3
    setup_test.go:120: Created table index 4
    session_cache_test.go:62: 
        	Error Trace:	/home/kevin/jules-master/server/internal/worker/session_cache_test.go:62
        	Error:      	"1768450926945" is not greater than "1768450926945"
        	Test:       	TestSessionCacheWorker_RunCheck
        	Messages:   	LastUpdated should be updated
--- FAIL: TestSessionCacheWorker_RunCheck (0.00s)
FAIL
FAIL	github.com/mcpany/jules/internal/worker	0.012s
FAIL
